---
source: fspec-tui/src/components/notification_dialog.rs
expression: rows
---
- "                                                                                "
- "                                                                                "
- "                                                                                "
- "                                                                                "
- "                                                                                "
- "                                                                                "
- "                                                                                "
- "                  ╭──────────────────────────────────────────╮                  "
- "                  │                                          │                  "
- "                  │ Success                                  │                  "
- "                  │                                          │                  "
- "                  │ Saved                                    │                  "
- "                  │                                          │                  "
- "                  │           Press ESC to dismiss           │                  "
- "                  │                                          │                  "
- "                  ╰──────────────────────────────────────────╯                  "
- "                                                                                "
- "                                                                                "
- "                                                                                "
- "                                                                                "
- "                                                                                "
- "                                                                                "
- "                                                                                "
- "                                                                                "
