---
source: fspec-tui/src/components/help_dialog.rs
assertion_line: 295
expression: rows
---
- "                                                                                "
- "                                                                                "
- "  ╭──────────────────────────────────────────────────────────────────────────╮  "
- "  │                                                                          │  "
- "  │ Help                                                                     │  "
- "  │                                                                          │  "
- "  │ Board keybindings:                                                     ■ │  "
- "  │                                                                        ■ │  "
- "  │ ↑/k, ↓/j      Navigate work units                                      ■ │  "
- "  │ ←/h, →/l      Cycle columns → menu items → chips                       ■ │  "
- "  │ Enter         Work / open focused unit                                 ■ │  "
- "  │ Enter (item)  Opens its dropdown menu                                  ■ │  "
- "  │ Enter (chip)  Opens that session                                       │ │  "
- "  │ Shift+Right   Open agent view                                          │ │  "
- "  │ .             New Agent                                                │ │  "
- "  │ [ / ]         Reorder (up / down)                                      │ │  "
- "  │ PageUp/PageDn Scroll column                                            │ │  "
- "  │ Home / End    First / Last                                             │ │  "
- "  │                                                                          │  "
- "  │                               ESC to close                               │  "
- "  │                                                                          │  "
- "  ╰──────────────────────────────────────────────────────────────────────────╯  "
- "                                                                                "
- "                                                                                "
