---
source: fspec-tui/src/components/error_dialog.rs
expression: rows
---
- "                                                                                "
- "                                                                                "
- "                                                                                "
- "                                                                                "
- "                                                                                "
- "                                                                                "
- "                                                                                "
- "                  ╭──────────────────────────────────────────╮                  "
- "                  │                                          │                  "
- "                  │ Error                                    │                  "
- "                  │                                          │                  "
- "                  │ Disk full                                │                  "
- "                  │                                          │                  "
- "                  │           Press ESC to dismiss           │                  "
- "                  │                                          │                  "
- "                  ╰──────────────────────────────────────────╯                  "
- "                                                                                "
- "                                                                                "
- "                                                                                "
- "                                                                                "
- "                                                                                "
- "                                                                                "
- "                                                                                "
- "                                                                                "
