---
source: fspec-tui/src/views/agent/slash_command_popup.rs
assertion_line: 290
expression: rows
---
- "        ╭─────────────────────────────────────────────────────────────╮         "
- "        │                                                             │         "
- "        │ Slash Commands                                              │         "
- "        │                                                             │         "
- "        │ ▸ /help            Show help dialog                         │         "
- "        │   /clear           Clear conversation history               │         "
- "        │   /quit            Quit fspec TUI                           │         "
- "        │   /model           Select AI model                          │         "
- "        │   /thinking        Set base thinking level                  │         "
- "        │   /role            Set or edit session role                 │         "
- "        │   /resume          Resume a previous session                │         "
- "        │   /search          Search command history                   │         "
- "        │   /provider        Configure API providers                  │         "
- "        │   /debug           Toggle debug capture mode                │         "
- "        │   /compact         Compact context window                   │         "
- "        │   /isolation       Toggle worktree isolation                │         "
- "        │   /blocklist       Manage blocklist rules                   │         "
- "        │   /detach          Detach session from work unit            │         "
- "        │   /merge-worktree  Merge worktree changes and close session │         "
- "        │ ↓                                                           │         "
- "        │                                                             │         "
- "        │         ↑↓ Navigate │ Tab/Enter Select │ Esc Close          │         "
- "        │                                                             │         "
- "        ╰─────────────────────────────────────────────────────────────╯         "
