---
source: fspec-tui/src/views/agent/slash_command_popup.rs
assertion_line: 610
expression: rows
---
- "              ╭──────────────────────────────────────────────────╮              "
- "              │                                                  │              "
- "              │ Slash Commands                                   │              "
- "              │                                                  │              "
- "              │ ▸ /help            Show help dialog              │              "
- "              │   /clear           Clear conversation history    │              "
- "              │   /quit            Quit fspec TUI                │              "
- "              │   /model           Select AI model               │              "
- "              │   /thinking        Set base thinking level       │              "
- "              │   /role            Set or edit session role      │              "
- "              │   /resume          Resume a previous session     │              "
- "              │   /search          Search command history        │              "
- "              │   /provider        Configure API providers       │              "
- "              │   /providers       Open provider settings        │              "
- "              │   /debug           Toggle debug capture mode     │              "
- "              │   /compact         Compact context window        │              "
- "              │   /isolation       Toggle worktree isolation     │              "
- "              │   /blocklist       Manage blocklist rules        │              "
- "              │   /detach          Detach session from work unit │              "
- "              │ ↓                                                │              "
- "              │                                                  │              "
- "              │    ↑↓ Navigate │ Tab/Enter Select │ Esc Close    │              "
- "              │                                                  │              "
- "              ╰──────────────────────────────────────────────────╯              "
