
> @sengac/fspec@0.6.0 test
> npm run build && vitest run


> @sengac/fspec@0.6.0 build
> vite build && npx esbuild src/git/diff-worker.ts --bundle --platform=node --target=node18 --format=esm --outfile=dist/git/diff-worker.js --external:worker_threads --external:isomorphic-git && chmod +x dist/index.js

vite v7.1.9 building for production...
transforming...
✓ 522 modules transformed.
rendering chunks...
computing gzip size...
dist/index.js  1,274.11 kB │ gzip: 304.64 kB
✓ built in 947ms

  dist/git/diff-worker.js  12.7kb

⚡ Done in 4ms

[1m[46m RUN [49m[22m [36mv4.0.1 [39m[90m/Users/rquast/projects/fspec[39m

[?1000h [32m✓[39m src/tui/__tests__/BoardView-checkpoint-integration.test.tsx [2m([22m[2m1 test[22m[2m)[22m[32m 151[2mms[22m[39m
[?1000l [32m✓[39m src/utils/__tests__/file-manager.test.ts [2m([22m[2m15 tests[22m[2m)[22m[33m 1045[2mms[22m[39m
       [33m[2m✓[22m[39m should prevent file corruption when read and write happen simultaneously [33m 357[2mms[22m[39m
[90mstdout[2m | src/commands/__tests__/cli-command-registration.test.ts[2m > [22m[2mFeature: Complete CLI Command Registration[2m > [22m[2mScenario: Verify all 40 missing commands are registered[2m > [22m[2mshould have all commands accessible via CLI
[22m[39m
Registered commands (39):
  - add-assumption
  - add-dependencies
  - add-dependency
  - add-example
  - add-question
  - add-rule
  - answer-question
  - auto-advance
  - board
  - clear-dependencies
  - create-prefix
  - delete-epic
  - delete-work-unit
  - export-dependencies
  - export-example-map
  - export-work-units
  - generate-scenarios
  - generate-summary-report
  - import-example-map
  - prioritize-work-unit
  - query-dependency-stats
  - query-estimate-accuracy
  - query-estimation-guide
  - query-example-mapping-stats
  - query-metrics
  - query-work-units
  - record-iteration
  - record-tokens
  - remove-dependency
  - remove-example
  - remove-question
  - remove-rule
  - repair-work-units
  - update-prefix
  - update-work-unit
  - update-work-unit-estimate
  - update-work-unit-status
  - validate-spec-alignment
  - validate-work-units

[90mstdout[2m | src/commands/__tests__/cli-command-registration.test.ts[2m > [22m[2mFeature: Complete CLI Command Registration[2m > [22m[2mScenario: Register prioritize-work-unit command[2m > [22m[2mshould move work unit to top of backlog
[22m[39m⚠ Migrating work-units.json from v0.6.0 to 0.7.0...

[90mstdout[2m | src/commands/__tests__/cli-command-registration.test.ts[2m > [22m[2mFeature: Complete CLI Command Registration[2m > [22m[2mScenario: Register prioritize-work-unit command[2m > [22m[2mshould move work unit to top of backlog
[22m[39mBackup created: spec/work-units.json.backup-0.7.0-1762071733419
Applying: stable-indices (0.7.0)

[90mstdout[2m | src/commands/__tests__/cli-command-registration.test.ts[2m > [22m[2mFeature: Complete CLI Command Registration[2m > [22m[2mScenario: Register prioritize-work-unit command[2m > [22m[2mshould move work unit to top of backlog
[22m[39m✓ Migration complete: v0.6.0 → 0.7.0

[90mstdout[2m | src/commands/__tests__/cli-command-registration.test.ts[2m > [22m[2mFeature: Complete CLI Command Registration[2m > [22m[2mScenario: Register update-work-unit command[2m > [22m[2mshould update work unit title
[22m[39m⚠ Migrating work-units.json from v0.6.0 to 0.7.0...

[90mstdout[2m | src/commands/__tests__/cli-command-registration.test.ts[2m > [22m[2mFeature: Complete CLI Command Registration[2m > [22m[2mScenario: Register update-work-unit command[2m > [22m[2mshould update work unit title
[22m[39mBackup created: spec/work-units.json.backup-0.7.0-1762071733429
Applying: stable-indices (0.7.0)

[90mstdout[2m | src/commands/__tests__/cli-command-registration.test.ts[2m > [22m[2mFeature: Complete CLI Command Registration[2m > [22m[2mScenario: Register update-work-unit command[2m > [22m[2mshould update work unit title
[22m[39m✓ Migration complete: v0.6.0 → 0.7.0

[90mstdout[2m | src/commands/__tests__/cli-command-registration.test.ts[2m > [22m[2mFeature: Complete CLI Command Registration[2m > [22m[2mScenario: Register delete-work-unit command[2m > [22m[2mshould delete work unit
[22m[39m⚠ Migrating work-units.json from v0.6.0 to 0.7.0...

[90mstdout[2m | src/commands/__tests__/cli-command-registration.test.ts[2m > [22m[2mFeature: Complete CLI Command Registration[2m > [22m[2mScenario: Register delete-work-unit command[2m > [22m[2mshould delete work unit
[22m[39mBackup created: spec/work-units.json.backup-0.7.0-1762071733437
Applying: stable-indices (0.7.0)

[90mstdout[2m | src/commands/__tests__/cli-command-registration.test.ts[2m > [22m[2mFeature: Complete CLI Command Registration[2m > [22m[2mScenario: Register delete-work-unit command[2m > [22m[2mshould delete work unit
[22m[39m✓ Migration complete: v0.6.0 → 0.7.0

[90mstdout[2m | src/commands/__tests__/cli-command-registration.test.ts[2m > [22m[2mFeature: Complete CLI Command Registration[2m > [22m[2mScenario: Register update-work-unit-status command[2m > [22m[2mshould update work unit status following ACDD workflow
[22m[39m⚠ Migrating work-units.json from v0.6.0 to 0.7.0...

[90mstdout[2m | src/commands/__tests__/cli-command-registration.test.ts[2m > [22m[2mFeature: Complete CLI Command Registration[2m > [22m[2mScenario: Register update-work-unit-status command[2m > [22m[2mshould update work unit status following ACDD workflow
[22m[39mBackup created: spec/work-units.json.backup-0.7.0-1762071733518
Applying: stable-indices (0.7.0)

[90mstdout[2m | src/commands/__tests__/cli-command-registration.test.ts[2m > [22m[2mFeature: Complete CLI Command Registration[2m > [22m[2mScenario: Register update-work-unit-status command[2m > [22m[2mshould update work unit status following ACDD workflow
[22m[39m✓ Migration complete: v0.6.0 → 0.7.0

 [32m✓[39m src/commands/__tests__/cli-command-registration.test.ts [2m([22m[2m6 tests[22m[2m)[22m[33m 60977[2mms[22m[39m
       [33m[2m✓[22m[39m should have all commands accessible via CLI [33m 18225[2mms[22m[39m
       [33m[2m✓[22m[39m should have all command functions registered in CLI [33m 42597[2mms[22m[39m
[?1000h[90mstdout[2m | src/tui/__tests__/BoardView-git-watcher-fix.test.tsx[2m > [22m[2mFeature: Git file watchers broken due to direct file watching and atomic operations[2m > [22m[2mScenario: Chokidar watcher detects git stash on macOS[2m > [22m[2mshould detect file change events via chokidar watcher
[22m[39m⚠ Migrating work-units.json from v0.6.0 to 0.7.0...

[90mstdout[2m | src/tui/__tests__/BoardView-git-watcher-fix.test.tsx[2m > [22m[2mFeature: Git file watchers broken due to direct file watching and atomic operations[2m > [22m[2mScenario: Chokidar watcher detects git stash on macOS[2m > [22m[2mshould detect file change events via chokidar watcher
[22m[39mBackup created: spec/work-units.json.backup-0.7.0-1762071776471
Applying: stable-indices (0.7.0)

[90mstdout[2m | src/tui/__tests__/BoardView-git-watcher-fix.test.tsx[2m > [22m[2mFeature: Git file watchers broken due to direct file watching and atomic operations[2m > [22m[2mScenario: Chokidar watcher detects git stash on macOS[2m > [22m[2mshould detect file change events via chokidar watcher
[22m[39m✓ Migration complete: v0.6.0 → 0.7.0

[?1000l[?1000h[90mstdout[2m | src/tui/__tests__/BoardView-git-watcher-fix.test.tsx[2m > [22m[2mFeature: Git file watchers broken due to direct file watching and atomic operations[2m > [22m[2mScenario: Error handler prevents silent watcher failures[2m > [22m[2mshould handle watcher errors gracefully without crashing
[22m[39m⚠ Migrating work-units.json from v0.6.0 to 0.7.0...

[90mstdout[2m | src/tui/__tests__/BoardView-git-watcher-fix.test.tsx[2m > [22m[2mFeature: Git file watchers broken due to direct file watching and atomic operations[2m > [22m[2mScenario: Error handler prevents silent watcher failures[2m > [22m[2mshould handle watcher errors gracefully without crashing
[22m[39mBackup created: spec/work-units.json.backup-0.7.0-1762071777992
Applying: stable-indices (0.7.0)

[90mstdout[2m | src/tui/__tests__/BoardView-git-watcher-fix.test.tsx[2m > [22m[2mFeature: Git file watchers broken due to direct file watching and atomic operations[2m > [22m[2mScenario: Error handler prevents silent watcher failures[2m > [22m[2mshould handle watcher errors gracefully without crashing
[22m[39m✓ Migration complete: v0.6.0 → 0.7.0

[?1000l[?1000h[90mstdout[2m | src/tui/__tests__/BoardView-git-watcher-fix.test.tsx[2m > [22m[2mFeature: Git file watchers broken due to direct file watching and atomic operations[2m > [22m[2mScenario: Chokidar watches only specific git files[2m > [22m[2mshould watch specific files (.git/index, .git/HEAD, .git/refs/stash) not directories
[22m[39m⚠ Migrating work-units.json from v0.6.0 to 0.7.0...

[90mstdout[2m | src/tui/__tests__/BoardView-git-watcher-fix.test.tsx[2m > [22m[2mFeature: Git file watchers broken due to direct file watching and atomic operations[2m > [22m[2mScenario: Chokidar watches only specific git files[2m > [22m[2mshould watch specific files (.git/index, .git/HEAD, .git/refs/stash) not directories
[22m[39mBackup created: spec/work-units.json.backup-0.7.0-1762071778321
Applying: stable-indices (0.7.0)

[90mstdout[2m | src/tui/__tests__/BoardView-git-watcher-fix.test.tsx[2m > [22m[2mFeature: Git file watchers broken due to direct file watching and atomic operations[2m > [22m[2mScenario: Chokidar watches only specific git files[2m > [22m[2mshould watch specific files (.git/index, .git/HEAD, .git/refs/stash) not directories
[22m[39m✓ Migration complete: v0.6.0 → 0.7.0

[?1000l[?1000h[90mstdout[2m | src/tui/__tests__/BoardView-git-watcher-fix.test.tsx[2m > [22m[2mFeature: Git file watchers broken due to direct file watching and atomic operations[2m > [22m[2mScenario: Chokidar handles atomic operations cross-platform[2m > [22m[2mshould detect both atomic renames and in-place updates
[22m[39m⚠ Migrating work-units.json from v0.6.0 to 0.7.0...

[90mstdout[2m | src/tui/__tests__/BoardView-git-watcher-fix.test.tsx[2m > [22m[2mFeature: Git file watchers broken due to direct file watching and atomic operations[2m > [22m[2mScenario: Chokidar handles atomic operations cross-platform[2m > [22m[2mshould detect both atomic renames and in-place updates
[22m[39mBackup created: spec/work-units.json.backup-0.7.0-1762071781158
Applying: stable-indices (0.7.0)

[90mstdout[2m | src/tui/__tests__/BoardView-git-watcher-fix.test.tsx[2m > [22m[2mFeature: Git file watchers broken due to direct file watching and atomic operations[2m > [22m[2mScenario: Chokidar handles atomic operations cross-platform[2m > [22m[2mshould detect both atomic renames and in-place updates
[22m[39m✓ Migration complete: v0.6.0 → 0.7.0

[?1000l [32m✓[39m src/tui/__tests__/BoardView-git-watcher-fix.test.tsx [2m([22m[2m4 tests[22m[2m)[22m[33m 7733[2mms[22m[39m
       [33m[2m✓[22m[39m should detect file change events via chokidar watcher [33m 1545[2mms[22m[39m
       [33m[2m✓[22m[39m should handle watcher errors gracefully without crashing [33m 325[2mms[22m[39m
       [33m[2m✓[22m[39m should watch specific files (.git/index, .git/HEAD, .git/refs/stash) not directories [33m 2831[2mms[22m[39m
       [33m[2m✓[22m[39m should detect both atomic renames and in-place updates [33m 3029[2mms[22m[39m
 [32m✓[39m src/hooks/__tests__/executor-execa-migration.test.ts [2m([22m[2m5 tests[22m[2m)[22m[33m 5229[2mms[22m[39m
       [33m[2m✓[22m[39m should execute hook using execa and capture all output fields [33m 452[2mms[22m[39m
       [33m[2m✓[22m[39m should use execa with AbortController to kill hook after timeout [33m 2006[2mms[22m[39m
       [33m[2m✓[22m[39m should execute hooks sequentially using execa [33m 2270[2mms[22m[39m
[?1000h[90mstdout[2m | src/tui/__tests__/work-unit-details-formatting.test.tsx[2m > [22m[2mFeature: Improve work unit details panel formatting[2m > [22m[2mScenario: Display work unit with short description (1 line)[2m > [22m[2mshould display ID+Title on line 1, description on line 2, empty lines 3-4, metadata on line 5, NO header, NO padding
[22m[39m⚠ Migrating work-units.json from v0.6.0 to 0.7.0...

[90mstdout[2m | src/tui/__tests__/work-unit-details-formatting.test.tsx[2m > [22m[2mFeature: Improve work unit details panel formatting[2m > [22m[2mScenario: Display work unit with short description (1 line)[2m > [22m[2mshould display ID+Title on line 1, description on line 2, empty lines 3-4, metadata on line 5, NO header, NO padding
[22m[39mBackup created: spec/work-units.json.backup-0.7.0-1762071789874
Applying: stable-indices (0.7.0)

[90mstdout[2m | src/tui/__tests__/work-unit-details-formatting.test.tsx[2m > [22m[2mFeature: Improve work unit details panel formatting[2m > [22m[2mScenario: Display work unit with short description (1 line)[2m > [22m[2mshould display ID+Title on line 1, description on line 2, empty lines 3-4, metadata on line 5, NO header, NO padding
[22m[39m✓ Migration complete: v0.6.0 → 0.7.0

[?1000h[90mstdout[2m | src/tui/__tests__/work-unit-details-formatting.test.tsx[2m > [22m[2mFeature: Improve work unit details panel formatting[2m > [22m[2mScenario: Display work unit with no description[2m > [22m[2mshould display ID+Title on line 1, empty lines 2-4, metadata on line 5, NO header, NO padding
[22m[39m⚠ Migrating work-units.json from v0.6.0 to 0.7.0...

[90mstdout[2m | src/tui/__tests__/work-unit-details-formatting.test.tsx[2m > [22m[2mFeature: Improve work unit details panel formatting[2m > [22m[2mScenario: Display work unit with no description[2m > [22m[2mshould display ID+Title on line 1, empty lines 2-4, metadata on line 5, NO header, NO padding
[22m[39mBackup created: spec/work-units.json.backup-0.7.0-1762071790893
Applying: stable-indices (0.7.0)

[90mstdout[2m | src/tui/__tests__/work-unit-details-formatting.test.tsx[2m > [22m[2mFeature: Improve work unit details panel formatting[2m > [22m[2mScenario: Display work unit with no description[2m > [22m[2mshould display ID+Title on line 1, empty lines 2-4, metadata on line 5, NO header, NO padding
[22m[39m✓ Migration complete: v0.6.0 → 0.7.0

[?1000h[90mstdout[2m | src/tui/__tests__/work-unit-details-formatting.test.tsx[2m > [22m[2mFeature: Improve work unit details panel formatting[2m > [22m[2mScenario: Display work unit with long description (exceeds 2 lines)[2m > [22m[2mshould display ID+Title on line 1, first 2 desc lines on lines 2-3 with ... truncation, metadata on line 4
[22m[39m⚠ Migrating work-units.json from v0.6.0 to 0.7.0...

[90mstdout[2m | src/tui/__tests__/work-unit-details-formatting.test.tsx[2m > [22m[2mFeature: Improve work unit details panel formatting[2m > [22m[2mScenario: Display work unit with long description (exceeds 2 lines)[2m > [22m[2mshould display ID+Title on line 1, first 2 desc lines on lines 2-3 with ... truncation, metadata on line 4
[22m[39mBackup created: spec/work-units.json.backup-0.7.0-1762071791949
Applying: stable-indices (0.7.0)

[90mstdout[2m | src/tui/__tests__/work-unit-details-formatting.test.tsx[2m > [22m[2mFeature: Improve work unit details panel formatting[2m > [22m[2mScenario: Display work unit with long description (exceeds 2 lines)[2m > [22m[2mshould display ID+Title on line 1, first 2 desc lines on lines 2-3 with ... truncation, metadata on line 4
[22m[39m✓ Migration complete: v0.6.0 → 0.7.0

[?1000h[90mstdout[2m | src/tui/__tests__/work-unit-details-formatting.test.tsx[2m > [22m[2mFeature: Improve work unit details panel formatting[2m > [22m[2mScenario: Display work unit with exactly 2 lines of description[2m > [22m[2mshould display ID+Title on line 1, both desc lines on lines 2-3 WITHOUT ... truncation, metadata on line 4
[22m[39m⚠ Migrating work-units.json from v0.6.0 to 0.7.0...

[90mstdout[2m | src/tui/__tests__/work-unit-details-formatting.test.tsx[2m > [22m[2mFeature: Improve work unit details panel formatting[2m > [22m[2mScenario: Display work unit with exactly 2 lines of description[2m > [22m[2mshould display ID+Title on line 1, both desc lines on lines 2-3 WITHOUT ... truncation, metadata on line 4
[22m[39mBackup created: spec/work-units.json.backup-0.7.0-1762071793021
Applying: stable-indices (0.7.0)

[90mstdout[2m | src/tui/__tests__/work-unit-details-formatting.test.tsx[2m > [22m[2mFeature: Improve work unit details panel formatting[2m > [22m[2mScenario: Display work unit with exactly 2 lines of description[2m > [22m[2mshould display ID+Title on line 1, both desc lines on lines 2-3 WITHOUT ... truncation, metadata on line 4
[22m[39m✓ Migration complete: v0.6.0 → 0.7.0

[?1000h[90mstdout[2m | src/tui/__tests__/work-unit-details-formatting.test.tsx[2m > [22m[2mFeature: Improve work unit details panel formatting[2m > [22m[2mScenario: Display empty state when no work unit selected[2m > [22m[2mshould display "No work unit selected" centered on line 1, empty lines 2-4, NO header
[22m[39m⚠ Migrating work-units.json from v0.6.0 to 0.7.0...

[90mstdout[2m | src/tui/__tests__/work-unit-details-formatting.test.tsx[2m > [22m[2mFeature: Improve work unit details panel formatting[2m > [22m[2mScenario: Display empty state when no work unit selected[2m > [22m[2mshould display "No work unit selected" centered on line 1, empty lines 2-4, NO header
[22m[39mBackup created: spec/work-units.json.backup-0.7.0-1762071794095
Applying: stable-indices (0.7.0)

[90mstdout[2m | src/tui/__tests__/work-unit-details-formatting.test.tsx[2m > [22m[2mFeature: Improve work unit details panel formatting[2m > [22m[2mScenario: Display empty state when no work unit selected[2m > [22m[2mshould display "No work unit selected" centered on line 1, empty lines 2-4, NO header
[22m[39m✓ Migration complete: v0.6.0 → 0.7.0

 [32m✓[39m src/tui/__tests__/work-unit-details-formatting.test.tsx [2m([22m[2m5 tests[22m[2m)[22m[33m 5275[2mms[22m[39m
       [33m[2m✓[22m[39m should display ID+Title on line 1, description on line 2, empty lines 3-4, metadata on line 5, NO header, NO padding [33m 1042[2mms[22m[39m
       [33m[2m✓[22m[39m should display ID+Title on line 1, empty lines 2-4, metadata on line 5, NO header, NO padding [33m 1029[2mms[22m[39m
       [33m[2m✓[22m[39m should display ID+Title on line 1, first 2 desc lines on lines 2-3 with ... truncation, metadata on line 4 [33m 1066[2mms[22m[39m
       [33m[2m✓[22m[39m should display ID+Title on line 1, both desc lines on lines 2-3 WITHOUT ... truncation, metadata on line 4 [33m 1066[2mms[22m[39m
       [33m[2m✓[22m[39m should display "No work unit selected" centered on line 1, empty lines 2-4, NO header [33m 1070[2mms[22m[39m
[?1000l[?1000l[?1000l[?1000l[?1000l [32m✓[39m src/commands/__tests__/sync-version.test.ts [2m([22m[2m9 tests[22m[2m)[22m[33m 4310[2mms[22m[39m
       [33m[2m✓[22m[39m should detect version mismatch, update files, show Claude-specific restart message, and exit with code 1 [33m 480[2mms[22m[39m
       [33m[2m✓[22m[39m should detect version match, not update files, print nothing, and exit with code 0 [33m 474[2mms[22m[39m
       [33m[2m✓[22m[39m should update Cursor files and show plain text restart message (no system-reminder tags) [33m 483[2mms[22m[39m
       [33m[2m✓[22m[39m should detect agent from filesystem and use generic restart message [33m 485[2mms[22m[39m
       [33m[2m✓[22m[39m should generate fspec.md with current version in --sync-version command [33m 476[2mms[22m[39m
       [33m[2m✓[22m[39m should emit tool configuration system-reminders and exit with code 1 when tools not configured [33m 479[2mms[22m[39m
       [33m[2m✓[22m[39m should exit with code 1 when tool config is missing and stop AI workflow [33m 483[2mms[22m[39m
       [33m[2m✓[22m[39m should exit with code 1 when version mismatch and show error with expected/provided versions [33m 478[2mms[22m[39m
       [33m[2m✓[22m[39m should emit system-reminder and exit with code 1 when config file does not exist [33m 469[2mms[22m[39m
[?1000h[?1000h[?1000h[?1000h[?1000h[?1000h[?1000h[?1000h[?1000h[?1000h[?1000h[?1000h [32m✓[39m src/tui/__tests__/BoardView-table-layout.test.tsx [2m([22m[2m12 tests[22m[2m)[22m[33m 3806[2mms[22m[39m
       [33m[2m✓[22m[39m should highlight focused column header in cyan [33m 354[2mms[22m[39m
       [33m[2m✓[22m[39m should move selection down by 1 work unit [33m 454[2mms[22m[39m
       [33m[2m✓[22m[39m should show up and down arrow indicators when in middle [33m 620[2mms[22m[39m
       [33m[2m✓[22m[39m should use useMemo with terminalWidth dependency for column width [33m 421[2mms[22m[39m
       [33m[2m✓[22m[39m should maintain proper box-drawing character alignment after resize [33m 348[2mms[22m[39m
[?1000l[?1000l[?1000l[?1000l[?1000l[?1000l[?1000l[?1000l[?1000l[?1000l[?1000l[?1000l [32m✓[39m src/hooks/__tests__/executor.test.ts [2m([22m[2m7 tests[22m[2m)[22m[33m 3923[2mms[22m[39m
       [33m[2m✓[22m[39m should halt command execution on blocking hook failure [33m 306[2mms[22m[39m
       [33m[2m✓[22m[39m should kill hook process after timeout [33m 1004[2mms[22m[39m
       [33m[2m✓[22m[39m should execute hooks in order, one after another [33m 1490[2mms[22m[39m
       [33m[2m✓[22m[39m should capture both stdout and stderr [33m 333[2mms[22m[39m
 [32m✓[39m src/commands/__tests__/command-help-system.test.ts [2m([22m[2m6 tests[22m[2m)[22m[33m 2783[2mms[22m[39m
       [33m[2m✓[22m[39m should display comprehensive help for create-epic command [33m 474[2mms[22m[39m
       [33m[2m✓[22m[39m should display help with WHEN TO USE and workflow sections for list-work-units [33m 455[2mms[22m[39m
       [33m[2m✓[22m[39m should display comprehensive help with COMMON ERRORS for add-dependency [33m 464[2mms[22m[39m
       [33m[2m✓[22m[39m should display help with PREREQUISITES and workflow states for update-work-unit-status [33m 460[2mms[22m[39m
       [33m[2m✓[22m[39m should display note about command-specific help in main help [33m 466[2mms[22m[39m
       [33m[2m✓[22m[39m should display help with COMMON PATTERNS for add-question [33m 461[2mms[22m[39m
 [32m✓[39m src/commands/__tests__/foundation-existence-check.test.ts [2m([22m[2m4 tests[22m[2m)[22m[33m 2199[2mms[22m[39m
       [33m[2m✓[22m[39m should exit with error and system reminder to retry board command [33m 705[2mms[22m[39m
       [33m[2m✓[22m[39m should exit with error and system reminder including original command [33m 475[2mms[22m[39m
       [33m[2m✓[22m[39m should execute normally with no foundation check error [33m 535[2mms[22m[39m
       [33m[2m✓[22m[39m should execute normally without foundation check [33m 483[2mms[22m[39m
[?1000h[90mstdout[2m | src/tui/__tests__/BoardView-git-context-work-unit-details.test.tsx[2m > [22m[2mFeature: Consolidate Git info and add work unit details panel[2m > [22m[2mScenario: Git Context panel combines stashes and changed files[2m > [22m[2mshould display git stashes and changed files in single panel
[22m[39m⚠ Migrating work-units.json from v0.6.0 to 0.7.0...

[90mstdout[2m | src/tui/__tests__/BoardView-git-context-work-unit-details.test.tsx[2m > [22m[2mFeature: Consolidate Git info and add work unit details panel[2m > [22m[2mScenario: Git Context panel combines stashes and changed files[2m > [22m[2mshould display git stashes and changed files in single panel
[22m[39mBackup created: spec/work-units.json.backup-0.7.0-1762071813327
Applying: stable-indices (0.7.0)

[90mstdout[2m | src/tui/__tests__/BoardView-git-context-work-unit-details.test.tsx[2m > [22m[2mFeature: Consolidate Git info and add work unit details panel[2m > [22m[2mScenario: Git Context panel combines stashes and changed files[2m > [22m[2mshould display git stashes and changed files in single panel
[22m[39m✓ Migration complete: v0.6.0 → 0.7.0

[?1000h[90mstdout[2m | src/tui/__tests__/BoardView-git-context-work-unit-details.test.tsx[2m > [22m[2mFeature: Consolidate Git info and add work unit details panel[2m > [22m[2mScenario: Work Unit Details panel shows selected work unit metadata[2m > [22m[2mshould display selected work unit with icon, title, truncated description, and metadata
[22m[39m⚠ Migrating work-units.json from v0.6.0 to 0.7.0...

[90mstdout[2m | src/tui/__tests__/BoardView-git-context-work-unit-details.test.tsx[2m > [22m[2mFeature: Consolidate Git info and add work unit details panel[2m > [22m[2mScenario: Work Unit Details panel shows selected work unit metadata[2m > [22m[2mshould display selected work unit with icon, title, truncated description, and metadata
[22m[39mBackup created: spec/work-units.json.backup-0.7.0-1762071813439
Applying: stable-indices (0.7.0)

[90mstdout[2m | src/tui/__tests__/BoardView-git-context-work-unit-details.test.tsx[2m > [22m[2mFeature: Consolidate Git info and add work unit details panel[2m > [22m[2mScenario: Work Unit Details panel shows selected work unit metadata[2m > [22m[2mshould display selected work unit with icon, title, truncated description, and metadata
[22m[39m✓ Migration complete: v0.6.0 → 0.7.0

[?1000h[90mstdout[2m | src/tui/__tests__/BoardView-git-context-work-unit-details.test.tsx[2m > [22m[2mFeature: Consolidate Git info and add work unit details panel[2m > [22m[2mScenario: Work Unit Details panel shows empty state when nothing selected[2m > [22m[2mshould display user-friendly message when no work unit is selected
[22m[39m⚠ Migrating work-units.json from v0.6.0 to 0.7.0...

[90mstdout[2m | src/tui/__tests__/BoardView-git-context-work-unit-details.test.tsx[2m > [22m[2mFeature: Consolidate Git info and add work unit details panel[2m > [22m[2mScenario: Work Unit Details panel shows empty state when nothing selected[2m > [22m[2mshould display user-friendly message when no work unit is selected
[22m[39mBackup created: spec/work-units.json.backup-0.7.0-1762071814499
Applying: stable-indices (0.7.0)

[90mstdout[2m | src/tui/__tests__/BoardView-git-context-work-unit-details.test.tsx[2m > [22m[2mFeature: Consolidate Git info and add work unit details panel[2m > [22m[2mScenario: Work Unit Details panel shows empty state when nothing selected[2m > [22m[2mshould display user-friendly message when no work unit is selected
[22m[39m✓ Migration complete: v0.6.0 → 0.7.0

 [32m✓[39m src/tui/__tests__/BoardView-git-context-work-unit-details.test.tsx [2m([22m[2m3 tests[22m[2m)[22m[33m 2220[2mms[22m[39m
       [33m[2m✓[22m[39m should display selected work unit with icon, title, truncated description, and metadata [33m 1026[2mms[22m[39m
       [33m[2m✓[22m[39m should display user-friendly message when no work unit is selected [33m 1062[2mms[22m[39m
[?1000l[?1000l[?1000l [32m✓[39m src/__tests__/tui-launcher.test.ts [2m([22m[2m4 tests[22m[2m)[22m[33m 2078[2mms[22m[39m
       [33m[2m✓[22m[39m should launch the interactive TUI when no arguments provided in TTY environment [33m 512[2mms[22m[39m
       [33m[2m✓[22m[39m should display help text and NOT launch TUI [33m 497[2mms[22m[39m
       [33m[2m✓[22m[39m should execute validate command and NOT launch TUI [33m 571[2mms[22m[39m
       [33m[2m✓[22m[39m should exit with error in CI/non-TTY environment [33m 497[2mms[22m[39m
 [32m✓[39m src/hooks/__tests__/integration.test.ts [2m([22m[2m7 tests[22m[2m)[22m[33m 1921[2mms[22m[39m
       [33m[2m✓[22m[39m should execute pre and post hooks with context [33m 486[2mms[22m[39m
[?1000h[?1000h[?1000h[?1000h[90mstderr[2m | src/tui/__tests__/BoardView-interactive-kanban.test.tsx[2m > [22m[2mFeature: Interactive Kanban board CLI[2m > [22m[2mScenario: Open detail view with Enter key[2m > [22m[2mshould display work unit details when Enter is pressed
[22m[39mReact has detected a change in the order of Hooks called by BoardView. This will lead to bugs and errors if not fixed. For more information, read the Rules of Hooks: https://react.dev/link/rules-of-hooks

   Previous render            Next render
   ------------------------------------------------------
1. useCallback                useCallback
2. useCallback                useCallback
3. useSyncExternalStore       useSyncExternalStore
4. useDebugValue              useDebugValue
5. useCallback                useCallback
6. useCallback                useCallback
7. useSyncExternalStore       useSyncExternalStore
8. useDebugValue              useDebugValue
9. useCallback                useCallback
10. useCallback               useCallback
11. useSyncExternalStore      useSyncExternalStore
12. useDebugValue             useDebugValue
13. useCallback               useCallback
14. useCallback               useCallback
15. useSyncExternalStore      useSyncExternalStore
16. useDebugValue             useDebugValue
17. useCallback               useCallback
18. useCallback               useCallback
19. useSyncExternalStore      useSyncExternalStore
20. useDebugValue             useDebugValue
21. useCallback               useCallback
22. useCallback               useCallback
23. useSyncExternalStore      useSyncExternalStore
24. useDebugValue             useDebugValue
25. useCallback               useCallback
26. useCallback               useCallback
27. useSyncExternalStore      useSyncExternalStore
28. useDebugValue             useDebugValue
29. useCallback               useCallback
30. useCallback               useCallback
31. useSyncExternalStore      useSyncExternalStore
32. useDebugValue             useDebugValue
33. useCallback               useCallback
34. useCallback               useCallback
35. useSyncExternalStore      useSyncExternalStore
36. useDebugValue             useDebugValue
37. useCallback               useCallback
38. useCallback               useCallback
39. useSyncExternalStore      useSyncExternalStore
40. useDebugValue             useDebugValue
41. useCallback               useCallback
42. useCallback               useCallback
43. useSyncExternalStore      useSyncExternalStore
44. useDebugValue             useDebugValue
45. useState                  useState
46. useState                  useState
47. useState                  useState
48. useState                  useState
49. useState                  useState
50. useState                  useState
51. useEffect                 useEffect
52. useEffect                 useEffect
53. useEffect                 useEffect
54. useEffect                 useEffect
55. useEffect                 useEffect
56. useEffect                 useEffect
57. useEffect                 useEffect
58. useContext                useContext
59. useEffect                 useEffect
60. useEffect                 useEffect
61. undefined                 useContext
   ^^^^^^^^^^^^^^^^^^^^^^^^^^^^^^^^^^^^^^^^^^^^^^^^^^^^^^


[?1000h[?1000h[?1000h[?1000h[?1000h [32m✓[39m src/tui/__tests__/BoardView-interactive-kanban.test.tsx [2m([22m[2m8 tests[22m[2m)[22m[33m 2059[2mms[22m[39m
       [33m[2m✓[22m[39m should move selection from first to second work unit when ↓ pressed [33m 327[2mms[22m[39m
       [33m[2m✓[22m[39m should display work unit details when Enter is pressed [33m 430[2mms[22m[39m
       [33m[2m✓[22m[39m should display column headers with count and points [33m 342[2mms[22m[39m
[?1000l[?1000l[?1000l[?1000l[?1000l[?1000l[?1000l[?1000l[?1000l [32m✓[39m src/commands/__tests__/configure-tools.test.ts [2m([22m[2m13 tests[22m[2m)[22m[33m 1711[2mms[22m[39m
       [33m[2m✓[22m[39m should list configure-tools when running the command directly [33m 474[2mms[22m[39m
       [33m[2m✓[22m[39m should display comprehensive help documentation for configure-tools [33m 475[2mms[22m[39m
       [33m[2m✓[22m[39m should regenerate templates in background without mentioning them in console output [33m 479[2mms[22m[39m
[?1000h[?1000h[?1000h [32m✓[39m src/tui/__tests__/UnifiedBoardLayout-work-unit-details.test.tsx [2m([22m[2m3 tests[22m[2m)[22m[33m 1633[2mms[22m[39m
       [33m[2m✓[22m[39m should show exactly 4 content lines with ID, description, metadata, and empty line [33m 554[2mms[22m[39m
       [33m[2m✓[22m[39m should show exactly 4 content lines with empty line 2 [33m 534[2mms[22m[39m
       [33m[2m✓[22m[39m should show exactly 4 content lines with centered "No work unit selected" message [33m 544[2mms[22m[39m
[?1000l[?1000l[?1000l[?1000h[?1000h[?1000h[?1000h[?1000h [32m✓[39m src/tui/__tests__/FullScreenWrapper.test.tsx [2m([22m[2m5 tests[22m[2m)[22m[33m 1418[2mms[22m[39m
       [33m[2m✓[22m[39m should render BoardView with width 120 and height 39 in 120x40 terminal [33m 305[2mms[22m[39m
       [33m[2m✓[22m[39m should clear the screen before rendering the board [33m 476[2mms[22m[39m
[?1000l[?1000l[?1000l[?1000l[?1000l [32m✓[39m src/commands/__tests__/init-integration.test.ts [2m([22m[2m3 tests[22m[2m)[22m[33m 1487[2mms[22m[39m
       [33m[2m✓[22m[39m should create spec/fspec-config.json with detected agent after init [33m 526[2mms[22m[39m
       [33m[2m✓[22m[39m should show Claude-specific activation message in init output [33m 478[2mms[22m[39m
       [33m[2m✓[22m[39m should show Cursor-specific activation message for Cursor agent [33m 481[2mms[22m[39m
 [32m✓[39m src/commands/__tests__/bootstrap-configure-tools-help.test.ts [2m([22m[2m5 tests[22m[2m)[22m[33m 1406[2mms[22m[39m
       [33m[2m✓[22m[39m should display comprehensive help with all required sections [33m 474[2mms[22m[39m
       [33m[2m✓[22m[39m should display help with platform-agnostic examples [33m 466[2mms[22m[39m
       [33m[2m✓[22m[39m should output all command help sections [33m 462[2mms[22m[39m
 [32m✓[39m src/commands/__tests__/placeholder-replacement.test.ts [2m([22m[2m2 tests[22m[2m)[22m[33m 946[2mms[22m[39m
       [33m[2m✓[22m[39m should replace <test-command> and <quality-check-commands> placeholders with configured commands [33m 472[2mms[22m[39m
       [33m[2m✓[22m[39m should preserve placeholders when fspec-config.json does not exist [33m 474[2mms[22m[39m
[?1000h[?1000h[?1000h [32m✓[39m src/tui/__tests__/BoardView-vertical-stretch.test.tsx [2m([22m[2m3 tests[22m[2m)[22m[33m 753[2mms[22m[39m
       [33m[2m✓[22m[39m should render board adapting to larger terminal dimensions [33m 322[2mms[22m[39m
[?1000l[?1000l[?1000l [32m✓[39m src/__tests__/validate-command-help-script.test.ts [2m([22m[2m11 tests[22m[2m)[22m[33m 746[2mms[22m[39m
 [32m✓[39m src/utils/__tests__/logger.test.ts [2m([22m[2m6 tests[22m[2m)[22m[33m 653[2mms[22m[39m
[90mstdout[2m | src/commands/__tests__/checkpoint.test.ts[2m > [22m[2mFeature: Intelligent checkpoint system for workflow transitions[2m > [22m[2mScenario: Automatic checkpoint created on workflow state transition[2m > [22m[2mshould create automatic checkpoint when changing work unit status
[22m[39m🤖 Auto-checkpoint: "GIT-002-auto-testing" created before transition

[90mstdout[2m | src/commands/__tests__/checkpoint.test.ts[2m > [22m[2mFeature: Intelligent checkpoint system for workflow transitions[2m > [22m[2mScenario: Create manual checkpoint for experimentation[2m > [22m[2mshould create named checkpoint manually
[22m[39m✓ Created checkpoint "before-refactor" for GIT-002
  Captured 1 file(s)

[90mstdout[2m | src/commands/__tests__/checkpoint.test.ts[2m > [22m[2mFeature: Intelligent checkpoint system for workflow transitions[2m > [22m[2mScenario: Multiple experiments from same baseline checkpoint[2m > [22m[2mshould support multiple restorations from same checkpoint
[22m[39m✓ Created checkpoint "baseline" for GIT-002
  Captured 1 file(s)

[90mstdout[2m | src/commands/__tests__/checkpoint.test.ts[2m > [22m[2mFeature: Intelligent checkpoint system for workflow transitions[2m > [22m[2mScenario: Multiple experiments from same baseline checkpoint[2m > [22m[2mshould support multiple restorations from same checkpoint
[22m[39m✓ Restored checkpoint "baseline" for GIT-002

[90mstdout[2m | src/commands/__tests__/checkpoint.test.ts[2m > [22m[2mFeature: Intelligent checkpoint system for workflow transitions[2m > [22m[2mScenario: Multiple experiments from same baseline checkpoint[2m > [22m[2mshould support multiple restorations from same checkpoint
[22m[39m✓ Restored checkpoint "baseline" for GIT-002

[90mstdout[2m | src/commands/__tests__/checkpoint.test.ts[2m > [22m[2mFeature: Intelligent checkpoint system for workflow transitions[2m > [22m[2mScenario: Multiple experiments from same baseline checkpoint[2m > [22m[2mshould support multiple restorations from same checkpoint
[22m[39m
Checkpoints for GIT-002:

📌  baseline (manual)
   Created: 2025-11-02T08:23:54.551Z


[90mstdout[2m | src/commands/__tests__/checkpoint.test.ts[2m > [22m[2mFeature: Intelligent checkpoint system for workflow transitions[2m > [22m[2mScenario: AI-assisted conflict resolution during checkpoint restoration[2m > [22m[2mshould emit system-reminder for AI when conflicts occur
[22m[39m✓ Created checkpoint "previous-state" for GIT-002
  Captured 1 file(s)

[90mstdout[2m | src/commands/__tests__/checkpoint.test.ts[2m > [22m[2mFeature: Intelligent checkpoint system for workflow transitions[2m > [22m[2mScenario: AI-assisted conflict resolution during checkpoint restoration[2m > [22m[2mshould emit system-reminder for AI when conflicts occur
[22m[39m✓ Restored checkpoint "previous-state" for GIT-002

[90mstdout[2m | src/commands/__tests__/checkpoint.test.ts[2m > [22m[2mFeature: Intelligent checkpoint system for workflow transitions[2m > [22m[2mScenario: List all checkpoints with visual indicators[2m > [22m[2mshould display checkpoints with emoji indicators
[22m[39m✓ Created checkpoint "baseline" for GIT-002
  Captured 1 file(s)

[90mstdout[2m | src/commands/__tests__/checkpoint.test.ts[2m > [22m[2mFeature: Intelligent checkpoint system for workflow transitions[2m > [22m[2mScenario: List all checkpoints with visual indicators[2m > [22m[2mshould display checkpoints with emoji indicators
[22m[39m✓ Created checkpoint "before-refactor" for GIT-002
  Captured 2 file(s)

[90mstdout[2m | src/commands/__tests__/checkpoint.test.ts[2m > [22m[2mFeature: Intelligent checkpoint system for workflow transitions[2m > [22m[2mScenario: List all checkpoints with visual indicators[2m > [22m[2mshould display checkpoints with emoji indicators
[22m[39m
Checkpoints for GIT-002:

📌  before-refactor (manual)
   Created: 2025-11-02T08:23:54.620Z

📌  baseline (manual)
   Created: 2025-11-02T08:23:54.612Z


[90mstdout[2m | src/commands/__tests__/checkpoint.test.ts[2m > [22m[2mFeature: Intelligent checkpoint system for workflow transitions[2m > [22m[2mScenario: Cleanup old checkpoints keeping most recent[2m > [22m[2mshould delete old checkpoints while preserving recent ones
[22m[39m✓ Created checkpoint "checkpoint-0" for GIT-002
  Captured 1 file(s)

[90mstdout[2m | src/commands/__tests__/checkpoint.test.ts[2m > [22m[2mFeature: Intelligent checkpoint system for workflow transitions[2m > [22m[2mScenario: Cleanup old checkpoints keeping most recent[2m > [22m[2mshould delete old checkpoints while preserving recent ones
[22m[39m✓ Created checkpoint "checkpoint-1" for GIT-002
  Captured 2 file(s)

[90mstdout[2m | src/commands/__tests__/checkpoint.test.ts[2m > [22m[2mFeature: Intelligent checkpoint system for workflow transitions[2m > [22m[2mScenario: Cleanup old checkpoints keeping most recent[2m > [22m[2mshould delete old checkpoints while preserving recent ones
[22m[39m✓ Created checkpoint "checkpoint-2" for GIT-002
  Captured 3 file(s)

[90mstdout[2m | src/commands/__tests__/checkpoint.test.ts[2m > [22m[2mFeature: Intelligent checkpoint system for workflow transitions[2m > [22m[2mScenario: Cleanup old checkpoints keeping most recent[2m > [22m[2mshould delete old checkpoints while preserving recent ones
[22m[39m✓ Created checkpoint "checkpoint-3" for GIT-002
  Captured 4 file(s)

[90mstdout[2m | src/commands/__tests__/checkpoint.test.ts[2m > [22m[2mFeature: Intelligent checkpoint system for workflow transitions[2m > [22m[2mScenario: Cleanup old checkpoints keeping most recent[2m > [22m[2mshould delete old checkpoints while preserving recent ones
[22m[39m✓ Created checkpoint "checkpoint-4" for GIT-002
  Captured 5 file(s)

[90mstdout[2m | src/commands/__tests__/checkpoint.test.ts[2m > [22m[2mFeature: Intelligent checkpoint system for workflow transitions[2m > [22m[2mScenario: Cleanup old checkpoints keeping most recent[2m > [22m[2mshould delete old checkpoints while preserving recent ones
[22m[39m✓ Created checkpoint "checkpoint-5" for GIT-002
  Captured 6 file(s)

[90mstdout[2m | src/commands/__tests__/checkpoint.test.ts[2m > [22m[2mFeature: Intelligent checkpoint system for workflow transitions[2m > [22m[2mScenario: Cleanup old checkpoints keeping most recent[2m > [22m[2mshould delete old checkpoints while preserving recent ones
[22m[39m✓ Created checkpoint "checkpoint-6" for GIT-002
  Captured 7 file(s)

[90mstdout[2m | src/commands/__tests__/checkpoint.test.ts[2m > [22m[2mFeature: Intelligent checkpoint system for workflow transitions[2m > [22m[2mScenario: Cleanup old checkpoints keeping most recent[2m > [22m[2mshould delete old checkpoints while preserving recent ones
[22m[39m✓ Created checkpoint "checkpoint-7" for GIT-002
  Captured 8 file(s)

[90mstdout[2m | src/commands/__tests__/checkpoint.test.ts[2m > [22m[2mFeature: Intelligent checkpoint system for workflow transitions[2m > [22m[2mScenario: Cleanup old checkpoints keeping most recent[2m > [22m[2mshould delete old checkpoints while preserving recent ones
[22m[39m✓ Created checkpoint "checkpoint-8" for GIT-002
  Captured 9 file(s)

[90mstdout[2m | src/commands/__tests__/checkpoint.test.ts[2m > [22m[2mFeature: Intelligent checkpoint system for workflow transitions[2m > [22m[2mScenario: Cleanup old checkpoints keeping most recent[2m > [22m[2mshould delete old checkpoints while preserving recent ones
[22m[39m✓ Created checkpoint "checkpoint-9" for GIT-002
  Captured 10 file(s)

[90mstdout[2m | src/commands/__tests__/checkpoint.test.ts[2m > [22m[2mFeature: Intelligent checkpoint system for workflow transitions[2m > [22m[2mScenario: Cleanup old checkpoints keeping most recent[2m > [22m[2mshould delete old checkpoints while preserving recent ones
[22m[39m
Cleaning up checkpoints for GIT-002 (keeping last 5)...

Deleted 5 checkpoint(s):
  - checkpoint-4 (2025-11-02T08:23:54.729Z)
  - checkpoint-3 (2025-11-02T08:23:54.705Z)
  - checkpoint-2 (2025-11-02T08:23:54.681Z)
  - checkpoint-1 (2025-11-02T08:23:54.661Z)
  - checkpoint-0 (2025-11-02T08:23:54.640Z)

Preserved 5 checkpoint(s):
  - checkpoint-9 (2025-11-02T08:23:54.878Z)
  - checkpoint-8 (2025-11-02T08:23:54.844Z)
  - checkpoint-7 (2025-11-02T08:23:54.813Z)
  - checkpoint-6 (2025-11-02T08:23:54.782Z)
  - checkpoint-5 (2025-11-02T08:23:54.756Z)

✓ Cleanup complete: 5 deleted, 5 preserved

[90mstdout[2m | src/commands/__tests__/checkpoint.test.ts[2m > [22m[2mFeature: Intelligent checkpoint system for workflow transitions[2m > [22m[2mScenario: Interactive prompt when restoring with dirty working directory[2m > [22m[2mshould prompt user with options when working directory is dirty
[22m[39m✓ Created checkpoint "safe-state" for GIT-002
  Captured 1 file(s)

[90mstdout[2m | src/commands/__tests__/checkpoint.test.ts[2m > [22m[2mFeature: Intelligent checkpoint system for workflow transitions[2m > [22m[2mScenario: Interactive prompt when restoring with dirty working directory[2m > [22m[2mshould prompt user with options when working directory is dirty
[22m[39m⚠️  Working directory has uncommitted changes

Choose how to proceed:
  1. Commit changes first [Low risk]
     Safest option. Commits current changes before restoration.
  2. Stash changes and restore [Medium risk]
     Temporarily saves changes. Can restore later, but may cause conflicts.
  3. Force restore with merge [High risk]
     Attempts to merge changes. May result in conflicts requiring manual resolution.

[90mstdout[2m | src/commands/__tests__/checkpoint.test.ts[2m > [22m[2mFeature: Intelligent checkpoint system for workflow transitions[2m > [22m[2mBUG-027: Checkpoint creation with git.stash({ op: "create" })[2m > [22m[2mshould stage and capture modified tracked files
[22m[39m✓ Created checkpoint "test-checkpoint" for GIT-002
  Captured 1 file(s)

[90mstdout[2m | src/commands/__tests__/checkpoint.test.ts[2m > [22m[2mFeature: Intelligent checkpoint system for workflow transitions[2m > [22m[2mBUG-027: Checkpoint creation with git.stash({ op: "create" })[2m > [22m[2mshould stage and capture new untracked files
[22m[39m✓ Created checkpoint "untracked-test" for GIT-002
  Captured 1 file(s)

[90mstdout[2m | src/commands/__tests__/checkpoint.test.ts[2m > [22m[2mFeature: Intelligent checkpoint system for workflow transitions[2m > [22m[2mBUG-027: Checkpoint creation with git.stash({ op: "create" })[2m > [22m[2mshould reset index after checkpoint creation
[22m[39m✓ Created checkpoint "index-reset-test" for GIT-002
  Captured 1 file(s)

[90mstdout[2m | src/commands/__tests__/checkpoint.test.ts[2m > [22m[2mFeature: Intelligent checkpoint system for workflow transitions[2m > [22m[2mBUG-027: Checkpoint restoration with manual file operations[2m > [22m[2mshould restore files by reading from checkpoint commit
[22m[39m✓ Created checkpoint "restore-baseline" for GIT-002
  Captured 1 file(s)

[90mstdout[2m | src/commands/__tests__/checkpoint.test.ts[2m > [22m[2mFeature: Intelligent checkpoint system for workflow transitions[2m > [22m[2mBUG-027: Checkpoint restoration with manual file operations[2m > [22m[2mshould restore files by reading from checkpoint commit
[22m[39m✓ Restored checkpoint "restore-baseline" for GIT-002

[90mstdout[2m | src/commands/__tests__/checkpoint.test.ts[2m > [22m[2mFeature: Intelligent checkpoint system for workflow transitions[2m > [22m[2mBUG-027: Checkpoint restoration with manual file operations[2m > [22m[2mshould detect conflicts when file modified since checkpoint
[22m[39m✓ Created checkpoint "conflict-test" for GIT-002
  Captured 1 file(s)

[90mstdout[2m | src/commands/__tests__/checkpoint.test.ts[2m > [22m[2mFeature: Intelligent checkpoint system for workflow transitions[2m > [22m[2mBUG-027: Checkpoint restoration with manual file operations[2m > [22m[2mshould detect conflicts when file modified since checkpoint
[22m[39m⚠️  Working directory has uncommitted changes

Choose how to proceed:
  1. Commit changes first [Low risk]
     Safest option. Commits current changes before restoration.
  2. Stash changes and restore [Medium risk]
     Temporarily saves changes. Can restore later, but may cause conflicts.
  3. Force restore with merge [High risk]
     Attempts to merge changes. May result in conflicts requiring manual resolution.

[90mstdout[2m | src/commands/__tests__/checkpoint.test.ts[2m > [22m[2mFeature: Intelligent checkpoint system for workflow transitions[2m > [22m[2mBUG-027: Checkpoint restoration with manual file operations[2m > [22m[2mshould recreate deleted files from checkpoint
[22m[39m✓ Created checkpoint "deletion-test" for GIT-002
  Captured 1 file(s)

[90mstdout[2m | src/commands/__tests__/checkpoint.test.ts[2m > [22m[2mFeature: Intelligent checkpoint system for workflow transitions[2m > [22m[2mBUG-027: Checkpoint restoration with manual file operations[2m > [22m[2mshould recreate deleted files from checkpoint
[22m[39m✓ Restored checkpoint "deletion-test" for GIT-002

[90mstdout[2m | src/commands/__tests__/checkpoint.test.ts[2m > [22m[2mFeature: Intelligent checkpoint system for workflow transitions[2m > [22m[2mBUG-027: Checkpoint restoration with manual file operations[2m > [22m[2mshould ignore files not in checkpoint
[22m[39m✓ Created checkpoint "ignore-test" for GIT-002
  Captured 1 file(s)

[90mstdout[2m | src/commands/__tests__/checkpoint.test.ts[2m > [22m[2mFeature: Intelligent checkpoint system for workflow transitions[2m > [22m[2mBUG-027: Checkpoint restoration with manual file operations[2m > [22m[2mshould ignore files not in checkpoint
[22m[39m✓ Restored checkpoint "ignore-test" for GIT-002

[90mstdout[2m | src/commands/__tests__/checkpoint.test.ts[2m > [22m[2mFeature: Intelligent checkpoint system for workflow transitions[2m > [22m[2mBUG-027: Checkpoint restoration with manual file operations[2m > [22m[2mshould error when restoring non-existent checkpoint
[22m[39m✓ Restored checkpoint "does-not-exist" for GIT-002

 [32m✓[39m src/commands/__tests__/checkpoint.test.ts [2m([22m[2m15 tests[22m[2m)[22m[33m 629[2mms[22m[39m
 [32m✓[39m src/hooks/__tests__/git-context.test.ts [2m([22m[2m6 tests[22m[2m)[22m[33m 590[2mms[22m[39m
 [32m✓[39m src/commands/__tests__/research.test.ts [2m([22m[2m5 tests[22m[2m)[22m[33m 509[2mms[22m[39m
[?1000h[?1000h [32m✓[39m src/tui/__tests__/ITF-007-fix-stale-tests-after-checkpoint-integration.test.tsx [2m([22m[2m3 tests[22m[2m)[22m[33m 472[2mms[22m[39m
       [33m[2m✓[22m[39m should verify keybinding text displays "C View Checkpoints" [33m 308[2mms[22m[39m
[?1000l[?1000l [32m✓[39m src/commands/__tests__/generate-foundation-md-diagram-validation.test.ts [2m([22m[2m5 tests[22m[2m)[22m[33m 427[2mms[22m[39m
       [33m[2m✓[22m[39m should exit with code 0 and create FOUNDATION.md when all diagrams are valid [33m 307[2mms[22m[39m
 [32m✓[39m src/commands/__tests__/enhanced-search-query.test.ts [2m([22m[2m7 tests[22m[2m)[22m[33m 380[2mms[22m[39m
 [32m✓[39m src/commands/__tests__/generate-foundation-md.test.ts [2m([22m[2m10 tests[22m[2m)[22m[33m 321[2mms[22m[39m
[90mstdout[2m | src/utils/__tests__/help-interceptor.test.ts[2m > [22m[2mFeature: Scalable help system for all commands[2m > [22m[2mScenario: Display custom help when help config exists[2m > [22m[2mshould load and display custom help for commands with help configs
[22m[39m
REMOVE-TAG-FROM-SCENARIO
Remove one or more tags from a specific scenario in a feature file

WHEN TO USE
  Use this command when you need to remove tags from a specific scenario, such as removing @wip after completing work, removing @deprecated before deletion, or cleaning up incorrect tags.

USAGE
  fspec remove-tag-from-scenario <file> <scenario> <tags...>

ARGUMENTS
  <file> (required)
    Feature file path (e.g., spec/features/login.feature)
  <scenario> (required)
    Scenario name exactly as it appears in the feature file (e.g., "Login with valid credentials")
  <tags...> (required)
    One or more tags to remove (e.g., @wip @deprecated) - must include @ symbol

OPTIONS
  No options available

EXAMPLES
  1. Remove single tag from scenario
  $ fspec remove-tag-from-scenario spec/features/login.feature "Login with valid credentials" @wip
  ✓ Removed tag @wip from scenario "Login with valid credentials"

  2. Remove multiple tags from scenario
  $ fspec remove-tag-from-scenario spec/features/login.feature "Login with valid credentials" @wip @manual
  ✓ Removed tags @wip, @manual from scenario "Login with valid credentials"

COMMON ERRORS
  ✗ Scenario not found
    Fix: Ensure scenario name matches exactly (case-sensitive)

  ✗ Tag not found on scenario
    Fix: Use list-scenario-tags to see current tags on the scenario

RELATED COMMANDS
  fspec add-tag-to-scenario
  fspec list-scenario-tags
  fspec remove-tag-from-feature
  fspec retag

NOTES
  • Scenario names are case-sensitive and must match exactly
  • Tags must include the @ symbol
  • Removing a tag that does not exist on the scenario will show an error
  • Feature file is automatically reformatted after tag removal


[90mstdout[2m | src/utils/__tests__/help-interceptor.test.ts[2m > [22m[2mFeature: Scalable help system for all commands[2m > [22m[2mScenario: Handle help flag in any position[2m > [22m[2mshould detect --help before command name
[22m[39m
LIST-WORK-UNITS
List work units with optional filtering by status, prefix, or epic

WHEN TO USE
  Use this command when you need to view work units in the backlog, see what's in progress, or filter by specific criteria like status, prefix, or epic.

USAGE
  fspec list-work-units [options]

OPTIONS
  -s, --status <status>
    Filter by workflow status: backlog, specifying, testing, implementing, validating, done, blocked
  --prefix <prefix>
    Filter by work unit prefix (e.g., AUTH, UI, API)
  --epic <epic>
    Filter by epic name

TYPICAL WORKFLOW
  backlog → specifying → testing → implementing → validating → done. Use --status flag to see work units at each stage.

EXAMPLES
  1. List all work units
  $ fspec list-work-units
  AUTH-001 - User login feature
UI-002 - Dashboard layout

  2. List only backlog items
  $ fspec list-work-units --status=backlog
  AUTH-003 - Password reset
API-004 - User endpoints

  3. List all AUTH-prefixed work units
  $ fspec list-work-units --prefix=AUTH
  AUTH-001 - User login feature
AUTH-003 - Password reset

RELATED COMMANDS
  fspec show-work-unit
  fspec create-story
  fspec create-bug
  fspec create-task
  fspec update-work-unit-status
  fspec board


[90mstdout[2m | src/utils/__tests__/help-interceptor.test.ts[2m > [22m[2mFeature: Scalable help system for all commands[2m > [22m[2mScenario: Handle help flag in any position[2m > [22m[2mshould detect --help after command name
[22m[39m
LIST-WORK-UNITS
List work units with optional filtering by status, prefix, or epic

WHEN TO USE
  Use this command when you need to view work units in the backlog, see what's in progress, or filter by specific criteria like status, prefix, or epic.

USAGE
  fspec list-work-units [options]

OPTIONS
  -s, --status <status>
    Filter by workflow status: backlog, specifying, testing, implementing, validating, done, blocked
  --prefix <prefix>
    Filter by work unit prefix (e.g., AUTH, UI, API)
  --epic <epic>
    Filter by epic name

TYPICAL WORKFLOW
  backlog → specifying → testing → implementing → validating → done. Use --status flag to see work units at each stage.

EXAMPLES
  1. List all work units
  $ fspec list-work-units
  AUTH-001 - User login feature
UI-002 - Dashboard layout

  2. List only backlog items
  $ fspec list-work-units --status=backlog
  AUTH-003 - Password reset
API-004 - User endpoints

  3. List all AUTH-prefixed work units
  $ fspec list-work-units --prefix=AUTH
  AUTH-001 - User login feature
AUTH-003 - Password reset

RELATED COMMANDS
  fspec show-work-unit
  fspec create-story
  fspec create-bug
  fspec create-task
  fspec update-work-unit-status
  fspec board


[90mstdout[2m | src/utils/__tests__/help-interceptor.test.ts[2m > [22m[2mFeature: Scalable help system for all commands[2m > [22m[2mScenario: Handle help flag in any position[2m > [22m[2mshould detect --help after other arguments
[22m[39m
LIST-WORK-UNITS
List work units with optional filtering by status, prefix, or epic

WHEN TO USE
  Use this command when you need to view work units in the backlog, see what's in progress, or filter by specific criteria like status, prefix, or epic.

USAGE
  fspec list-work-units [options]

OPTIONS
  -s, --status <status>
    Filter by workflow status: backlog, specifying, testing, implementing, validating, done, blocked
  --prefix <prefix>
    Filter by work unit prefix (e.g., AUTH, UI, API)
  --epic <epic>
    Filter by epic name

TYPICAL WORKFLOW
  backlog → specifying → testing → implementing → validating → done. Use --status flag to see work units at each stage.

EXAMPLES
  1. List all work units
  $ fspec list-work-units
  AUTH-001 - User login feature
UI-002 - Dashboard layout

  2. List only backlog items
  $ fspec list-work-units --status=backlog
  AUTH-003 - Password reset
API-004 - User endpoints

  3. List all AUTH-prefixed work units
  $ fspec list-work-units --prefix=AUTH
  AUTH-001 - User login feature
AUTH-003 - Password reset

RELATED COMMANDS
  fspec show-work-unit
  fspec create-story
  fspec create-bug
  fspec create-task
  fspec update-work-unit-status
  fspec board


[90mstdout[2m | src/utils/__tests__/help-interceptor.test.ts[2m > [22m[2mFeature: Scalable help system for all commands[2m > [22m[2mScenario: Handle help flag in any position[2m > [22m[2mshould detect -h short flag
[22m[39m
LIST-WORK-UNITS
List work units with optional filtering by status, prefix, or epic

WHEN TO USE
  Use this command when you need to view work units in the backlog, see what's in progress, or filter by specific criteria like status, prefix, or epic.

USAGE
  fspec list-work-units [options]

OPTIONS
  -s, --status <status>
    Filter by workflow status: backlog, specifying, testing, implementing, validating, done, blocked
  --prefix <prefix>
    Filter by work unit prefix (e.g., AUTH, UI, API)
  --epic <epic>
    Filter by epic name

TYPICAL WORKFLOW
  backlog → specifying → testing → implementing → validating → done. Use --status flag to see work units at each stage.

EXAMPLES
  1. List all work units
  $ fspec list-work-units
  AUTH-001 - User login feature
UI-002 - Dashboard layout

  2. List only backlog items
  $ fspec list-work-units --status=backlog
  AUTH-003 - Password reset
API-004 - User endpoints

  3. List all AUTH-prefixed work units
  $ fspec list-work-units --prefix=AUTH
  AUTH-001 - User login feature
AUTH-003 - Password reset

RELATED COMMANDS
  fspec show-work-unit
  fspec create-story
  fspec create-bug
  fspec create-task
  fspec update-work-unit-status
  fspec board


[90mstdout[2m | src/utils/__tests__/help-interceptor.test.ts[2m > [22m[2mFeature: Scalable help system for all commands[2m > [22m[2mScenario: Handle main program help without command[2m > [22m[2mshould display custom main help with command help note
[22m[39m
fspec - Feature Specification & Project Management for AI Agents
USAGE
  fspec [command] [options]

COMMAND GROUPS
  Use fspec help <group> for detailed help on a specific area:

  specs     - Write and manage Gherkin feature files (create, edit, validate)
  work      - Track work units through ACDD workflow (Kanban, dependencies, board)
  discovery - Collaborative discovery with example mapping (questions, rules, examples)
  metrics   - Track progress and quality (estimates, metrics, reports, statistics)
  setup     - Configure project structure (tags, epics, prefixes, foundation docs)
  hooks     - Lifecycle hooks for workflow automation (validate, add, remove, list)

QUICK START
  fspec init                  - Initialize /fspec slash command for Claude Code
  fspec configure-tools       - Configure test and quality check commands (required)
  fspec validate              - Validate all Gherkin feature files
  fspec create-feature NAME   - Create a new feature file
  fspec list-features         - List all feature files
  fspec check                 - Run all validation checks
  fspec reverse              - Interactive reverse ACDD for existing codebases

GET HELP
  fspec --help            - Show this help
  fspec <command> --help  - Get detailed help for any command
  fspec help specs        - Gherkin feature file commands
  fspec help work         - Work unit and Kanban workflow commands
  fspec help discovery    - Example mapping commands
  fspec help metrics      - Progress tracking and reporting commands
  fspec help setup        - Configuration and setup commands
  fspec help hooks        - Lifecycle hook commands

EXAMPLES
  # Validate specific feature file
  $ fspec validate spec/features/login.feature

  # Filter features by tag
  $ fspec list-features --tag=@critical

  # Add scenario to feature
  $ fspec add-scenario user-authentication "Login with valid credentials"

  # Query scenarios by tags
  $ fspec get-scenarios --tag=@critical --tag=@critical --format=json

DOCUMENTATION
  GitHub: https://github.com/sengac/fspec
  README: See README.md for detailed usage examples


 [32m✓[39m src/utils/__tests__/help-interceptor.test.ts [2m([22m[2m14 tests[22m[2m)[22m[33m 335[2mms[22m[39m
       [33m[2m✓[22m[39m should load and display custom help for commands with help configs [33m 328[2mms[22m[39m
 [32m✓[39m src/commands/__tests__/add-diagram.test.ts [2m([22m[2m20 tests[22m[2m)[22m[33m 310[2mms[22m[39m
[?1000h[?1000h [32m✓[39m src/tui/__tests__/Logo.test.tsx [2m([22m[2m2 tests[22m[2m)[22m[32m 282[2mms[22m[39m
[?1000l[?1000l[90mstdout[2m | src/commands/__tests__/kanban-workflow-state-management.test.ts[2m > [22m[2mFeature: Kanban Workflow State Management[2m > [22m[2mScenario: Move work unit from backlog to specifying[2m > [22m[2mshould transition from backlog to specifying
[22m[39m⚠ Migrating work-units.json from v0.6.0 to 0.7.0...

[90mstdout[2m | src/commands/__tests__/kanban-workflow-state-management.test.ts[2m > [22m[2mFeature: Kanban Workflow State Management[2m > [22m[2mScenario: Move work unit from backlog to specifying[2m > [22m[2mshould transition from backlog to specifying
[22m[39mBackup created: spec/work-units.json.backup-0.7.0-1762071841911
Applying: stable-indices (0.7.0)

[90mstdout[2m | src/commands/__tests__/kanban-workflow-state-management.test.ts[2m > [22m[2mFeature: Kanban Workflow State Management[2m > [22m[2mScenario: Move work unit from backlog to specifying[2m > [22m[2mshould transition from backlog to specifying
[22m[39m✓ Migration complete: v0.6.0 → 0.7.0

[90mstdout[2m | src/commands/__tests__/kanban-workflow-state-management.test.ts[2m > [22m[2mFeature: Kanban Workflow State Management[2m > [22m[2mScenario: Complete ACDD workflow from backlog to done[2m > [22m[2mshould complete full ACDD workflow
[22m[39m⚠ Migrating work-units.json from v0.6.0 to 0.7.0...

[90mstdout[2m | src/commands/__tests__/kanban-workflow-state-management.test.ts[2m > [22m[2mFeature: Kanban Workflow State Management[2m > [22m[2mScenario: Complete ACDD workflow from backlog to done[2m > [22m[2mshould complete full ACDD workflow
[22m[39mBackup created: spec/work-units.json.backup-0.7.0-1762071841922
Applying: stable-indices (0.7.0)

[90mstdout[2m | src/commands/__tests__/kanban-workflow-state-management.test.ts[2m > [22m[2mFeature: Kanban Workflow State Management[2m > [22m[2mScenario: Complete ACDD workflow from backlog to done[2m > [22m[2mshould complete full ACDD workflow
[22m[39m✓ Migration complete: v0.6.0 → 0.7.0

[90mstdout[2m | src/commands/__tests__/kanban-workflow-state-management.test.ts[2m > [22m[2mFeature: Kanban Workflow State Management[2m > [22m[2mScenario: Complete ACDD workflow from backlog to done[2m > [22m[2mshould complete full ACDD workflow
[22m[39m**IMPORTANT:** NO TEST COMMAND CONFIGURED

No test command configured. Use Read/Glob tools to detect test framework, then run:

  fspec configure-tools --test-command <cmd>

If no test tools detected, search for current best practices:
  Query: "best <platform> testing tools 2025"

Replace <platform> with detected project type (Node.js, Python, Rust, Go, etc.)

Example:
  fspec configure-tools --test-command "npm test"
  fspec configure-tools --test-command "pytest"
  fspec configure-tools --test-command "cargo test"


[90mstdout[2m | src/commands/__tests__/kanban-workflow-state-management.test.ts[2m > [22m[2mFeature: Kanban Workflow State Management[2m > [22m[2mScenario: Complete ACDD workflow from backlog to done[2m > [22m[2mshould complete full ACDD workflow
[22m[39m**IMPORTANT:** No quality check commands configured

[90mstdout[2m | src/commands/__tests__/kanban-workflow-state-management.test.ts[2m > [22m[2mFeature: Kanban Workflow State Management[2m > [22m[2mScenario: Try to move from backlog to testing - blocked (must go through specifying)[2m > [22m[2mshould prevent skipping specifying state
[22m[39m⚠ Migrating work-units.json from v0.6.0 to 0.7.0...

[90mstdout[2m | src/commands/__tests__/kanban-workflow-state-management.test.ts[2m > [22m[2mFeature: Kanban Workflow State Management[2m > [22m[2mScenario: Try to move from backlog to testing - blocked (must go through specifying)[2m > [22m[2mshould prevent skipping specifying state
[22m[39mBackup created: spec/work-units.json.backup-0.7.0-1762071841985
Applying: stable-indices (0.7.0)

[90mstdout[2m | src/commands/__tests__/kanban-workflow-state-management.test.ts[2m > [22m[2mFeature: Kanban Workflow State Management[2m > [22m[2mScenario: Try to move from backlog to testing - blocked (must go through specifying)[2m > [22m[2mshould prevent skipping specifying state
[22m[39m✓ Migration complete: v0.6.0 → 0.7.0

[90mstdout[2m | src/commands/__tests__/kanban-workflow-state-management.test.ts[2m > [22m[2mFeature: Kanban Workflow State Management[2m > [22m[2mScenario: Attempt to skip specifying state (violates ACDD)[2m > [22m[2mshould prevent skipping specifying state
[22m[39m⚠ Migrating work-units.json from v0.6.0 to 0.7.0...

[90mstdout[2m | src/commands/__tests__/kanban-workflow-state-management.test.ts[2m > [22m[2mFeature: Kanban Workflow State Management[2m > [22m[2mScenario: Attempt to skip specifying state (violates ACDD)[2m > [22m[2mshould prevent skipping specifying state
[22m[39mBackup created: spec/work-units.json.backup-0.7.0-1762071841988
Applying: stable-indices (0.7.0)

[90mstdout[2m | src/commands/__tests__/kanban-workflow-state-management.test.ts[2m > [22m[2mFeature: Kanban Workflow State Management[2m > [22m[2mScenario: Attempt to skip specifying state (violates ACDD)[2m > [22m[2mshould prevent skipping specifying state
[22m[39m✓ Migration complete: v0.6.0 → 0.7.0

[90mstdout[2m | src/commands/__tests__/kanban-workflow-state-management.test.ts[2m > [22m[2mFeature: Kanban Workflow State Management[2m > [22m[2mScenario: Attempt to skip testing state (violates ACDD)[2m > [22m[2mshould prevent skipping testing state
[22m[39m⚠ Migrating work-units.json from v0.6.0 to 0.7.0...

[90mstdout[2m | src/commands/__tests__/kanban-workflow-state-management.test.ts[2m > [22m[2mFeature: Kanban Workflow State Management[2m > [22m[2mScenario: Attempt to skip testing state (violates ACDD)[2m > [22m[2mshould prevent skipping testing state
[22m[39mBackup created: spec/work-units.json.backup-0.7.0-1762071841991
Applying: stable-indices (0.7.0)

[90mstdout[2m | src/commands/__tests__/kanban-workflow-state-management.test.ts[2m > [22m[2mFeature: Kanban Workflow State Management[2m > [22m[2mScenario: Attempt to skip testing state (violates ACDD)[2m > [22m[2mshould prevent skipping testing state
[22m[39m✓ Migration complete: v0.6.0 → 0.7.0

[90mstdout[2m | src/commands/__tests__/kanban-workflow-state-management.test.ts[2m > [22m[2mFeature: Kanban Workflow State Management[2m > [22m[2mScenario: Attempt to move work back to backlog[2m > [22m[2mshould prevent moving back to backlog
[22m[39m⚠ Migrating work-units.json from v0.6.0 to 0.7.0...

[90mstdout[2m | src/commands/__tests__/kanban-workflow-state-management.test.ts[2m > [22m[2mFeature: Kanban Workflow State Management[2m > [22m[2mScenario: Attempt to move work back to backlog[2m > [22m[2mshould prevent moving back to backlog
[22m[39mBackup created: spec/work-units.json.backup-0.7.0-1762071841993
Applying: stable-indices (0.7.0)

[90mstdout[2m | src/commands/__tests__/kanban-workflow-state-management.test.ts[2m > [22m[2mFeature: Kanban Workflow State Management[2m > [22m[2mScenario: Attempt to move work back to backlog[2m > [22m[2mshould prevent moving back to backlog
[22m[39m✓ Migration complete: v0.6.0 → 0.7.0

[90mstdout[2m | src/commands/__tests__/kanban-workflow-state-management.test.ts[2m > [22m[2mFeature: Kanban Workflow State Management[2m > [22m[2mScenario: Move work unit to blocked state from any state[2m > [22m[2mshould allow blocked state from any state
[22m[39m⚠ Migrating work-units.json from v0.6.0 to 0.7.0...

[90mstdout[2m | src/commands/__tests__/kanban-workflow-state-management.test.ts[2m > [22m[2mFeature: Kanban Workflow State Management[2m > [22m[2mScenario: Move work unit to blocked state from any state[2m > [22m[2mshould allow blocked state from any state
[22m[39mBackup created: spec/work-units.json.backup-0.7.0-1762071841995
Applying: stable-indices (0.7.0)

[90mstdout[2m | src/commands/__tests__/kanban-workflow-state-management.test.ts[2m > [22m[2mFeature: Kanban Workflow State Management[2m > [22m[2mScenario: Move work unit to blocked state from any state[2m > [22m[2mshould allow blocked state from any state
[22m[39m✓ Migration complete: v0.6.0 → 0.7.0

[90mstdout[2m | src/commands/__tests__/kanban-workflow-state-management.test.ts[2m > [22m[2mFeature: Kanban Workflow State Management[2m > [22m[2mScenario: Unblock work unit and return to previous state[2m > [22m[2mshould return to previous state when unblocked
[22m[39m⚠ Migrating work-units.json from v0.6.0 to 0.7.0...

[90mstdout[2m | src/commands/__tests__/kanban-workflow-state-management.test.ts[2m > [22m[2mFeature: Kanban Workflow State Management[2m > [22m[2mScenario: Unblock work unit and return to previous state[2m > [22m[2mshould return to previous state when unblocked
[22m[39mBackup created: spec/work-units.json.backup-0.7.0-1762071842005
Applying: stable-indices (0.7.0)

[90mstdout[2m | src/commands/__tests__/kanban-workflow-state-management.test.ts[2m > [22m[2mFeature: Kanban Workflow State Management[2m > [22m[2mScenario: Unblock work unit and return to previous state[2m > [22m[2mshould return to previous state when unblocked
[22m[39m✓ Migration complete: v0.6.0 → 0.7.0

[90mstdout[2m | src/commands/__tests__/kanban-workflow-state-management.test.ts[2m > [22m[2mFeature: Kanban Workflow State Management[2m > [22m[2mScenario: Require blocked reason when moving to blocked state[2m > [22m[2mshould require blockedReason field
[22m[39m⚠ Migrating work-units.json from v0.6.0 to 0.7.0...

[90mstdout[2m | src/commands/__tests__/kanban-workflow-state-management.test.ts[2m > [22m[2mFeature: Kanban Workflow State Management[2m > [22m[2mScenario: Require blocked reason when moving to blocked state[2m > [22m[2mshould require blockedReason field
[22m[39mBackup created: spec/work-units.json.backup-0.7.0-1762071842016
Applying: stable-indices (0.7.0)

[90mstdout[2m | src/commands/__tests__/kanban-workflow-state-management.test.ts[2m > [22m[2mFeature: Kanban Workflow State Management[2m > [22m[2mScenario: Require blocked reason when moving to blocked state[2m > [22m[2mshould require blockedReason field
[22m[39m✓ Migration complete: v0.6.0 → 0.7.0

[90mstdout[2m | src/commands/__tests__/kanban-workflow-state-management.test.ts[2m > [22m[2mFeature: Kanban Workflow State Management[2m > [22m[2mScenario: Validate Gherkin scenarios exist before moving to testing[2m > [22m[2mshould require scenarios before testing state
[22m[39m⚠ Migrating work-units.json from v0.6.0 to 0.7.0...

[90mstdout[2m | src/commands/__tests__/kanban-workflow-state-management.test.ts[2m > [22m[2mFeature: Kanban Workflow State Management[2m > [22m[2mScenario: Validate Gherkin scenarios exist before moving to testing[2m > [22m[2mshould require scenarios before testing state
[22m[39mBackup created: spec/work-units.json.backup-0.7.0-1762071842018
Applying: stable-indices (0.7.0)

[90mstdout[2m | src/commands/__tests__/kanban-workflow-state-management.test.ts[2m > [22m[2mFeature: Kanban Workflow State Management[2m > [22m[2mScenario: Validate Gherkin scenarios exist before moving to testing[2m > [22m[2mshould require scenarios before testing state
[22m[39m✓ Migration complete: v0.6.0 → 0.7.0

[90mstdout[2m | src/commands/__tests__/kanban-workflow-state-management.test.ts[2m > [22m[2mFeature: Kanban Workflow State Management[2m > [22m[2mScenario: Successfully move to testing when scenarios exist[2m > [22m[2mshould allow testing when scenarios exist
[22m[39m⚠ Migrating work-units.json from v0.6.0 to 0.7.0...

[90mstdout[2m | src/commands/__tests__/kanban-workflow-state-management.test.ts[2m > [22m[2mFeature: Kanban Workflow State Management[2m > [22m[2mScenario: Successfully move to testing when scenarios exist[2m > [22m[2mshould allow testing when scenarios exist
[22m[39mBackup created: spec/work-units.json.backup-0.7.0-1762071842020
Applying: stable-indices (0.7.0)

[90mstdout[2m | src/commands/__tests__/kanban-workflow-state-management.test.ts[2m > [22m[2mFeature: Kanban Workflow State Management[2m > [22m[2mScenario: Successfully move to testing when scenarios exist[2m > [22m[2mshould allow testing when scenarios exist
[22m[39m✓ Migration complete: v0.6.0 → 0.7.0

[90mstdout[2m | src/commands/__tests__/kanban-workflow-state-management.test.ts[2m > [22m[2mFeature: Kanban Workflow State Management[2m > [22m[2mScenario: Validate estimate assigned before moving from specifying[2m > [22m[2mshould warn if no estimate when leaving specifying
[22m[39m⚠ Migrating work-units.json from v0.6.0 to 0.7.0...

[90mstdout[2m | src/commands/__tests__/kanban-workflow-state-management.test.ts[2m > [22m[2mFeature: Kanban Workflow State Management[2m > [22m[2mScenario: Validate estimate assigned before moving from specifying[2m > [22m[2mshould warn if no estimate when leaving specifying
[22m[39mBackup created: spec/work-units.json.backup-0.7.0-1762071842030
Applying: stable-indices (0.7.0)

[90mstdout[2m | src/commands/__tests__/kanban-workflow-state-management.test.ts[2m > [22m[2mFeature: Kanban Workflow State Management[2m > [22m[2mScenario: Validate estimate assigned before moving from specifying[2m > [22m[2mshould warn if no estimate when leaving specifying
[22m[39m✓ Migration complete: v0.6.0 → 0.7.0

[90mstdout[2m | src/commands/__tests__/kanban-workflow-state-management.test.ts[2m > [22m[2mFeature: Kanban Workflow State Management[2m > [22m[2mScenario: Prevent parent from being marked done with incomplete children[2m > [22m[2mshould prevent parent done when children incomplete
[22m[39m⚠ Migrating work-units.json from v0.6.0 to 0.7.0...

[90mstdout[2m | src/commands/__tests__/kanban-workflow-state-management.test.ts[2m > [22m[2mFeature: Kanban Workflow State Management[2m > [22m[2mScenario: Prevent parent from being marked done with incomplete children[2m > [22m[2mshould prevent parent done when children incomplete
[22m[39mBackup created: spec/work-units.json.backup-0.7.0-1762071842040
Applying: stable-indices (0.7.0)

[90mstdout[2m | src/commands/__tests__/kanban-workflow-state-management.test.ts[2m > [22m[2mFeature: Kanban Workflow State Management[2m > [22m[2mScenario: Prevent parent from being marked done with incomplete children[2m > [22m[2mshould prevent parent done when children incomplete
[22m[39m✓ Migration complete: v0.6.0 → 0.7.0

[90mstdout[2m | src/commands/__tests__/kanban-workflow-state-management.test.ts[2m > [22m[2mFeature: Kanban Workflow State Management[2m > [22m[2mScenario: Allow parent to be marked done when all children complete[2m > [22m[2mshould allow parent done when all children done
[22m[39m⚠ Migrating work-units.json from v0.6.0 to 0.7.0...

[90mstdout[2m | src/commands/__tests__/kanban-workflow-state-management.test.ts[2m > [22m[2mFeature: Kanban Workflow State Management[2m > [22m[2mScenario: Allow parent to be marked done when all children complete[2m > [22m[2mshould allow parent done when all children done
[22m[39mBackup created: spec/work-units.json.backup-0.7.0-1762071842042
Applying: stable-indices (0.7.0)

[90mstdout[2m | src/commands/__tests__/kanban-workflow-state-management.test.ts[2m > [22m[2mFeature: Kanban Workflow State Management[2m > [22m[2mScenario: Allow parent to be marked done when all children complete[2m > [22m[2mshould allow parent done when all children done
[22m[39m✓ Migration complete: v0.6.0 → 0.7.0

[90mstdout[2m | src/commands/__tests__/kanban-workflow-state-management.test.ts[2m > [22m[2mFeature: Kanban Workflow State Management[2m > [22m[2mScenario: Reorder work unit to top of backlog (highest priority)[2m > [22m[2mshould move work unit to top of backlog
[22m[39m⚠ Migrating work-units.json from v0.6.0 to 0.7.0...

[90mstdout[2m | src/commands/__tests__/kanban-workflow-state-management.test.ts[2m > [22m[2mFeature: Kanban Workflow State Management[2m > [22m[2mScenario: Reorder work unit to top of backlog (highest priority)[2m > [22m[2mshould move work unit to top of backlog
[22m[39mBackup created: spec/work-units.json.backup-0.7.0-1762071842052
Applying: stable-indices (0.7.0)

[90mstdout[2m | src/commands/__tests__/kanban-workflow-state-management.test.ts[2m > [22m[2mFeature: Kanban Workflow State Management[2m > [22m[2mScenario: Reorder work unit to top of backlog (highest priority)[2m > [22m[2mshould move work unit to top of backlog
[22m[39m✓ Migration complete: v0.6.0 → 0.7.0

[90mstdout[2m | src/commands/__tests__/kanban-workflow-state-management.test.ts[2m > [22m[2mFeature: Kanban Workflow State Management[2m > [22m[2mScenario: Reorder work unit to bottom of backlog (lowest priority)[2m > [22m[2mshould move work unit to bottom of backlog
[22m[39m⚠ Migrating work-units.json from v0.6.0 to 0.7.0...

[90mstdout[2m | src/commands/__tests__/kanban-workflow-state-management.test.ts[2m > [22m[2mFeature: Kanban Workflow State Management[2m > [22m[2mScenario: Reorder work unit to bottom of backlog (lowest priority)[2m > [22m[2mshould move work unit to bottom of backlog
[22m[39mBackup created: spec/work-units.json.backup-0.7.0-1762071842055
Applying: stable-indices (0.7.0)

[90mstdout[2m | src/commands/__tests__/kanban-workflow-state-management.test.ts[2m > [22m[2mFeature: Kanban Workflow State Management[2m > [22m[2mScenario: Reorder work unit to bottom of backlog (lowest priority)[2m > [22m[2mshould move work unit to bottom of backlog
[22m[39m✓ Migration complete: v0.6.0 → 0.7.0

[90mstdout[2m | src/commands/__tests__/kanban-workflow-state-management.test.ts[2m > [22m[2mFeature: Kanban Workflow State Management[2m > [22m[2mScenario: Move work unit before another work unit[2m > [22m[2mshould insert work unit before target
[22m[39m⚠ Migrating work-units.json from v0.6.0 to 0.7.0...

[90mstdout[2m | src/commands/__tests__/kanban-workflow-state-management.test.ts[2m > [22m[2mFeature: Kanban Workflow State Management[2m > [22m[2mScenario: Move work unit before another work unit[2m > [22m[2mshould insert work unit before target
[22m[39mBackup created: spec/work-units.json.backup-0.7.0-1762071842057
Applying: stable-indices (0.7.0)

[90mstdout[2m | src/commands/__tests__/kanban-workflow-state-management.test.ts[2m > [22m[2mFeature: Kanban Workflow State Management[2m > [22m[2mScenario: Move work unit before another work unit[2m > [22m[2mshould insert work unit before target
[22m[39m✓ Migration complete: v0.6.0 → 0.7.0

[90mstdout[2m | src/commands/__tests__/kanban-workflow-state-management.test.ts[2m > [22m[2mFeature: Kanban Workflow State Management[2m > [22m[2mScenario: Move work unit after another work unit[2m > [22m[2mshould insert work unit after target
[22m[39m⚠ Migrating work-units.json from v0.6.0 to 0.7.0...

[90mstdout[2m | src/commands/__tests__/kanban-workflow-state-management.test.ts[2m > [22m[2mFeature: Kanban Workflow State Management[2m > [22m[2mScenario: Move work unit after another work unit[2m > [22m[2mshould insert work unit after target
[22m[39mBackup created: spec/work-units.json.backup-0.7.0-1762071842059
Applying: stable-indices (0.7.0)

[90mstdout[2m | src/commands/__tests__/kanban-workflow-state-management.test.ts[2m > [22m[2mFeature: Kanban Workflow State Management[2m > [22m[2mScenario: Move work unit after another work unit[2m > [22m[2mshould insert work unit after target
[22m[39m✓ Migration complete: v0.6.0 → 0.7.0

[90mstdout[2m | src/commands/__tests__/kanban-workflow-state-management.test.ts[2m > [22m[2mFeature: Kanban Workflow State Management[2m > [22m[2mScenario: Set work unit to specific position in backlog[2m > [22m[2mshould set work unit to specific position
[22m[39m⚠ Migrating work-units.json from v0.6.0 to 0.7.0...

[90mstdout[2m | src/commands/__tests__/kanban-workflow-state-management.test.ts[2m > [22m[2mFeature: Kanban Workflow State Management[2m > [22m[2mScenario: Set work unit to specific position in backlog[2m > [22m[2mshould set work unit to specific position
[22m[39mBackup created: spec/work-units.json.backup-0.7.0-1762071842062
Applying: stable-indices (0.7.0)

[90mstdout[2m | src/commands/__tests__/kanban-workflow-state-management.test.ts[2m > [22m[2mFeature: Kanban Workflow State Management[2m > [22m[2mScenario: Set work unit to specific position in backlog[2m > [22m[2mshould set work unit to specific position
[22m[39m✓ Migration complete: v0.6.0 → 0.7.0

[90mstdout[2m | src/commands/__tests__/kanban-workflow-state-management.test.ts[2m > [22m[2mFeature: Kanban Workflow State Management[2m > [22m[2mScenario: Attempt to position work unit before non-existent work unit[2m > [22m[2mshould fail when target does not exist
[22m[39m⚠ Migrating work-units.json from v0.6.0 to 0.7.0...

[90mstdout[2m | src/commands/__tests__/kanban-workflow-state-management.test.ts[2m > [22m[2mFeature: Kanban Workflow State Management[2m > [22m[2mScenario: Attempt to position work unit before non-existent work unit[2m > [22m[2mshould fail when target does not exist
[22m[39mBackup created: spec/work-units.json.backup-0.7.0-1762071842064
Applying: stable-indices (0.7.0)

[90mstdout[2m | src/commands/__tests__/kanban-workflow-state-management.test.ts[2m > [22m[2mFeature: Kanban Workflow State Management[2m > [22m[2mScenario: Attempt to position work unit before non-existent work unit[2m > [22m[2mshould fail when target does not exist
[22m[39m✓ Migration complete: v0.6.0 → 0.7.0

[90mstdout[2m | src/commands/__tests__/kanban-workflow-state-management.test.ts[2m > [22m[2mFeature: Kanban Workflow State Management[2m > [22m[2mScenario: Track complete state history with timestamps[2m > [22m[2mshould record all state transitions with timestamps
[22m[39m⚠ Migrating work-units.json from v0.6.0 to 0.7.0...

[90mstdout[2m | src/commands/__tests__/kanban-workflow-state-management.test.ts[2m > [22m[2mFeature: Kanban Workflow State Management[2m > [22m[2mScenario: Track complete state history with timestamps[2m > [22m[2mshould record all state transitions with timestamps
[22m[39mBackup created: spec/work-units.json.backup-0.7.0-1762071842066
Applying: stable-indices (0.7.0)

[90mstdout[2m | src/commands/__tests__/kanban-workflow-state-management.test.ts[2m > [22m[2mFeature: Kanban Workflow State Management[2m > [22m[2mScenario: Track complete state history with timestamps[2m > [22m[2mshould record all state transitions with timestamps
[22m[39m✓ Migration complete: v0.6.0 → 0.7.0

[90mstdout[2m | src/commands/__tests__/kanban-workflow-state-management.test.ts[2m > [22m[2mFeature: Kanban Workflow State Management[2m > [22m[2mScenario: Allow validation to move back to implementing on test failure[2m > [22m[2mshould allow backward transition to implementing
[22m[39m⚠ Migrating work-units.json from v0.6.0 to 0.7.0...

[90mstdout[2m | src/commands/__tests__/kanban-workflow-state-management.test.ts[2m > [22m[2mFeature: Kanban Workflow State Management[2m > [22m[2mScenario: Allow validation to move back to implementing on test failure[2m > [22m[2mshould allow backward transition to implementing
[22m[39mBackup created: spec/work-units.json.backup-0.7.0-1762071842083
Applying: stable-indices (0.7.0)

[90mstdout[2m | src/commands/__tests__/kanban-workflow-state-management.test.ts[2m > [22m[2mFeature: Kanban Workflow State Management[2m > [22m[2mScenario: Allow validation to move back to implementing on test failure[2m > [22m[2mshould allow backward transition to implementing
[22m[39m✓ Migration complete: v0.6.0 → 0.7.0

[90mstdout[2m | src/commands/__tests__/kanban-workflow-state-management.test.ts[2m > [22m[2mFeature: Kanban Workflow State Management[2m > [22m[2mScenario: Allow validation to move back to specifying on spec error[2m > [22m[2mshould allow backward transition to specifying
[22m[39m⚠ Migrating work-units.json from v0.6.0 to 0.7.0...

[90mstdout[2m | src/commands/__tests__/kanban-workflow-state-management.test.ts[2m > [22m[2mFeature: Kanban Workflow State Management[2m > [22m[2mScenario: Allow validation to move back to specifying on spec error[2m > [22m[2mshould allow backward transition to specifying
[22m[39mBackup created: spec/work-units.json.backup-0.7.0-1762071842093
Applying: stable-indices (0.7.0)

[90mstdout[2m | src/commands/__tests__/kanban-workflow-state-management.test.ts[2m > [22m[2mFeature: Kanban Workflow State Management[2m > [22m[2mScenario: Allow validation to move back to specifying on spec error[2m > [22m[2mshould allow backward transition to specifying
[22m[39m✓ Migration complete: v0.6.0 → 0.7.0

[90mstdout[2m | src/commands/__tests__/kanban-workflow-state-management.test.ts[2m > [22m[2mFeature: Kanban Workflow State Management[2m > [22m[2mScenario: Move from testing to specifying when tests revealed incomplete acceptance criteria[2m > [22m[2mshould allow backward transition from testing to specifying
[22m[39m⚠ Migrating work-units.json from v0.6.0 to 0.7.0...

[90mstdout[2m | src/commands/__tests__/kanban-workflow-state-management.test.ts[2m > [22m[2mFeature: Kanban Workflow State Management[2m > [22m[2mScenario: Move from testing to specifying when tests revealed incomplete acceptance criteria[2m > [22m[2mshould allow backward transition from testing to specifying
[22m[39mBackup created: spec/work-units.json.backup-0.7.0-1762071842103
Applying: stable-indices (0.7.0)

[90mstdout[2m | src/commands/__tests__/kanban-workflow-state-management.test.ts[2m > [22m[2mFeature: Kanban Workflow State Management[2m > [22m[2mScenario: Move from testing to specifying when tests revealed incomplete acceptance criteria[2m > [22m[2mshould allow backward transition from testing to specifying
[22m[39m✓ Migration complete: v0.6.0 → 0.7.0

[90mstdout[2m | src/commands/__tests__/kanban-workflow-state-management.test.ts[2m > [22m[2mFeature: Kanban Workflow State Management[2m > [22m[2mScenario: Move from implementing to testing when test cases need refactoring[2m > [22m[2mshould allow backward transition from implementing to testing
[22m[39m⚠ Migrating work-units.json from v0.6.0 to 0.7.0...

[90mstdout[2m | src/commands/__tests__/kanban-workflow-state-management.test.ts[2m > [22m[2mFeature: Kanban Workflow State Management[2m > [22m[2mScenario: Move from implementing to testing when test cases need refactoring[2m > [22m[2mshould allow backward transition from implementing to testing
[22m[39mBackup created: spec/work-units.json.backup-0.7.0-1762071842113
Applying: stable-indices (0.7.0)

[90mstdout[2m | src/commands/__tests__/kanban-workflow-state-management.test.ts[2m > [22m[2mFeature: Kanban Workflow State Management[2m > [22m[2mScenario: Move from implementing to testing when test cases need refactoring[2m > [22m[2mshould allow backward transition from implementing to testing
[22m[39m✓ Migration complete: v0.6.0 → 0.7.0

[90mstdout[2m | src/commands/__tests__/kanban-workflow-state-management.test.ts[2m > [22m[2mFeature: Kanban Workflow State Management[2m > [22m[2mScenario: Move from implementing to specifying when requirements misunderstood[2m > [22m[2mshould allow backward transition from implementing to specifying
[22m[39m⚠ Migrating work-units.json from v0.6.0 to 0.7.0...

[90mstdout[2m | src/commands/__tests__/kanban-workflow-state-management.test.ts[2m > [22m[2mFeature: Kanban Workflow State Management[2m > [22m[2mScenario: Move from implementing to specifying when requirements misunderstood[2m > [22m[2mshould allow backward transition from implementing to specifying
[22m[39mBackup created: spec/work-units.json.backup-0.7.0-1762071842124
Applying: stable-indices (0.7.0)

[90mstdout[2m | src/commands/__tests__/kanban-workflow-state-management.test.ts[2m > [22m[2mFeature: Kanban Workflow State Management[2m > [22m[2mScenario: Move from implementing to specifying when requirements misunderstood[2m > [22m[2mshould allow backward transition from implementing to specifying
[22m[39m✓ Migration complete: v0.6.0 → 0.7.0

[90mstdout[2m | src/commands/__tests__/kanban-workflow-state-management.test.ts[2m > [22m[2mFeature: Kanban Workflow State Management[2m > [22m[2mScenario: Allow moving from done to fix mistakes (ACDD backward movement)[2m > [22m[2mshould allow status changes on completed work when mistakes discovered
[22m[39m⚠ Migrating work-units.json from v0.6.0 to 0.7.0...

[90mstdout[2m | src/commands/__tests__/kanban-workflow-state-management.test.ts[2m > [22m[2mFeature: Kanban Workflow State Management[2m > [22m[2mScenario: Allow moving from done to fix mistakes (ACDD backward movement)[2m > [22m[2mshould allow status changes on completed work when mistakes discovered
[22m[39mBackup created: spec/work-units.json.backup-0.7.0-1762071842131
Applying: stable-indices (0.7.0)

[90mstdout[2m | src/commands/__tests__/kanban-workflow-state-management.test.ts[2m > [22m[2mFeature: Kanban Workflow State Management[2m > [22m[2mScenario: Allow moving from done to fix mistakes (ACDD backward movement)[2m > [22m[2mshould allow status changes on completed work when mistakes discovered
[22m[39m✓ Migration complete: v0.6.0 → 0.7.0

[90mstdout[2m | src/commands/__tests__/kanban-workflow-state-management.test.ts[2m > [22m[2mFeature: Kanban Workflow State Management[2m > [22m[2mScenario: Display Kanban board showing all states[2m > [22m[2mshould display work units grouped by state
[22m[39m⚠ Migrating work-units.json from v0.6.0 to 0.7.0...

[90mstdout[2m | src/commands/__tests__/kanban-workflow-state-management.test.ts[2m > [22m[2mFeature: Kanban Workflow State Management[2m > [22m[2mScenario: Display Kanban board showing all states[2m > [22m[2mshould display work units grouped by state
[22m[39mBackup created: spec/work-units.json.backup-0.7.0-1762071842141
Applying: stable-indices (0.7.0)

[90mstdout[2m | src/commands/__tests__/kanban-workflow-state-management.test.ts[2m > [22m[2mFeature: Kanban Workflow State Management[2m > [22m[2mScenario: Display Kanban board showing all states[2m > [22m[2mshould display work units grouped by state
[22m[39m✓ Migration complete: v0.6.0 → 0.7.0

[90mstdout[2m | src/commands/__tests__/kanban-workflow-state-management.test.ts[2m > [22m[2mFeature: Kanban Workflow State Management[2m > [22m[2mScenario: Validate work unit state is one of allowed values[2m > [22m[2mshould validate state against allowed values
[22m[39m⚠ Migrating work-units.json from v0.6.0 to 0.7.0...

[90mstdout[2m | src/commands/__tests__/kanban-workflow-state-management.test.ts[2m > [22m[2mFeature: Kanban Workflow State Management[2m > [22m[2mScenario: Validate work unit state is one of allowed values[2m > [22m[2mshould validate state against allowed values
[22m[39mBackup created: spec/work-units.json.backup-0.7.0-1762071842148
Applying: stable-indices (0.7.0)

[90mstdout[2m | src/commands/__tests__/kanban-workflow-state-management.test.ts[2m > [22m[2mFeature: Kanban Workflow State Management[2m > [22m[2mScenario: Validate work unit state is one of allowed values[2m > [22m[2mshould validate state against allowed values
[22m[39m✓ Migration complete: v0.6.0 → 0.7.0

[90mstdout[2m | src/commands/__tests__/kanban-workflow-state-management.test.ts[2m > [22m[2mFeature: Kanban Workflow State Management[2m > [22m[2mScenario: Detect work unit in wrong state array[2m > [22m[2mshould detect state/index mismatches
[22m[39m⚠ Migrating work-units.json from v0.6.0 to 0.7.0...

[90mstdout[2m | src/commands/__tests__/kanban-workflow-state-management.test.ts[2m > [22m[2mFeature: Kanban Workflow State Management[2m > [22m[2mScenario: Detect work unit in wrong state array[2m > [22m[2mshould detect state/index mismatches
[22m[39mBackup created: spec/work-units.json.backup-0.7.0-1762071842151
Applying: stable-indices (0.7.0)

[90mstdout[2m | src/commands/__tests__/kanban-workflow-state-management.test.ts[2m > [22m[2mFeature: Kanban Workflow State Management[2m > [22m[2mScenario: Detect work unit in wrong state array[2m > [22m[2mshould detect state/index mismatches
[22m[39m✓ Migration complete: v0.6.0 → 0.7.0

[90mstdout[2m | src/commands/__tests__/kanban-workflow-state-management.test.ts[2m > [22m[2mFeature: Kanban Workflow State Management[2m > [22m[2mScenario: Repair work units state index inconsistencies[2m > [22m[2mshould repair broken state indexes
[22m[39m⚠ Migrating work-units.json from v0.6.0 to 0.7.0...

[90mstdout[2m | src/commands/__tests__/kanban-workflow-state-management.test.ts[2m > [22m[2mFeature: Kanban Workflow State Management[2m > [22m[2mScenario: Repair work units state index inconsistencies[2m > [22m[2mshould repair broken state indexes
[22m[39mBackup created: spec/work-units.json.backup-0.7.0-1762071842152
Applying: stable-indices (0.7.0)

[90mstdout[2m | src/commands/__tests__/kanban-workflow-state-management.test.ts[2m > [22m[2mFeature: Kanban Workflow State Management[2m > [22m[2mScenario: Repair work units state index inconsistencies[2m > [22m[2mshould repair broken state indexes
[22m[39m✓ Migration complete: v0.6.0 → 0.7.0

 [32m✓[39m src/commands/__tests__/kanban-workflow-state-management.test.ts [2m([22m[2m33 tests[22m[2m)[22m[32m 249[2mms[22m[39m
[?1000h[?1000h[?1000h[?1000h[?1000h [31m❯[39m src/tui/components/__tests__/VirtualList-mouse-scroll.test.tsx [2m([22m[2m5 tests[22m[2m | [22m[31m1 failed[39m[2m)[22m[32m 215[2mms[22m[39m
       [32m✓[39m should scroll viewport down showing items below when mouse wheel scrolled down[32m 38[2mms[22m[39m
[31m       [31m×[31m should scroll viewport up showing items above when mouse wheel scrolled up[39m[32m 119[2mms[22m[39m
       [32m✓[39m should behave identically to mouse wheel scroll for trackpad gestures[32m 16[2mms[22m[39m
       [32m✓[39m should throttle scroll events at 100ms intervals for performance[32m 34[2mms[22m[39m
       [32m✓[39m should only handle scroll events when VirtualList pane has focus[32m 6[2mms[22m[39m
[?1000l[?1000l[?1000l[?1000l[?1000l[90mstdout[2m | src/commands/__tests__/add-attachment-mermaid-validation.test.ts[2m > [22m[2mFeature: Validate Mermaid diagrams in attachments[2m > [22m[2mScenario: Attach valid Mermaid diagram with .mmd extension[2m > [22m[2mshould add the attachment successfully
[22m[39m⚠ Migrating work-units.json from v0.6.0 to 0.7.0...

[90mstdout[2m | src/commands/__tests__/add-attachment-mermaid-validation.test.ts[2m > [22m[2mFeature: Validate Mermaid diagrams in attachments[2m > [22m[2mScenario: Attach valid Mermaid diagram with .mmd extension[2m > [22m[2mshould add the attachment successfully
[22m[39mBackup created: spec/work-units.json.backup-0.7.0-1762071842902
Applying: stable-indices (0.7.0)

[90mstdout[2m | src/commands/__tests__/add-attachment-mermaid-validation.test.ts[2m > [22m[2mFeature: Validate Mermaid diagrams in attachments[2m > [22m[2mScenario: Attach valid Mermaid diagram with .mmd extension[2m > [22m[2mshould add the attachment successfully
[22m[39m✓ Migration complete: v0.6.0 → 0.7.0

[90mstdout[2m | src/commands/__tests__/add-attachment-mermaid-validation.test.ts[2m > [22m[2mFeature: Validate Mermaid diagrams in attachments[2m > [22m[2mScenario: Attach valid Mermaid diagram with .mmd extension[2m > [22m[2mshould add the attachment successfully
[22m[39m✓ Attachment added successfully
  File: spec/attachments/AUTH-001/flowchart.mmd

[90mstdout[2m | src/commands/__tests__/add-attachment-mermaid-validation.test.ts[2m > [22m[2mFeature: Validate Mermaid diagrams in attachments[2m > [22m[2mScenario: Attach invalid Mermaid diagram with syntax errors[2m > [22m[2mshould fail to attach and display error message with line number
[22m[39m⚠ Migrating work-units.json from v0.6.0 to 0.7.0...

[90mstdout[2m | src/commands/__tests__/add-attachment-mermaid-validation.test.ts[2m > [22m[2mFeature: Validate Mermaid diagrams in attachments[2m > [22m[2mScenario: Attach invalid Mermaid diagram with syntax errors[2m > [22m[2mshould fail to attach and display error message with line number
[22m[39mBackup created: spec/work-units.json.backup-0.7.0-1762071843068
Applying: stable-indices (0.7.0)

[90mstdout[2m | src/commands/__tests__/add-attachment-mermaid-validation.test.ts[2m > [22m[2mFeature: Validate Mermaid diagrams in attachments[2m > [22m[2mScenario: Attach invalid Mermaid diagram with syntax errors[2m > [22m[2mshould fail to attach and display error message with line number
[22m[39m✓ Migration complete: v0.6.0 → 0.7.0

[90mstdout[2m | src/commands/__tests__/add-attachment-mermaid-validation.test.ts[2m > [22m[2mFeature: Validate Mermaid diagrams in attachments[2m > [22m[2mScenario: Attach non-Mermaid file without validation[2m > [22m[2mshould add the attachment successfully without Mermaid validation
[22m[39m⚠ Migrating work-units.json from v0.6.0 to 0.7.0...

[90mstdout[2m | src/commands/__tests__/add-attachment-mermaid-validation.test.ts[2m > [22m[2mFeature: Validate Mermaid diagrams in attachments[2m > [22m[2mScenario: Attach non-Mermaid file without validation[2m > [22m[2mshould add the attachment successfully without Mermaid validation
[22m[39mBackup created: spec/work-units.json.backup-0.7.0-1762071843084
Applying: stable-indices (0.7.0)

[90mstdout[2m | src/commands/__tests__/add-attachment-mermaid-validation.test.ts[2m > [22m[2mFeature: Validate Mermaid diagrams in attachments[2m > [22m[2mScenario: Attach non-Mermaid file without validation[2m > [22m[2mshould add the attachment successfully without Mermaid validation
[22m[39m✓ Migration complete: v0.6.0 → 0.7.0

[90mstdout[2m | src/commands/__tests__/add-attachment-mermaid-validation.test.ts[2m > [22m[2mFeature: Validate Mermaid diagrams in attachments[2m > [22m[2mScenario: Attach non-Mermaid file without validation[2m > [22m[2mshould add the attachment successfully without Mermaid validation
[22m[39m✓ Attachment added successfully
  File: spec/attachments/AUTH-001/diagram.png

[90mstdout[2m | src/commands/__tests__/add-attachment-mermaid-validation.test.ts[2m > [22m[2mFeature: Validate Mermaid diagrams in attachments[2m > [22m[2mScenario: Attach markdown file with valid Mermaid code block[2m > [22m[2mshould extract and validate the mermaid code block
[22m[39m⚠ Migrating work-units.json from v0.6.0 to 0.7.0...

[90mstdout[2m | src/commands/__tests__/add-attachment-mermaid-validation.test.ts[2m > [22m[2mFeature: Validate Mermaid diagrams in attachments[2m > [22m[2mScenario: Attach markdown file with valid Mermaid code block[2m > [22m[2mshould extract and validate the mermaid code block
[22m[39mBackup created: spec/work-units.json.backup-0.7.0-1762071843087
Applying: stable-indices (0.7.0)

[90mstdout[2m | src/commands/__tests__/add-attachment-mermaid-validation.test.ts[2m > [22m[2mFeature: Validate Mermaid diagrams in attachments[2m > [22m[2mScenario: Attach markdown file with valid Mermaid code block[2m > [22m[2mshould extract and validate the mermaid code block
[22m[39m✓ Migration complete: v0.6.0 → 0.7.0

[90mstdout[2m | src/commands/__tests__/add-attachment-mermaid-validation.test.ts[2m > [22m[2mFeature: Validate Mermaid diagrams in attachments[2m > [22m[2mScenario: Attach markdown file with valid Mermaid code block[2m > [22m[2mshould extract and validate the mermaid code block
[22m[39m✓ Attachment added successfully
  File: spec/attachments/AUTH-001/architecture.md

 [32m✓[39m src/commands/__tests__/add-attachment-mermaid-validation.test.ts [2m([22m[2m4 tests[22m[2m)[22m[32m 204[2mms[22m[39m
 [32m✓[39m src/commands/__tests__/register-tag.test.ts [2m([22m[2m13 tests[22m[2m)[22m[32m 191[2mms[22m[39m
[90mstdout[2m | src/commands/__tests__/stable-question-indices.test.ts[2m > [22m[2mFeature: Stable Question Indices for Concurrent Answers[2m > [22m[2mScenario: Answer question marks it as selected without removing[2m > [22m[2mshould mark question as selected and preserve all indices
[22m[39m⚠ Migrating work-units.json from v0.6.0 to 0.7.0...

[90mstdout[2m | src/commands/__tests__/stable-question-indices.test.ts[2m > [22m[2mFeature: Stable Question Indices for Concurrent Answers[2m > [22m[2mScenario: Answer question marks it as selected without removing[2m > [22m[2mshould mark question as selected and preserve all indices
[22m[39mBackup created: spec/work-units.json.backup-0.7.0-1762071843634
Applying: stable-indices (0.7.0)

[90mstdout[2m | src/commands/__tests__/stable-question-indices.test.ts[2m > [22m[2mFeature: Stable Question Indices for Concurrent Answers[2m > [22m[2mScenario: Answer question marks it as selected without removing[2m > [22m[2mshould mark question as selected and preserve all indices
[22m[39m✓ Migration complete: v0.6.0 → 0.7.0

[90mstdout[2m | src/commands/__tests__/stable-question-indices.test.ts[2m > [22m[2mFeature: Stable Question Indices for Concurrent Answers[2m > [22m[2mScenario: Concurrent answer commands with stable indices[2m > [22m[2mshould handle parallel answers without data loss
[22m[39m⚠ Migrating work-units.json from v0.6.0 to 0.7.0...

[90mstdout[2m | src/commands/__tests__/stable-question-indices.test.ts[2m > [22m[2mFeature: Stable Question Indices for Concurrent Answers[2m > [22m[2mScenario: Concurrent answer commands with stable indices[2m > [22m[2mshould handle parallel answers without data loss
[22m[39mBackup created: spec/work-units.json.backup-0.7.0-1762071843637
Applying: stable-indices (0.7.0)

[90mstdout[2m | src/commands/__tests__/stable-question-indices.test.ts[2m > [22m[2mFeature: Stable Question Indices for Concurrent Answers[2m > [22m[2mScenario: Concurrent answer commands with stable indices[2m > [22m[2mshould handle parallel answers without data loss
[22m[39m✓ Migration complete: v0.6.0 → 0.7.0

[90mstdout[2m | src/commands/__tests__/stable-question-indices.test.ts[2m > [22m[2mFeature: Stable Question Indices for Concurrent Answers[2m > [22m[2mScenario: Validate unanswered questions before testing phase[2m > [22m[2mshould block transition with unselected questions
[22m[39m⚠ Migrating work-units.json from v0.6.0 to 0.7.0...

[90mstdout[2m | src/commands/__tests__/stable-question-indices.test.ts[2m > [22m[2mFeature: Stable Question Indices for Concurrent Answers[2m > [22m[2mScenario: Validate unanswered questions before testing phase[2m > [22m[2mshould block transition with unselected questions
[22m[39mBackup created: spec/work-units.json.backup-0.7.0-1762071843797
Applying: stable-indices (0.7.0)

[90mstdout[2m | src/commands/__tests__/stable-question-indices.test.ts[2m > [22m[2mFeature: Stable Question Indices for Concurrent Answers[2m > [22m[2mScenario: Validate unanswered questions before testing phase[2m > [22m[2mshould block transition with unselected questions
[22m[39m✓ Migration complete: v0.6.0 → 0.7.0

[90mstdout[2m | src/commands/__tests__/stable-question-indices.test.ts[2m > [22m[2mFeature: Stable Question Indices for Concurrent Answers[2m > [22m[2mScenario: Answer same question twice is idempotent[2m > [22m[2mshould allow re-answering with last write wins
[22m[39m⚠ Migrating work-units.json from v0.6.0 to 0.7.0...

[90mstdout[2m | src/commands/__tests__/stable-question-indices.test.ts[2m > [22m[2mFeature: Stable Question Indices for Concurrent Answers[2m > [22m[2mScenario: Answer same question twice is idempotent[2m > [22m[2mshould allow re-answering with last write wins
[22m[39mBackup created: spec/work-units.json.backup-0.7.0-1762071843801
Applying: stable-indices (0.7.0)

[90mstdout[2m | src/commands/__tests__/stable-question-indices.test.ts[2m > [22m[2mFeature: Stable Question Indices for Concurrent Answers[2m > [22m[2mScenario: Answer same question twice is idempotent[2m > [22m[2mshould allow re-answering with last write wins
[22m[39m✓ Migration complete: v0.6.0 → 0.7.0

 [32m✓[39m src/commands/__tests__/stable-question-indices.test.ts [2m([22m[2m6 tests[22m[2m)[22m[32m 180[2mms[22m[39m
 [32m✓[39m src/tui/__tests__/BoardView-shimmer-last-changed.test.tsx [2m([22m[2m6 tests[22m[2m)[22m[32m 172[2mms[22m[39m
[90mstdout[2m | src/commands/__tests__/update-work-unit-status-reminders.test.ts[2m > [22m[2mFeature: Context-aware system-reminders for workflow state transitions[2m > [22m[2mScenario: Show command reminder when transitioning to SPECIFYING state[2m > [22m[2mshould emit system-reminder with discovery commands when moving to specifying
[22m[39m⚠ Migrating work-units.json from v0.6.0 to 0.7.0...

[90mstdout[2m | src/commands/__tests__/update-work-unit-status-reminders.test.ts[2m > [22m[2mFeature: Context-aware system-reminders for workflow state transitions[2m > [22m[2mScenario: Show command reminder when transitioning to SPECIFYING state[2m > [22m[2mshould emit system-reminder with discovery commands when moving to specifying
[22m[39mBackup created: spec/work-units.json.backup-0.7.0-1762071844386
Applying: stable-indices (0.7.0)

[90mstdout[2m | src/commands/__tests__/update-work-unit-status-reminders.test.ts[2m > [22m[2mFeature: Context-aware system-reminders for workflow state transitions[2m > [22m[2mScenario: Show command reminder when transitioning to SPECIFYING state[2m > [22m[2mshould emit system-reminder with discovery commands when moving to specifying
[22m[39m✓ Migration complete: v0.6.0 → 0.7.0

[90mstdout[2m | src/commands/__tests__/update-work-unit-status-reminders.test.ts[2m > [22m[2mFeature: Context-aware system-reminders for workflow state transitions[2m > [22m[2mScenario: Show command reminder when transitioning to TESTING state[2m > [22m[2mshould emit system-reminder with testing commands when moving to testing
[22m[39m⚠ Migrating work-units.json from v0.6.0 to 0.7.0...

[90mstdout[2m | src/commands/__tests__/update-work-unit-status-reminders.test.ts[2m > [22m[2mFeature: Context-aware system-reminders for workflow state transitions[2m > [22m[2mScenario: Show command reminder when transitioning to TESTING state[2m > [22m[2mshould emit system-reminder with testing commands when moving to testing
[22m[39mBackup created: spec/work-units.json.backup-0.7.0-1762071844396
Applying: stable-indices (0.7.0)

[90mstdout[2m | src/commands/__tests__/update-work-unit-status-reminders.test.ts[2m > [22m[2mFeature: Context-aware system-reminders for workflow state transitions[2m > [22m[2mScenario: Show command reminder when transitioning to TESTING state[2m > [22m[2mshould emit system-reminder with testing commands when moving to testing
[22m[39m✓ Migration complete: v0.6.0 → 0.7.0

[90mstdout[2m | src/commands/__tests__/update-work-unit-status-reminders.test.ts[2m > [22m[2mFeature: Context-aware system-reminders for workflow state transitions[2m > [22m[2mScenario: Show command reminder when transitioning to IMPLEMENTING state[2m > [22m[2mshould emit system-reminder with implementation commands when moving to implementing
[22m[39m⚠ Migrating work-units.json from v0.6.0 to 0.7.0...

[90mstdout[2m | src/commands/__tests__/update-work-unit-status-reminders.test.ts[2m > [22m[2mFeature: Context-aware system-reminders for workflow state transitions[2m > [22m[2mScenario: Show command reminder when transitioning to IMPLEMENTING state[2m > [22m[2mshould emit system-reminder with implementation commands when moving to implementing
[22m[39mBackup created: spec/work-units.json.backup-0.7.0-1762071844432
Applying: stable-indices (0.7.0)

[90mstdout[2m | src/commands/__tests__/update-work-unit-status-reminders.test.ts[2m > [22m[2mFeature: Context-aware system-reminders for workflow state transitions[2m > [22m[2mScenario: Show command reminder when transitioning to IMPLEMENTING state[2m > [22m[2mshould emit system-reminder with implementation commands when moving to implementing
[22m[39m✓ Migration complete: v0.6.0 → 0.7.0

[90mstdout[2m | src/commands/__tests__/update-work-unit-status-reminders.test.ts[2m > [22m[2mFeature: Context-aware system-reminders for workflow state transitions[2m > [22m[2mScenario: Show command reminder when transitioning to VALIDATING state[2m > [22m[2mshould emit system-reminder with validation commands (fspec only) when moving to validating
[22m[39m⚠ Migrating work-units.json from v0.6.0 to 0.7.0...

[90mstdout[2m | src/commands/__tests__/update-work-unit-status-reminders.test.ts[2m > [22m[2mFeature: Context-aware system-reminders for workflow state transitions[2m > [22m[2mScenario: Show command reminder when transitioning to VALIDATING state[2m > [22m[2mshould emit system-reminder with validation commands (fspec only) when moving to validating
[22m[39mBackup created: spec/work-units.json.backup-0.7.0-1762071844455
Applying: stable-indices (0.7.0)

[90mstdout[2m | src/commands/__tests__/update-work-unit-status-reminders.test.ts[2m > [22m[2mFeature: Context-aware system-reminders for workflow state transitions[2m > [22m[2mScenario: Show command reminder when transitioning to VALIDATING state[2m > [22m[2mshould emit system-reminder with validation commands (fspec only) when moving to validating
[22m[39m✓ Migration complete: v0.6.0 → 0.7.0

[90mstdout[2m | src/commands/__tests__/update-work-unit-status-reminders.test.ts[2m > [22m[2mFeature: Context-aware system-reminders for workflow state transitions[2m > [22m[2mScenario: Show command reminder when transitioning to VALIDATING state[2m > [22m[2mshould emit system-reminder with validation commands (fspec only) when moving to validating
[22m[39m**IMPORTANT:** NO TEST COMMAND CONFIGURED

No test command configured. Use Read/Glob tools to detect test framework, then run:

  fspec configure-tools --test-command <cmd>

If no test tools detected, search for current best practices:
  Query: "best <platform> testing tools 2025"

Replace <platform> with detected project type (Node.js, Python, Rust, Go, etc.)

Example:
  fspec configure-tools --test-command "npm test"
  fspec configure-tools --test-command "pytest"
  fspec configure-tools --test-command "cargo test"


[90mstdout[2m | src/commands/__tests__/update-work-unit-status-reminders.test.ts[2m > [22m[2mFeature: Context-aware system-reminders for workflow state transitions[2m > [22m[2mScenario: Show command reminder when transitioning to VALIDATING state[2m > [22m[2mshould emit system-reminder with validation commands (fspec only) when moving to validating
[22m[39m**IMPORTANT:** No quality check commands configured

[90mstdout[2m | src/commands/__tests__/update-work-unit-status-reminders.test.ts[2m > [22m[2mFeature: Context-aware system-reminders for workflow state transitions[2m > [22m[2mScenario: No command reminder when transitioning to BACKLOG state[2m > [22m[2mshould prevent moving back to backlog from other states
[22m[39m⚠ Migrating work-units.json from v0.6.0 to 0.7.0...

[90mstdout[2m | src/commands/__tests__/update-work-unit-status-reminders.test.ts[2m > [22m[2mFeature: Context-aware system-reminders for workflow state transitions[2m > [22m[2mScenario: No command reminder when transitioning to BACKLOG state[2m > [22m[2mshould prevent moving back to backlog from other states
[22m[39mBackup created: spec/work-units.json.backup-0.7.0-1762071844479
Applying: stable-indices (0.7.0)

[90mstdout[2m | src/commands/__tests__/update-work-unit-status-reminders.test.ts[2m > [22m[2mFeature: Context-aware system-reminders for workflow state transitions[2m > [22m[2mScenario: No command reminder when transitioning to BACKLOG state[2m > [22m[2mshould prevent moving back to backlog from other states
[22m[39m✓ Migration complete: v0.6.0 → 0.7.0

[90mstdout[2m | src/commands/__tests__/update-work-unit-status-reminders.test.ts[2m > [22m[2mFeature: Context-aware system-reminders for workflow state transitions[2m > [22m[2mScenario: No command reminder when transitioning to DONE state[2m > [22m[2mshould not emit command reminder when moving to done
[22m[39m⚠ Migrating work-units.json from v0.6.0 to 0.7.0...

[90mstdout[2m | src/commands/__tests__/update-work-unit-status-reminders.test.ts[2m > [22m[2mFeature: Context-aware system-reminders for workflow state transitions[2m > [22m[2mScenario: No command reminder when transitioning to DONE state[2m > [22m[2mshould not emit command reminder when moving to done
[22m[39mBackup created: spec/work-units.json.backup-0.7.0-1762071844484
Applying: stable-indices (0.7.0)

[90mstdout[2m | src/commands/__tests__/update-work-unit-status-reminders.test.ts[2m > [22m[2mFeature: Context-aware system-reminders for workflow state transitions[2m > [22m[2mScenario: No command reminder when transitioning to DONE state[2m > [22m[2mshould not emit command reminder when moving to done
[22m[39m✓ Migration complete: v0.6.0 → 0.7.0

[90mstdout[2m | src/commands/__tests__/update-work-unit-status-reminders.test.ts[2m > [22m[2mFeature: Context-aware system-reminders for workflow state transitions[2m > [22m[2mScenario: No command reminder when transitioning to DONE state[2m > [22m[2mshould not emit command reminder when moving to done
[22m[39m**IMPORTANT:** NO TEST COMMAND CONFIGURED

No test command configured. Use Read/Glob tools to detect test framework, then run:

  fspec configure-tools --test-command <cmd>

If no test tools detected, search for current best practices:
  Query: "best <platform> testing tools 2025"

Replace <platform> with detected project type (Node.js, Python, Rust, Go, etc.)

Example:
  fspec configure-tools --test-command "npm test"
  fspec configure-tools --test-command "pytest"
  fspec configure-tools --test-command "cargo test"


[90mstdout[2m | src/commands/__tests__/update-work-unit-status-reminders.test.ts[2m > [22m[2mFeature: Context-aware system-reminders for workflow state transitions[2m > [22m[2mScenario: No command reminder when transitioning to DONE state[2m > [22m[2mshould not emit command reminder when moving to done
[22m[39m**IMPORTANT:** No quality check commands configured

[90mstdout[2m | src/commands/__tests__/update-work-unit-status-reminders.test.ts[2m > [22m[2mFeature: Context-aware system-reminders for workflow state transitions[2m > [22m[2mScenario: No command reminder when transitioning to BLOCKED state[2m > [22m[2mshould not emit command reminder when moving to blocked
[22m[39m⚠ Migrating work-units.json from v0.6.0 to 0.7.0...

[90mstdout[2m | src/commands/__tests__/update-work-unit-status-reminders.test.ts[2m > [22m[2mFeature: Context-aware system-reminders for workflow state transitions[2m > [22m[2mScenario: No command reminder when transitioning to BLOCKED state[2m > [22m[2mshould not emit command reminder when moving to blocked
[22m[39mBackup created: spec/work-units.json.backup-0.7.0-1762071844513
Applying: stable-indices (0.7.0)

[90mstdout[2m | src/commands/__tests__/update-work-unit-status-reminders.test.ts[2m > [22m[2mFeature: Context-aware system-reminders for workflow state transitions[2m > [22m[2mScenario: No command reminder when transitioning to BLOCKED state[2m > [22m[2mshould not emit command reminder when moving to blocked
[22m[39m✓ Migration complete: v0.6.0 → 0.7.0

[90mstdout[2m | src/commands/__tests__/update-work-unit-status-reminders.test.ts[2m > [22m[2mFeature: Context-aware system-reminders for workflow state transitions[2m > [22m[2mScenario: Show reminder every time status changes[2m > [22m[2mshould show reminder again when returning to same state
[22m[39m⚠ Migrating work-units.json from v0.6.0 to 0.7.0...

[90mstdout[2m | src/commands/__tests__/update-work-unit-status-reminders.test.ts[2m > [22m[2mFeature: Context-aware system-reminders for workflow state transitions[2m > [22m[2mScenario: Show reminder every time status changes[2m > [22m[2mshould show reminder again when returning to same state
[22m[39mBackup created: spec/work-units.json.backup-0.7.0-1762071844537
Applying: stable-indices (0.7.0)

[90mstdout[2m | src/commands/__tests__/update-work-unit-status-reminders.test.ts[2m > [22m[2mFeature: Context-aware system-reminders for workflow state transitions[2m > [22m[2mScenario: Show reminder every time status changes[2m > [22m[2mshould show reminder again when returning to same state
[22m[39m✓ Migration complete: v0.6.0 → 0.7.0

 [32m✓[39m src/commands/__tests__/update-work-unit-status-reminders.test.ts [2m([22m[2m8 tests[22m[2m)[22m[32m 173[2mms[22m[39m
 [32m✓[39m src/components/__tests__/agent-selector-duplicate-message.test.tsx [2m([22m[2m1 test[22m[2m)[22m[32m 166[2mms[22m[39m
 [32m✓[39m src/tui/__tests__/BoardView-column-scrolling.test.tsx [2m([22m[2m8 tests[22m[2m)[22m[32m 156[2mms[22m[39m
[90mstdout[2m | src/commands/__tests__/example-mapping-integration.test.ts[2m > [22m[2mFeature: Example Mapping Integration[2m > [22m[2mScenario: Add rule to work unit during discovery[2m > [22m[2mshould add rule to example mapping
[22m[39m⚠ Migrating work-units.json from v0.6.0 to 0.7.0...

[90mstdout[2m | src/commands/__tests__/example-mapping-integration.test.ts[2m > [22m[2mFeature: Example Mapping Integration[2m > [22m[2mScenario: Add rule to work unit during discovery[2m > [22m[2mshould add rule to example mapping
[22m[39mBackup created: spec/work-units.json.backup-0.7.0-1762071845563
Applying: stable-indices (0.7.0)

[90mstdout[2m | src/commands/__tests__/example-mapping-integration.test.ts[2m > [22m[2mFeature: Example Mapping Integration[2m > [22m[2mScenario: Add rule to work unit during discovery[2m > [22m[2mshould add rule to example mapping
[22m[39m✓ Migration complete: v0.6.0 → 0.7.0

[90mstdout[2m | src/commands/__tests__/example-mapping-integration.test.ts[2m > [22m[2mFeature: Example Mapping Integration[2m > [22m[2mScenario: Add multiple rules to work unit[2m > [22m[2mshould add multiple rules
[22m[39m⚠ Migrating work-units.json from v0.6.0 to 0.7.0...

[90mstdout[2m | src/commands/__tests__/example-mapping-integration.test.ts[2m > [22m[2mFeature: Example Mapping Integration[2m > [22m[2mScenario: Add multiple rules to work unit[2m > [22m[2mshould add multiple rules
[22m[39mBackup created: spec/work-units.json.backup-0.7.0-1762071845568
Applying: stable-indices (0.7.0)

[90mstdout[2m | src/commands/__tests__/example-mapping-integration.test.ts[2m > [22m[2mFeature: Example Mapping Integration[2m > [22m[2mScenario: Add multiple rules to work unit[2m > [22m[2mshould add multiple rules
[22m[39m✓ Migration complete: v0.6.0 → 0.7.0

[90mstdout[2m | src/commands/__tests__/example-mapping-integration.test.ts[2m > [22m[2mFeature: Example Mapping Integration[2m > [22m[2mScenario: Add example that will become a scenario[2m > [22m[2mshould add example for scenario generation
[22m[39m⚠ Migrating work-units.json from v0.6.0 to 0.7.0...

[90mstdout[2m | src/commands/__tests__/example-mapping-integration.test.ts[2m > [22m[2mFeature: Example Mapping Integration[2m > [22m[2mScenario: Add example that will become a scenario[2m > [22m[2mshould add example for scenario generation
[22m[39mBackup created: spec/work-units.json.backup-0.7.0-1762071845572
Applying: stable-indices (0.7.0)

[90mstdout[2m | src/commands/__tests__/example-mapping-integration.test.ts[2m > [22m[2mFeature: Example Mapping Integration[2m > [22m[2mScenario: Add example that will become a scenario[2m > [22m[2mshould add example for scenario generation
[22m[39m✓ Migration complete: v0.6.0 → 0.7.0

[90mstdout[2m | src/commands/__tests__/example-mapping-integration.test.ts[2m > [22m[2mFeature: Example Mapping Integration[2m > [22m[2mScenario: Add multiple examples for scenario candidates[2m > [22m[2mshould add multiple examples
[22m[39m⚠ Migrating work-units.json from v0.6.0 to 0.7.0...

[90mstdout[2m | src/commands/__tests__/example-mapping-integration.test.ts[2m > [22m[2mFeature: Example Mapping Integration[2m > [22m[2mScenario: Add multiple examples for scenario candidates[2m > [22m[2mshould add multiple examples
[22m[39mBackup created: spec/work-units.json.backup-0.7.0-1762071845575
Applying: stable-indices (0.7.0)

[90mstdout[2m | src/commands/__tests__/example-mapping-integration.test.ts[2m > [22m[2mFeature: Example Mapping Integration[2m > [22m[2mScenario: Add multiple examples for scenario candidates[2m > [22m[2mshould add multiple examples
[22m[39m✓ Migration complete: v0.6.0 → 0.7.0

[90mstdout[2m | src/commands/__tests__/example-mapping-integration.test.ts[2m > [22m[2mFeature: Example Mapping Integration[2m > [22m[2mScenario: Add question that needs human answer[2m > [22m[2mshould add unanswered question
[22m[39m⚠ Migrating work-units.json from v0.6.0 to 0.7.0...

[90mstdout[2m | src/commands/__tests__/example-mapping-integration.test.ts[2m > [22m[2mFeature: Example Mapping Integration[2m > [22m[2mScenario: Add question that needs human answer[2m > [22m[2mshould add unanswered question
[22m[39mBackup created: spec/work-units.json.backup-0.7.0-1762071845580
Applying: stable-indices (0.7.0)

[90mstdout[2m | src/commands/__tests__/example-mapping-integration.test.ts[2m > [22m[2mFeature: Example Mapping Integration[2m > [22m[2mScenario: Add question that needs human answer[2m > [22m[2mshould add unanswered question
[22m[39m✓ Migration complete: v0.6.0 → 0.7.0

[90mstdout[2m | src/commands/__tests__/example-mapping-integration.test.ts[2m > [22m[2mFeature: Example Mapping Integration[2m > [22m[2mScenario: Add question mentioning specific person[2m > [22m[2mshould track person in question
[22m[39m⚠ Migrating work-units.json from v0.6.0 to 0.7.0...

[90mstdout[2m | src/commands/__tests__/example-mapping-integration.test.ts[2m > [22m[2mFeature: Example Mapping Integration[2m > [22m[2mScenario: Add question mentioning specific person[2m > [22m[2mshould track person in question
[22m[39mBackup created: spec/work-units.json.backup-0.7.0-1762071845582
Applying: stable-indices (0.7.0)

[90mstdout[2m | src/commands/__tests__/example-mapping-integration.test.ts[2m > [22m[2mFeature: Example Mapping Integration[2m > [22m[2mScenario: Add question mentioning specific person[2m > [22m[2mshould track person in question
[22m[39m✓ Migration complete: v0.6.0 → 0.7.0

[90mstdout[2m | src/commands/__tests__/example-mapping-integration.test.ts[2m > [22m[2mFeature: Example Mapping Integration[2m > [22m[2mScenario: Add assumption about requirements[2m > [22m[2mshould record assumption
[22m[39m⚠ Migrating work-units.json from v0.6.0 to 0.7.0...

[90mstdout[2m | src/commands/__tests__/example-mapping-integration.test.ts[2m > [22m[2mFeature: Example Mapping Integration[2m > [22m[2mScenario: Add assumption about requirements[2m > [22m[2mshould record assumption
[22m[39mBackup created: spec/work-units.json.backup-0.7.0-1762071845585
Applying: stable-indices (0.7.0)

[90mstdout[2m | src/commands/__tests__/example-mapping-integration.test.ts[2m > [22m[2mFeature: Example Mapping Integration[2m > [22m[2mScenario: Add assumption about requirements[2m > [22m[2mshould record assumption
[22m[39m✓ Migration complete: v0.6.0 → 0.7.0

[90mstdout[2m | src/commands/__tests__/example-mapping-integration.test.ts[2m > [22m[2mFeature: Example Mapping Integration[2m > [22m[2mScenario: Complete example mapping session with all four artifacts[2m > [22m[2mshould have rules, examples, questions, and assumptions
[22m[39m⚠ Migrating work-units.json from v0.6.0 to 0.7.0...

[90mstdout[2m | src/commands/__tests__/example-mapping-integration.test.ts[2m > [22m[2mFeature: Example Mapping Integration[2m > [22m[2mScenario: Complete example mapping session with all four artifacts[2m > [22m[2mshould have rules, examples, questions, and assumptions
[22m[39mBackup created: spec/work-units.json.backup-0.7.0-1762071845587
Applying: stable-indices (0.7.0)

[90mstdout[2m | src/commands/__tests__/example-mapping-integration.test.ts[2m > [22m[2mFeature: Example Mapping Integration[2m > [22m[2mScenario: Complete example mapping session with all four artifacts[2m > [22m[2mshould have rules, examples, questions, and assumptions
[22m[39m✓ Migration complete: v0.6.0 → 0.7.0

[90mstdout[2m | src/commands/__tests__/example-mapping-integration.test.ts[2m > [22m[2mFeature: Example Mapping Integration[2m > [22m[2mScenario: Remove rule by index[2m > [22m[2mshould remove rule at specific index
[22m[39m⚠ Migrating work-units.json from v0.6.0 to 0.7.0...

[90mstdout[2m | src/commands/__tests__/example-mapping-integration.test.ts[2m > [22m[2mFeature: Example Mapping Integration[2m > [22m[2mScenario: Remove rule by index[2m > [22m[2mshould remove rule at specific index
[22m[39mBackup created: spec/work-units.json.backup-0.7.0-1762071845608
Applying: stable-indices (0.7.0)

[90mstdout[2m | src/commands/__tests__/example-mapping-integration.test.ts[2m > [22m[2mFeature: Example Mapping Integration[2m > [22m[2mScenario: Remove rule by index[2m > [22m[2mshould remove rule at specific index
[22m[39m✓ Migration complete: v0.6.0 → 0.7.0

[90mstdout[2m | src/commands/__tests__/example-mapping-integration.test.ts[2m > [22m[2mFeature: Example Mapping Integration[2m > [22m[2mScenario: Remove example by index[2m > [22m[2mshould remove example at specific index
[22m[39m⚠ Migrating work-units.json from v0.6.0 to 0.7.0...

[90mstdout[2m | src/commands/__tests__/example-mapping-integration.test.ts[2m > [22m[2mFeature: Example Mapping Integration[2m > [22m[2mScenario: Remove example by index[2m > [22m[2mshould remove example at specific index
[22m[39mBackup created: spec/work-units.json.backup-0.7.0-1762071845610
Applying: stable-indices (0.7.0)

[90mstdout[2m | src/commands/__tests__/example-mapping-integration.test.ts[2m > [22m[2mFeature: Example Mapping Integration[2m > [22m[2mScenario: Remove example by index[2m > [22m[2mshould remove example at specific index
[22m[39m✓ Migration complete: v0.6.0 → 0.7.0

[90mstdout[2m | src/commands/__tests__/example-mapping-integration.test.ts[2m > [22m[2mFeature: Example Mapping Integration[2m > [22m[2mScenario: Remove question by index[2m > [22m[2mshould remove question at specific index
[22m[39m⚠ Migrating work-units.json from v0.6.0 to 0.7.0...

[90mstdout[2m | src/commands/__tests__/example-mapping-integration.test.ts[2m > [22m[2mFeature: Example Mapping Integration[2m > [22m[2mScenario: Remove question by index[2m > [22m[2mshould remove question at specific index
[22m[39mBackup created: spec/work-units.json.backup-0.7.0-1762071845612
Applying: stable-indices (0.7.0)

[90mstdout[2m | src/commands/__tests__/example-mapping-integration.test.ts[2m > [22m[2mFeature: Example Mapping Integration[2m > [22m[2mScenario: Remove question by index[2m > [22m[2mshould remove question at specific index
[22m[39m✓ Migration complete: v0.6.0 → 0.7.0

[90mstdout[2m | src/commands/__tests__/example-mapping-integration.test.ts[2m > [22m[2mFeature: Example Mapping Integration[2m > [22m[2mScenario: Attempt to remove item with invalid index[2m > [22m[2mshould fail when index out of range
[22m[39m⚠ Migrating work-units.json from v0.6.0 to 0.7.0...

[90mstdout[2m | src/commands/__tests__/example-mapping-integration.test.ts[2m > [22m[2mFeature: Example Mapping Integration[2m > [22m[2mScenario: Attempt to remove item with invalid index[2m > [22m[2mshould fail when index out of range
[22m[39mBackup created: spec/work-units.json.backup-0.7.0-1762071845614
Applying: stable-indices (0.7.0)

[90mstdout[2m | src/commands/__tests__/example-mapping-integration.test.ts[2m > [22m[2mFeature: Example Mapping Integration[2m > [22m[2mScenario: Attempt to remove item with invalid index[2m > [22m[2mshould fail when index out of range
[22m[39m✓ Migration complete: v0.6.0 → 0.7.0

[90mstdout[2m | src/commands/__tests__/example-mapping-integration.test.ts[2m > [22m[2mFeature: Example Mapping Integration[2m > [22m[2mScenario: Answer question and add to assumptions[2m > [22m[2mshould move answered question to assumptions
[22m[39m⚠ Migrating work-units.json from v0.6.0 to 0.7.0...

[90mstdout[2m | src/commands/__tests__/example-mapping-integration.test.ts[2m > [22m[2mFeature: Example Mapping Integration[2m > [22m[2mScenario: Answer question and add to assumptions[2m > [22m[2mshould move answered question to assumptions
[22m[39mBackup created: spec/work-units.json.backup-0.7.0-1762071845616
Applying: stable-indices (0.7.0)

[90mstdout[2m | src/commands/__tests__/example-mapping-integration.test.ts[2m > [22m[2mFeature: Example Mapping Integration[2m > [22m[2mScenario: Answer question and add to assumptions[2m > [22m[2mshould move answered question to assumptions
[22m[39m✓ Migration complete: v0.6.0 → 0.7.0

[90mstdout[2m | src/commands/__tests__/example-mapping-integration.test.ts[2m > [22m[2mFeature: Example Mapping Integration[2m > [22m[2mScenario: Answer question and add to rules[2m > [22m[2mshould move answered question to rules
[22m[39m⚠ Migrating work-units.json from v0.6.0 to 0.7.0...

[90mstdout[2m | src/commands/__tests__/example-mapping-integration.test.ts[2m > [22m[2mFeature: Example Mapping Integration[2m > [22m[2mScenario: Answer question and add to rules[2m > [22m[2mshould move answered question to rules
[22m[39mBackup created: spec/work-units.json.backup-0.7.0-1762071845618
Applying: stable-indices (0.7.0)

[90mstdout[2m | src/commands/__tests__/example-mapping-integration.test.ts[2m > [22m[2mFeature: Example Mapping Integration[2m > [22m[2mScenario: Answer question and add to rules[2m > [22m[2mshould move answered question to rules
[22m[39m✓ Migration complete: v0.6.0 → 0.7.0

[90mstdout[2m | src/commands/__tests__/example-mapping-integration.test.ts[2m > [22m[2mFeature: Example Mapping Integration[2m > [22m[2mScenario: Answer question without adding to rules or assumptions[2m > [22m[2mshould remove question without adding anywhere
[22m[39m⚠ Migrating work-units.json from v0.6.0 to 0.7.0...

[90mstdout[2m | src/commands/__tests__/example-mapping-integration.test.ts[2m > [22m[2mFeature: Example Mapping Integration[2m > [22m[2mScenario: Answer question without adding to rules or assumptions[2m > [22m[2mshould remove question without adding anywhere
[22m[39mBackup created: spec/work-units.json.backup-0.7.0-1762071845620
Applying: stable-indices (0.7.0)

[90mstdout[2m | src/commands/__tests__/example-mapping-integration.test.ts[2m > [22m[2mFeature: Example Mapping Integration[2m > [22m[2mScenario: Answer question without adding to rules or assumptions[2m > [22m[2mshould remove question without adding anywhere
[22m[39m✓ Migration complete: v0.6.0 → 0.7.0

[90mstdout[2m | src/commands/__tests__/example-mapping-integration.test.ts[2m > [22m[2mFeature: Example Mapping Integration[2m > [22m[2mScenario: Generate context-only feature file with example mapping comments[2m > [22m[2mshould create feature file with comments and NO scenarios
[22m[39m⚠ Migrating work-units.json from v0.6.0 to 0.7.0...

[90mstdout[2m | src/commands/__tests__/example-mapping-integration.test.ts[2m > [22m[2mFeature: Example Mapping Integration[2m > [22m[2mScenario: Generate context-only feature file with example mapping comments[2m > [22m[2mshould create feature file with comments and NO scenarios
[22m[39mBackup created: spec/work-units.json.backup-0.7.0-1762071845623
Applying: stable-indices (0.7.0)

[90mstdout[2m | src/commands/__tests__/example-mapping-integration.test.ts[2m > [22m[2mFeature: Example Mapping Integration[2m > [22m[2mScenario: Generate context-only feature file with example mapping comments[2m > [22m[2mshould create feature file with comments and NO scenarios
[22m[39m✓ Migration complete: v0.6.0 → 0.7.0

[90mstdout[2m | src/commands/__tests__/example-mapping-integration.test.ts[2m > [22m[2mFeature: Example Mapping Integration[2m > [22m[2mScenario: Prevent moving to testing when questions remain unanswered[2m > [22m[2mshould block testing state when questions unanswered
[22m[39m⚠ Migrating work-units.json from v0.6.0 to 0.7.0...

[90mstdout[2m | src/commands/__tests__/example-mapping-integration.test.ts[2m > [22m[2mFeature: Example Mapping Integration[2m > [22m[2mScenario: Prevent moving to testing when questions remain unanswered[2m > [22m[2mshould block testing state when questions unanswered
[22m[39mBackup created: spec/work-units.json.backup-0.7.0-1762071845666
Applying: stable-indices (0.7.0)

[90mstdout[2m | src/commands/__tests__/example-mapping-integration.test.ts[2m > [22m[2mFeature: Example Mapping Integration[2m > [22m[2mScenario: Prevent moving to testing when questions remain unanswered[2m > [22m[2mshould block testing state when questions unanswered
[22m[39m✓ Migration complete: v0.6.0 → 0.7.0

[90mstdout[2m | src/commands/__tests__/example-mapping-integration.test.ts[2m > [22m[2mFeature: Example Mapping Integration[2m > [22m[2mScenario: Warn when moving to testing with no examples[2m > [22m[2mshould warn when no examples defined
[22m[39m⚠ Migrating work-units.json from v0.6.0 to 0.7.0...

[90mstdout[2m | src/commands/__tests__/example-mapping-integration.test.ts[2m > [22m[2mFeature: Example Mapping Integration[2m > [22m[2mScenario: Warn when moving to testing with no examples[2m > [22m[2mshould warn when no examples defined
[22m[39mBackup created: spec/work-units.json.backup-0.7.0-1762071845669
Applying: stable-indices (0.7.0)

[90mstdout[2m | src/commands/__tests__/example-mapping-integration.test.ts[2m > [22m[2mFeature: Example Mapping Integration[2m > [22m[2mScenario: Warn when moving to testing with no examples[2m > [22m[2mshould warn when no examples defined
[22m[39m✓ Migration complete: v0.6.0 → 0.7.0

[90mstdout[2m | src/commands/__tests__/example-mapping-integration.test.ts[2m > [22m[2mFeature: Example Mapping Integration[2m > [22m[2mScenario: Bulk add multiple items from JSON[2m > [22m[2mshould import example mapping from JSON
[22m[39m⚠ Migrating work-units.json from v0.6.0 to 0.7.0...

[90mstdout[2m | src/commands/__tests__/example-mapping-integration.test.ts[2m > [22m[2mFeature: Example Mapping Integration[2m > [22m[2mScenario: Bulk add multiple items from JSON[2m > [22m[2mshould import example mapping from JSON
[22m[39mBackup created: spec/work-units.json.backup-0.7.0-1762071845699
Applying: stable-indices (0.7.0)

[90mstdout[2m | src/commands/__tests__/example-mapping-integration.test.ts[2m > [22m[2mFeature: Example Mapping Integration[2m > [22m[2mScenario: Bulk add multiple items from JSON[2m > [22m[2mshould import example mapping from JSON
[22m[39m✓ Migration complete: v0.6.0 → 0.7.0

[90mstdout[2m | src/commands/__tests__/example-mapping-integration.test.ts[2m > [22m[2mFeature: Example Mapping Integration[2m > [22m[2mScenario: Export example mapping to JSON[2m > [22m[2mshould export example mapping as JSON
[22m[39m⚠ Migrating work-units.json from v0.6.0 to 0.7.0...

[90mstdout[2m | src/commands/__tests__/example-mapping-integration.test.ts[2m > [22m[2mFeature: Example Mapping Integration[2m > [22m[2mScenario: Export example mapping to JSON[2m > [22m[2mshould export example mapping as JSON
[22m[39mBackup created: spec/work-units.json.backup-0.7.0-1762071845701
Applying: stable-indices (0.7.0)

[90mstdout[2m | src/commands/__tests__/example-mapping-integration.test.ts[2m > [22m[2mFeature: Example Mapping Integration[2m > [22m[2mScenario: Export example mapping to JSON[2m > [22m[2mshould export example mapping as JSON
[22m[39m✓ Migration complete: v0.6.0 → 0.7.0

[90mstdout[2m | src/commands/__tests__/example-mapping-integration.test.ts[2m > [22m[2mFeature: Example Mapping Integration[2m > [22m[2mScenario: Validate example mapping data structure[2m > [22m[2mshould validate example mapping JSON schema
[22m[39m⚠ Migrating work-units.json from v0.6.0 to 0.7.0...

[90mstdout[2m | src/commands/__tests__/example-mapping-integration.test.ts[2m > [22m[2mFeature: Example Mapping Integration[2m > [22m[2mScenario: Validate example mapping data structure[2m > [22m[2mshould validate example mapping JSON schema
[22m[39mBackup created: spec/work-units.json.backup-0.7.0-1762071845709
Applying: stable-indices (0.7.0)

[90mstdout[2m | src/commands/__tests__/example-mapping-integration.test.ts[2m > [22m[2mFeature: Example Mapping Integration[2m > [22m[2mScenario: Validate example mapping data structure[2m > [22m[2mshould validate example mapping JSON schema
[22m[39m✓ Migration complete: v0.6.0 → 0.7.0

[90mstdout[2m | src/commands/__tests__/example-mapping-integration.test.ts[2m > [22m[2mFeature: Example Mapping Integration[2m > [22m[2mScenario: AI refines generated scenario with proper Given/When/Then[2m > [22m[2mshould allow AI to refine scenario structure
[22m[39m⚠ Migrating work-units.json from v0.6.0 to 0.7.0...

[90mstdout[2m | src/commands/__tests__/example-mapping-integration.test.ts[2m > [22m[2mFeature: Example Mapping Integration[2m > [22m[2mScenario: AI refines generated scenario with proper Given/When/Then[2m > [22m[2mshould allow AI to refine scenario structure
[22m[39mBackup created: spec/work-units.json.backup-0.7.0-1762071845711
Applying: stable-indices (0.7.0)

[90mstdout[2m | src/commands/__tests__/example-mapping-integration.test.ts[2m > [22m[2mFeature: Example Mapping Integration[2m > [22m[2mScenario: AI refines generated scenario with proper Given/When/Then[2m > [22m[2mshould allow AI to refine scenario structure
[22m[39m✓ Migration complete: v0.6.0 → 0.7.0

[90mstdout[2m | src/commands/__tests__/example-mapping-integration.test.ts[2m > [22m[2mFeature: Example Mapping Integration[2m > [22m[2mScenario: Show example mapping completeness metrics[2m > [22m[2mshould calculate example mapping completeness
[22m[39m⚠ Migrating work-units.json from v0.6.0 to 0.7.0...

[90mstdout[2m | src/commands/__tests__/example-mapping-integration.test.ts[2m > [22m[2mFeature: Example Mapping Integration[2m > [22m[2mScenario: Show example mapping completeness metrics[2m > [22m[2mshould calculate example mapping completeness
[22m[39mBackup created: spec/work-units.json.backup-0.7.0-1762071845713
Applying: stable-indices (0.7.0)

[90mstdout[2m | src/commands/__tests__/example-mapping-integration.test.ts[2m > [22m[2mFeature: Example Mapping Integration[2m > [22m[2mScenario: Show example mapping completeness metrics[2m > [22m[2mshould calculate example mapping completeness
[22m[39m✓ Migration complete: v0.6.0 → 0.7.0

[90mstdout[2m | src/commands/__tests__/example-mapping-integration.test.ts[2m > [22m[2mFeature: Example Mapping Integration[2m > [22m[2mScenario: Attempt to add example mapping to non-existent work unit[2m > [22m[2mshould fail when work unit does not exist
[22m[39m⚠ Migrating work-units.json from v0.6.0 to 0.7.0...

[90mstdout[2m | src/commands/__tests__/example-mapping-integration.test.ts[2m > [22m[2mFeature: Example Mapping Integration[2m > [22m[2mScenario: Attempt to add example mapping to non-existent work unit[2m > [22m[2mshould fail when work unit does not exist
[22m[39mBackup created: spec/work-units.json.backup-0.7.0-1762071845715
Applying: stable-indices (0.7.0)

[90mstdout[2m | src/commands/__tests__/example-mapping-integration.test.ts[2m > [22m[2mFeature: Example Mapping Integration[2m > [22m[2mScenario: Attempt to add example mapping to non-existent work unit[2m > [22m[2mshould fail when work unit does not exist
[22m[39m✓ Migration complete: v0.6.0 → 0.7.0

 [32m✓[39m src/commands/__tests__/example-mapping-integration.test.ts [2m([22m[2m27 tests[22m[2m)[22m[32m 157[2mms[22m[39m
[90mstdout[2m | src/commands/__tests__/work-unit-dependency-management.test.ts[2m > [22m[2mFeature: Work Unit Dependency Management[2m > [22m[2mScenario: Add blocks relationship to work unit[2m > [22m[2mshould create bidirectional blocking relationship
[22m[39m⚠ Migrating work-units.json from v0.6.0 to 0.7.0...

[90mstdout[2m | src/commands/__tests__/work-unit-dependency-management.test.ts[2m > [22m[2mFeature: Work Unit Dependency Management[2m > [22m[2mScenario: Add blocks relationship to work unit[2m > [22m[2mshould create bidirectional blocking relationship
[22m[39mBackup created: spec/work-units.json.backup-0.7.0-1762071845878
Applying: stable-indices (0.7.0)

[90mstdout[2m | src/commands/__tests__/work-unit-dependency-management.test.ts[2m > [22m[2mFeature: Work Unit Dependency Management[2m > [22m[2mScenario: Add blocks relationship to work unit[2m > [22m[2mshould create bidirectional blocking relationship
[22m[39m✓ Migration complete: v0.6.0 → 0.7.0

[90mstdout[2m | src/commands/__tests__/work-unit-dependency-management.test.ts[2m > [22m[2mFeature: Work Unit Dependency Management[2m > [22m[2mScenario: Add blockedBy relationship (inverse of blocks)[2m > [22m[2mshould create bidirectional blocking relationship using blockedBy
[22m[39m⚠ Migrating work-units.json from v0.6.0 to 0.7.0...

[90mstdout[2m | src/commands/__tests__/work-unit-dependency-management.test.ts[2m > [22m[2mFeature: Work Unit Dependency Management[2m > [22m[2mScenario: Add blockedBy relationship (inverse of blocks)[2m > [22m[2mshould create bidirectional blocking relationship using blockedBy
[22m[39mBackup created: spec/work-units.json.backup-0.7.0-1762071845882
Applying: stable-indices (0.7.0)

[90mstdout[2m | src/commands/__tests__/work-unit-dependency-management.test.ts[2m > [22m[2mFeature: Work Unit Dependency Management[2m > [22m[2mScenario: Add blockedBy relationship (inverse of blocks)[2m > [22m[2mshould create bidirectional blocking relationship using blockedBy
[22m[39m✓ Migration complete: v0.6.0 → 0.7.0

[90mstdout[2m | src/commands/__tests__/work-unit-dependency-management.test.ts[2m > [22m[2mFeature: Work Unit Dependency Management[2m > [22m[2mScenario: Add dependsOn relationship (soft dependency)[2m > [22m[2mshould create unidirectional soft dependency
[22m[39m⚠ Migrating work-units.json from v0.6.0 to 0.7.0...

[90mstdout[2m | src/commands/__tests__/work-unit-dependency-management.test.ts[2m > [22m[2mFeature: Work Unit Dependency Management[2m > [22m[2mScenario: Add dependsOn relationship (soft dependency)[2m > [22m[2mshould create unidirectional soft dependency
[22m[39mBackup created: spec/work-units.json.backup-0.7.0-1762071845885
Applying: stable-indices (0.7.0)

[90mstdout[2m | src/commands/__tests__/work-unit-dependency-management.test.ts[2m > [22m[2mFeature: Work Unit Dependency Management[2m > [22m[2mScenario: Add dependsOn relationship (soft dependency)[2m > [22m[2mshould create unidirectional soft dependency
[22m[39m✓ Migration complete: v0.6.0 → 0.7.0

[90mstdout[2m | src/commands/__tests__/work-unit-dependency-management.test.ts[2m > [22m[2mFeature: Work Unit Dependency Management[2m > [22m[2mScenario: Add relatesTo relationship (informational)[2m > [22m[2mshould create bidirectional informational relationship
[22m[39m⚠ Migrating work-units.json from v0.6.0 to 0.7.0...

[90mstdout[2m | src/commands/__tests__/work-unit-dependency-management.test.ts[2m > [22m[2mFeature: Work Unit Dependency Management[2m > [22m[2mScenario: Add relatesTo relationship (informational)[2m > [22m[2mshould create bidirectional informational relationship
[22m[39mBackup created: spec/work-units.json.backup-0.7.0-1762071845888
Applying: stable-indices (0.7.0)

[90mstdout[2m | src/commands/__tests__/work-unit-dependency-management.test.ts[2m > [22m[2mFeature: Work Unit Dependency Management[2m > [22m[2mScenario: Add relatesTo relationship (informational)[2m > [22m[2mshould create bidirectional informational relationship
[22m[39m✓ Migration complete: v0.6.0 → 0.7.0

[90mstdout[2m | src/commands/__tests__/work-unit-dependency-management.test.ts[2m > [22m[2mFeature: Work Unit Dependency Management[2m > [22m[2mScenario: Add multiple dependencies of same type[2m > [22m[2mshould track multiple blocking relationships
[22m[39m⚠ Migrating work-units.json from v0.6.0 to 0.7.0...

[90mstdout[2m | src/commands/__tests__/work-unit-dependency-management.test.ts[2m > [22m[2mFeature: Work Unit Dependency Management[2m > [22m[2mScenario: Add multiple dependencies of same type[2m > [22m[2mshould track multiple blocking relationships
[22m[39mBackup created: spec/work-units.json.backup-0.7.0-1762071845890
Applying: stable-indices (0.7.0)

[90mstdout[2m | src/commands/__tests__/work-unit-dependency-management.test.ts[2m > [22m[2mFeature: Work Unit Dependency Management[2m > [22m[2mScenario: Add multiple dependencies of same type[2m > [22m[2mshould track multiple blocking relationships
[22m[39m✓ Migration complete: v0.6.0 → 0.7.0

[90mstdout[2m | src/commands/__tests__/work-unit-dependency-management.test.ts[2m > [22m[2mFeature: Work Unit Dependency Management[2m > [22m[2mScenario: Add multiple dependency types to same work unit[2m > [22m[2mshould maintain all dependency types simultaneously
[22m[39m⚠ Migrating work-units.json from v0.6.0 to 0.7.0...

[90mstdout[2m | src/commands/__tests__/work-unit-dependency-management.test.ts[2m > [22m[2mFeature: Work Unit Dependency Management[2m > [22m[2mScenario: Add multiple dependency types to same work unit[2m > [22m[2mshould maintain all dependency types simultaneously
[22m[39mBackup created: spec/work-units.json.backup-0.7.0-1762071845894
Applying: stable-indices (0.7.0)

[90mstdout[2m | src/commands/__tests__/work-unit-dependency-management.test.ts[2m > [22m[2mFeature: Work Unit Dependency Management[2m > [22m[2mScenario: Add multiple dependency types to same work unit[2m > [22m[2mshould maintain all dependency types simultaneously
[22m[39m✓ Migration complete: v0.6.0 → 0.7.0

[90mstdout[2m | src/commands/__tests__/work-unit-dependency-management.test.ts[2m > [22m[2mFeature: Work Unit Dependency Management[2m > [22m[2mScenario: Remove blocks relationship (bidirectional cleanup)[2m > [22m[2mshould remove both sides of blocking relationship
[22m[39m⚠ Migrating work-units.json from v0.6.0 to 0.7.0...

[90mstdout[2m | src/commands/__tests__/work-unit-dependency-management.test.ts[2m > [22m[2mFeature: Work Unit Dependency Management[2m > [22m[2mScenario: Remove blocks relationship (bidirectional cleanup)[2m > [22m[2mshould remove both sides of blocking relationship
[22m[39mBackup created: spec/work-units.json.backup-0.7.0-1762071845898
Applying: stable-indices (0.7.0)

[90mstdout[2m | src/commands/__tests__/work-unit-dependency-management.test.ts[2m > [22m[2mFeature: Work Unit Dependency Management[2m > [22m[2mScenario: Remove blocks relationship (bidirectional cleanup)[2m > [22m[2mshould remove both sides of blocking relationship
[22m[39m✓ Migration complete: v0.6.0 → 0.7.0

[90mstdout[2m | src/commands/__tests__/work-unit-dependency-management.test.ts[2m > [22m[2mFeature: Work Unit Dependency Management[2m > [22m[2mScenario: Remove dependsOn relationship (unidirectional)[2m > [22m[2mshould remove only the dependsOn link
[22m[39m⚠ Migrating work-units.json from v0.6.0 to 0.7.0...

[90mstdout[2m | src/commands/__tests__/work-unit-dependency-management.test.ts[2m > [22m[2mFeature: Work Unit Dependency Management[2m > [22m[2mScenario: Remove dependsOn relationship (unidirectional)[2m > [22m[2mshould remove only the dependsOn link
[22m[39mBackup created: spec/work-units.json.backup-0.7.0-1762071845901
Applying: stable-indices (0.7.0)

[90mstdout[2m | src/commands/__tests__/work-unit-dependency-management.test.ts[2m > [22m[2mFeature: Work Unit Dependency Management[2m > [22m[2mScenario: Remove dependsOn relationship (unidirectional)[2m > [22m[2mshould remove only the dependsOn link
[22m[39m✓ Migration complete: v0.6.0 → 0.7.0

[90mstdout[2m | src/commands/__tests__/work-unit-dependency-management.test.ts[2m > [22m[2mFeature: Work Unit Dependency Management[2m > [22m[2mScenario: Detect direct circular dependency[2m > [22m[2mshould prevent A blocks B and B blocks A
[22m[39m⚠ Migrating work-units.json from v0.6.0 to 0.7.0...

[90mstdout[2m | src/commands/__tests__/work-unit-dependency-management.test.ts[2m > [22m[2mFeature: Work Unit Dependency Management[2m > [22m[2mScenario: Detect direct circular dependency[2m > [22m[2mshould prevent A blocks B and B blocks A
[22m[39mBackup created: spec/work-units.json.backup-0.7.0-1762071845903
Applying: stable-indices (0.7.0)

[90mstdout[2m | src/commands/__tests__/work-unit-dependency-management.test.ts[2m > [22m[2mFeature: Work Unit Dependency Management[2m > [22m[2mScenario: Detect direct circular dependency[2m > [22m[2mshould prevent A blocks B and B blocks A
[22m[39m✓ Migration complete: v0.6.0 → 0.7.0

[90mstdout[2m | src/commands/__tests__/work-unit-dependency-management.test.ts[2m > [22m[2mFeature: Work Unit Dependency Management[2m > [22m[2mScenario: Detect transitive circular dependency[2m > [22m[2mshould prevent A blocks B, B blocks C, C blocks A
[22m[39m⚠ Migrating work-units.json from v0.6.0 to 0.7.0...

[90mstdout[2m | src/commands/__tests__/work-unit-dependency-management.test.ts[2m > [22m[2mFeature: Work Unit Dependency Management[2m > [22m[2mScenario: Detect transitive circular dependency[2m > [22m[2mshould prevent A blocks B, B blocks C, C blocks A
[22m[39mBackup created: spec/work-units.json.backup-0.7.0-1762071845905
Applying: stable-indices (0.7.0)

[90mstdout[2m | src/commands/__tests__/work-unit-dependency-management.test.ts[2m > [22m[2mFeature: Work Unit Dependency Management[2m > [22m[2mScenario: Detect transitive circular dependency[2m > [22m[2mshould prevent A blocks B, B blocks C, C blocks A
[22m[39m✓ Migration complete: v0.6.0 → 0.7.0

[90mstdout[2m | src/commands/__tests__/work-unit-dependency-management.test.ts[2m > [22m[2mFeature: Work Unit Dependency Management[2m > [22m[2mScenario: Detect complex circular dependency chain[2m > [22m[2mshould detect cycles in dependency chains
[22m[39m⚠ Migrating work-units.json from v0.6.0 to 0.7.0...

[90mstdout[2m | src/commands/__tests__/work-unit-dependency-management.test.ts[2m > [22m[2mFeature: Work Unit Dependency Management[2m > [22m[2mScenario: Detect complex circular dependency chain[2m > [22m[2mshould detect cycles in dependency chains
[22m[39mBackup created: spec/work-units.json.backup-0.7.0-1762071845906
Applying: stable-indices (0.7.0)

[90mstdout[2m | src/commands/__tests__/work-unit-dependency-management.test.ts[2m > [22m[2mFeature: Work Unit Dependency Management[2m > [22m[2mScenario: Detect complex circular dependency chain[2m > [22m[2mshould detect cycles in dependency chains
[22m[39m✓ Migration complete: v0.6.0 → 0.7.0

[90mstdout[2m | src/commands/__tests__/work-unit-dependency-management.test.ts[2m > [22m[2mFeature: Work Unit Dependency Management[2m > [22m[2mScenario: Attempt to add dependency to non-existent work unit[2m > [22m[2mshould fail when work unit does not exist
[22m[39m⚠ Migrating work-units.json from v0.6.0 to 0.7.0...

[90mstdout[2m | src/commands/__tests__/work-unit-dependency-management.test.ts[2m > [22m[2mFeature: Work Unit Dependency Management[2m > [22m[2mScenario: Attempt to add dependency to non-existent work unit[2m > [22m[2mshould fail when work unit does not exist
[22m[39mBackup created: spec/work-units.json.backup-0.7.0-1762071845907
Applying: stable-indices (0.7.0)

[90mstdout[2m | src/commands/__tests__/work-unit-dependency-management.test.ts[2m > [22m[2mFeature: Work Unit Dependency Management[2m > [22m[2mScenario: Attempt to add dependency to non-existent work unit[2m > [22m[2mshould fail when work unit does not exist
[22m[39m✓ Migration complete: v0.6.0 → 0.7.0

[90mstdout[2m | src/commands/__tests__/work-unit-dependency-management.test.ts[2m > [22m[2mFeature: Work Unit Dependency Management[2m > [22m[2mScenario: Attempt to add dependency targeting non-existent work unit[2m > [22m[2mshould fail when target work unit does not exist
[22m[39m⚠ Migrating work-units.json from v0.6.0 to 0.7.0...

[90mstdout[2m | src/commands/__tests__/work-unit-dependency-management.test.ts[2m > [22m[2mFeature: Work Unit Dependency Management[2m > [22m[2mScenario: Attempt to add dependency targeting non-existent work unit[2m > [22m[2mshould fail when target work unit does not exist
[22m[39mBackup created: spec/work-units.json.backup-0.7.0-1762071845908
Applying: stable-indices (0.7.0)

[90mstdout[2m | src/commands/__tests__/work-unit-dependency-management.test.ts[2m > [22m[2mFeature: Work Unit Dependency Management[2m > [22m[2mScenario: Attempt to add dependency targeting non-existent work unit[2m > [22m[2mshould fail when target work unit does not exist
[22m[39m✓ Migration complete: v0.6.0 → 0.7.0

[90mstdout[2m | src/commands/__tests__/work-unit-dependency-management.test.ts[2m > [22m[2mFeature: Work Unit Dependency Management[2m > [22m[2mScenario: Attempt to create self-dependency[2m > [22m[2mshould prevent work unit from blocking itself
[22m[39m⚠ Migrating work-units.json from v0.6.0 to 0.7.0...

[90mstdout[2m | src/commands/__tests__/work-unit-dependency-management.test.ts[2m > [22m[2mFeature: Work Unit Dependency Management[2m > [22m[2mScenario: Attempt to create self-dependency[2m > [22m[2mshould prevent work unit from blocking itself
[22m[39mBackup created: spec/work-units.json.backup-0.7.0-1762071845910
Applying: stable-indices (0.7.0)

[90mstdout[2m | src/commands/__tests__/work-unit-dependency-management.test.ts[2m > [22m[2mFeature: Work Unit Dependency Management[2m > [22m[2mScenario: Attempt to create self-dependency[2m > [22m[2mshould prevent work unit from blocking itself
[22m[39m✓ Migration complete: v0.6.0 → 0.7.0

[90mstdout[2m | src/commands/__tests__/work-unit-dependency-management.test.ts[2m > [22m[2mFeature: Work Unit Dependency Management[2m > [22m[2mScenario: Attempt to add duplicate dependency[2m > [22m[2mshould prevent adding same dependency twice
[22m[39m⚠ Migrating work-units.json from v0.6.0 to 0.7.0...

[90mstdout[2m | src/commands/__tests__/work-unit-dependency-management.test.ts[2m > [22m[2mFeature: Work Unit Dependency Management[2m > [22m[2mScenario: Attempt to add duplicate dependency[2m > [22m[2mshould prevent adding same dependency twice
[22m[39mBackup created: spec/work-units.json.backup-0.7.0-1762071845911
Applying: stable-indices (0.7.0)

[90mstdout[2m | src/commands/__tests__/work-unit-dependency-management.test.ts[2m > [22m[2mFeature: Work Unit Dependency Management[2m > [22m[2mScenario: Attempt to add duplicate dependency[2m > [22m[2mshould prevent adding same dependency twice
[22m[39m✓ Migration complete: v0.6.0 → 0.7.0

[90mstdout[2m | src/commands/__tests__/work-unit-dependency-management.test.ts[2m > [22m[2mFeature: Work Unit Dependency Management[2m > [22m[2mScenario: Auto-transition to blocked state when blockedBy relationship added[2m > [22m[2mshould automatically move work unit to blocked state
[22m[39m⚠ Migrating work-units.json from v0.6.0 to 0.7.0...

[90mstdout[2m | src/commands/__tests__/work-unit-dependency-management.test.ts[2m > [22m[2mFeature: Work Unit Dependency Management[2m > [22m[2mScenario: Auto-transition to blocked state when blockedBy relationship added[2m > [22m[2mshould automatically move work unit to blocked state
[22m[39mBackup created: spec/work-units.json.backup-0.7.0-1762071845912
Applying: stable-indices (0.7.0)

[90mstdout[2m | src/commands/__tests__/work-unit-dependency-management.test.ts[2m > [22m[2mFeature: Work Unit Dependency Management[2m > [22m[2mScenario: Auto-transition to blocked state when blockedBy relationship added[2m > [22m[2mshould automatically move work unit to blocked state
[22m[39m✓ Migration complete: v0.6.0 → 0.7.0

[90mstdout[2m | src/commands/__tests__/work-unit-dependency-management.test.ts[2m > [22m[2mFeature: Work Unit Dependency Management[2m > [22m[2mScenario: Auto-unblock when blocker completes[2m > [22m[2mshould remain blocked with notification when blocker completes
[22m[39m⚠ Migrating work-units.json from v0.6.0 to 0.7.0...

[90mstdout[2m | src/commands/__tests__/work-unit-dependency-management.test.ts[2m > [22m[2mFeature: Work Unit Dependency Management[2m > [22m[2mScenario: Auto-unblock when blocker completes[2m > [22m[2mshould remain blocked with notification when blocker completes
[22m[39mBackup created: spec/work-units.json.backup-0.7.0-1762071845960
Applying: stable-indices (0.7.0)

[90mstdout[2m | src/commands/__tests__/work-unit-dependency-management.test.ts[2m > [22m[2mFeature: Work Unit Dependency Management[2m > [22m[2mScenario: Auto-unblock when blocker completes[2m > [22m[2mshould remain blocked with notification when blocker completes
[22m[39m✓ Migration complete: v0.6.0 → 0.7.0

[90mstdout[2m | src/commands/__tests__/work-unit-dependency-management.test.ts[2m > [22m[2mFeature: Work Unit Dependency Management[2m > [22m[2mScenario: Warn when deleting work unit that blocks others[2m > [22m[2mshould warn about downstream impact
[22m[39m⚠ Migrating work-units.json from v0.6.0 to 0.7.0...

[90mstdout[2m | src/commands/__tests__/work-unit-dependency-management.test.ts[2m > [22m[2mFeature: Work Unit Dependency Management[2m > [22m[2mScenario: Warn when deleting work unit that blocks others[2m > [22m[2mshould warn about downstream impact
[22m[39mBackup created: spec/work-units.json.backup-0.7.0-1762071845992
Applying: stable-indices (0.7.0)

[90mstdout[2m | src/commands/__tests__/work-unit-dependency-management.test.ts[2m > [22m[2mFeature: Work Unit Dependency Management[2m > [22m[2mScenario: Warn when deleting work unit that blocks others[2m > [22m[2mshould warn about downstream impact
[22m[39m✓ Migration complete: v0.6.0 → 0.7.0

[90mstdout[2m | src/commands/__tests__/work-unit-dependency-management.test.ts[2m > [22m[2mFeature: Work Unit Dependency Management[2m > [22m[2mScenario: Prevent deletion without cascade flag when dependencies exist[2m > [22m[2mshould block deletion when work unit has dependencies
[22m[39m⚠ Migrating work-units.json from v0.6.0 to 0.7.0...

[90mstdout[2m | src/commands/__tests__/work-unit-dependency-management.test.ts[2m > [22m[2mFeature: Work Unit Dependency Management[2m > [22m[2mScenario: Prevent deletion without cascade flag when dependencies exist[2m > [22m[2mshould block deletion when work unit has dependencies
[22m[39mBackup created: spec/work-units.json.backup-0.7.0-1762071845994
Applying: stable-indices (0.7.0)

[90mstdout[2m | src/commands/__tests__/work-unit-dependency-management.test.ts[2m > [22m[2mFeature: Work Unit Dependency Management[2m > [22m[2mScenario: Prevent deletion without cascade flag when dependencies exist[2m > [22m[2mshould block deletion when work unit has dependencies
[22m[39m✓ Migration complete: v0.6.0 → 0.7.0

[90mstdout[2m | src/commands/__tests__/work-unit-dependency-management.test.ts[2m > [22m[2mFeature: Work Unit Dependency Management[2m > [22m[2mScenario: Delete work unit with cascade-dependencies flag[2m > [22m[2mshould clean up all dependencies bidirectionally
[22m[39m⚠ Migrating work-units.json from v0.6.0 to 0.7.0...

[90mstdout[2m | src/commands/__tests__/work-unit-dependency-management.test.ts[2m > [22m[2mFeature: Work Unit Dependency Management[2m > [22m[2mScenario: Delete work unit with cascade-dependencies flag[2m > [22m[2mshould clean up all dependencies bidirectionally
[22m[39mBackup created: spec/work-units.json.backup-0.7.0-1762071845996
Applying: stable-indices (0.7.0)

[90mstdout[2m | src/commands/__tests__/work-unit-dependency-management.test.ts[2m > [22m[2mFeature: Work Unit Dependency Management[2m > [22m[2mScenario: Delete work unit with cascade-dependencies flag[2m > [22m[2mshould clean up all dependencies bidirectionally
[22m[39m✓ Migration complete: v0.6.0 → 0.7.0

[90mstdout[2m | src/commands/__tests__/work-unit-dependency-management.test.ts[2m > [22m[2mFeature: Work Unit Dependency Management[2m > [22m[2mScenario: Bulk add multiple dependencies via JSON[2m > [22m[2mshould add multiple dependencies at once
[22m[39m⚠ Migrating work-units.json from v0.6.0 to 0.7.0...

[90mstdout[2m | src/commands/__tests__/work-unit-dependency-management.test.ts[2m > [22m[2mFeature: Work Unit Dependency Management[2m > [22m[2mScenario: Bulk add multiple dependencies via JSON[2m > [22m[2mshould add multiple dependencies at once
[22m[39mBackup created: spec/work-units.json.backup-0.7.0-1762071845997
Applying: stable-indices (0.7.0)

[90mstdout[2m | src/commands/__tests__/work-unit-dependency-management.test.ts[2m > [22m[2mFeature: Work Unit Dependency Management[2m > [22m[2mScenario: Bulk add multiple dependencies via JSON[2m > [22m[2mshould add multiple dependencies at once
[22m[39m✓ Migration complete: v0.6.0 → 0.7.0

[90mstdout[2m | src/commands/__tests__/work-unit-dependency-management.test.ts[2m > [22m[2mFeature: Work Unit Dependency Management[2m > [22m[2mScenario: Clear all dependencies from work unit with confirmation[2m > [22m[2mshould remove all dependency types
[22m[39m⚠ Migrating work-units.json from v0.6.0 to 0.7.0...

[90mstdout[2m | src/commands/__tests__/work-unit-dependency-management.test.ts[2m > [22m[2mFeature: Work Unit Dependency Management[2m > [22m[2mScenario: Clear all dependencies from work unit with confirmation[2m > [22m[2mshould remove all dependency types
[22m[39mBackup created: spec/work-units.json.backup-0.7.0-1762071846001
Applying: stable-indices (0.7.0)

[90mstdout[2m | src/commands/__tests__/work-unit-dependency-management.test.ts[2m > [22m[2mFeature: Work Unit Dependency Management[2m > [22m[2mScenario: Clear all dependencies from work unit with confirmation[2m > [22m[2mshould remove all dependency types
[22m[39m✓ Migration complete: v0.6.0 → 0.7.0

[90mstdout[2m | src/commands/__tests__/work-unit-dependency-management.test.ts[2m > [22m[2mFeature: Work Unit Dependency Management[2m > [22m[2mScenario: Validate dependency data structure in work-units.json[2m > [22m[2mshould detect invalid dependency arrays
[22m[39m⚠ Migrating work-units.json from v0.6.0 to 0.7.0...

[90mstdout[2m | src/commands/__tests__/work-unit-dependency-management.test.ts[2m > [22m[2mFeature: Work Unit Dependency Management[2m > [22m[2mScenario: Validate dependency data structure in work-units.json[2m > [22m[2mshould detect invalid dependency arrays
[22m[39mBackup created: spec/work-units.json.backup-0.7.0-1762071846005
Applying: stable-indices (0.7.0)

[90mstdout[2m | src/commands/__tests__/work-unit-dependency-management.test.ts[2m > [22m[2mFeature: Work Unit Dependency Management[2m > [22m[2mScenario: Validate dependency data structure in work-units.json[2m > [22m[2mshould detect invalid dependency arrays
[22m[39m✓ Migration complete: v0.6.0 → 0.7.0

[90mstdout[2m | src/commands/__tests__/work-unit-dependency-management.test.ts[2m > [22m[2mFeature: Work Unit Dependency Management[2m > [22m[2mScenario: Repair broken bidirectional dependencies[2m > [22m[2mshould fix mismatched dependency relationships
[22m[39m⚠ Migrating work-units.json from v0.6.0 to 0.7.0...

[90mstdout[2m | src/commands/__tests__/work-unit-dependency-management.test.ts[2m > [22m[2mFeature: Work Unit Dependency Management[2m > [22m[2mScenario: Repair broken bidirectional dependencies[2m > [22m[2mshould fix mismatched dependency relationships
[22m[39mBackup created: spec/work-units.json.backup-0.7.0-1762071846008
Applying: stable-indices (0.7.0)

[90mstdout[2m | src/commands/__tests__/work-unit-dependency-management.test.ts[2m > [22m[2mFeature: Work Unit Dependency Management[2m > [22m[2mScenario: Repair broken bidirectional dependencies[2m > [22m[2mshould fix mismatched dependency relationships
[22m[39m✓ Migration complete: v0.6.0 → 0.7.0

[90mstdout[2m | src/commands/__tests__/work-unit-dependency-management.test.ts[2m > [22m[2mFeature: Work Unit Dependency Management[2m > [22m[2mScenario: Show dependency statistics (count by type)[2m > [22m[2mshould calculate dependency metrics
[22m[39m⚠ Migrating work-units.json from v0.6.0 to 0.7.0...

[90mstdout[2m | src/commands/__tests__/work-unit-dependency-management.test.ts[2m > [22m[2mFeature: Work Unit Dependency Management[2m > [22m[2mScenario: Show dependency statistics (count by type)[2m > [22m[2mshould calculate dependency metrics
[22m[39mBackup created: spec/work-units.json.backup-0.7.0-1762071846010
Applying: stable-indices (0.7.0)

[90mstdout[2m | src/commands/__tests__/work-unit-dependency-management.test.ts[2m > [22m[2mFeature: Work Unit Dependency Management[2m > [22m[2mScenario: Show dependency statistics (count by type)[2m > [22m[2mshould calculate dependency metrics
[22m[39m✓ Migration complete: v0.6.0 → 0.7.0

[90mstdout[2m | src/commands/__tests__/work-unit-dependency-management.test.ts[2m > [22m[2mFeature: Work Unit Dependency Management[2m > [22m[2mScenario: Export dependency graph as Mermaid diagram[2m > [22m[2mshould generate Mermaid flowchart
[22m[39m⚠ Migrating work-units.json from v0.6.0 to 0.7.0...

[90mstdout[2m | src/commands/__tests__/work-unit-dependency-management.test.ts[2m > [22m[2mFeature: Work Unit Dependency Management[2m > [22m[2mScenario: Export dependency graph as Mermaid diagram[2m > [22m[2mshould generate Mermaid flowchart
[22m[39mBackup created: spec/work-units.json.backup-0.7.0-1762071846011
Applying: stable-indices (0.7.0)

[90mstdout[2m | src/commands/__tests__/work-unit-dependency-management.test.ts[2m > [22m[2mFeature: Work Unit Dependency Management[2m > [22m[2mScenario: Export dependency graph as Mermaid diagram[2m > [22m[2mshould generate Mermaid flowchart
[22m[39m✓ Migration complete: v0.6.0 → 0.7.0

[90mstdout[2m | src/commands/__tests__/work-unit-dependency-management.test.ts[2m > [22m[2mFeature: Work Unit Dependency Management[2m > [22m[2mScenario: Warn when starting work with incomplete soft dependencies[2m > [22m[2mshould warn when dependsOn work units not done
[22m[39m⚠ Migrating work-units.json from v0.6.0 to 0.7.0...

[90mstdout[2m | src/commands/__tests__/work-unit-dependency-management.test.ts[2m > [22m[2mFeature: Work Unit Dependency Management[2m > [22m[2mScenario: Warn when starting work with incomplete soft dependencies[2m > [22m[2mshould warn when dependsOn work units not done
[22m[39mBackup created: spec/work-units.json.backup-0.7.0-1762071846013
Applying: stable-indices (0.7.0)

[90mstdout[2m | src/commands/__tests__/work-unit-dependency-management.test.ts[2m > [22m[2mFeature: Work Unit Dependency Management[2m > [22m[2mScenario: Warn when starting work with incomplete soft dependencies[2m > [22m[2mshould warn when dependsOn work units not done
[22m[39m✓ Migration complete: v0.6.0 → 0.7.0

 [32m✓[39m src/commands/__tests__/work-unit-dependency-management.test.ts [2m([22m[2m27 tests[22m[2m)[22m[32m 153[2mms[22m[39m
 [32m✓[39m src/commands/__tests__/update-foundation.test.ts [2m([22m[2m17 tests[22m[2m)[22m[32m 161[2mms[22m[39m
 [32m✓[39m src/commands/__tests__/update-work-unit-status-tool-integration.test.ts [2m([22m[2m3 tests[22m[2m)[22m[32m 140[2mms[22m[39m
 [32m✓[39m src/commands/__tests__/generate-tags-md.test.ts [2m([22m[2m10 tests[22m[2m)[22m[32m 127[2mms[22m[39m
[90mstdout[2m | src/commands/__tests__/virtual-hooks-reminders.test.ts[2m > [22m[2mVirtual hooks system reminders[2m > [22m[2mScenario: Virtual hooks reminder when transitioning from specifying to testing[2m > [22m[2mshould emit virtual hooks reminder
[22m[39m⚠ Migrating work-units.json from v0.6.0 to 0.7.0...

[90mstdout[2m | src/commands/__tests__/virtual-hooks-reminders.test.ts[2m > [22m[2mVirtual hooks system reminders[2m > [22m[2mScenario: Virtual hooks reminder when transitioning from specifying to testing[2m > [22m[2mshould emit virtual hooks reminder
[22m[39mBackup created: spec/work-units.json.backup-0.7.0-1762071847165
Applying: stable-indices (0.7.0)

[90mstdout[2m | src/commands/__tests__/virtual-hooks-reminders.test.ts[2m > [22m[2mVirtual hooks system reminders[2m > [22m[2mScenario: Virtual hooks reminder when transitioning from specifying to testing[2m > [22m[2mshould emit virtual hooks reminder
[22m[39m✓ Migration complete: v0.6.0 → 0.7.0

[90mstdout[2m | src/commands/__tests__/virtual-hooks-reminders.test.ts[2m > [22m[2mVirtual hooks system reminders[2m > [22m[2mScenario: Virtual hooks reminder when transitioning from specifying to testing[2m > [22m[2mshould combine virtual hooks reminder with status change reminder
[22m[39m⚠ Migrating work-units.json from v0.6.0 to 0.7.0...

[90mstdout[2m | src/commands/__tests__/virtual-hooks-reminders.test.ts[2m > [22m[2mVirtual hooks system reminders[2m > [22m[2mScenario: Virtual hooks reminder when transitioning from specifying to testing[2m > [22m[2mshould combine virtual hooks reminder with status change reminder
[22m[39mBackup created: spec/work-units.json.backup-0.7.0-1762071847205
Applying: stable-indices (0.7.0)

[90mstdout[2m | src/commands/__tests__/virtual-hooks-reminders.test.ts[2m > [22m[2mVirtual hooks system reminders[2m > [22m[2mScenario: Virtual hooks reminder when transitioning from specifying to testing[2m > [22m[2mshould combine virtual hooks reminder with status change reminder
[22m[39m✓ Migration complete: v0.6.0 → 0.7.0

[90mstdout[2m | src/commands/__tests__/virtual-hooks-reminders.test.ts[2m > [22m[2mVirtual hooks system reminders[2m > [22m[2mScenario: Cleanup reminder when transitioning to done with virtual hooks[2m > [22m[2mshould emit cleanup reminder when work unit has virtual hooks
[22m[39m⚠ Migrating work-units.json from v0.6.0 to 0.7.0...

[90mstdout[2m | src/commands/__tests__/virtual-hooks-reminders.test.ts[2m > [22m[2mVirtual hooks system reminders[2m > [22m[2mScenario: Cleanup reminder when transitioning to done with virtual hooks[2m > [22m[2mshould emit cleanup reminder when work unit has virtual hooks
[22m[39mBackup created: spec/work-units.json.backup-0.7.0-1762071847218
Applying: stable-indices (0.7.0)

[90mstdout[2m | src/commands/__tests__/virtual-hooks-reminders.test.ts[2m > [22m[2mVirtual hooks system reminders[2m > [22m[2mScenario: Cleanup reminder when transitioning to done with virtual hooks[2m > [22m[2mshould emit cleanup reminder when work unit has virtual hooks
[22m[39m✓ Migration complete: v0.6.0 → 0.7.0

[90mstdout[2m | src/commands/__tests__/virtual-hooks-reminders.test.ts[2m > [22m[2mVirtual hooks system reminders[2m > [22m[2mScenario: Cleanup reminder when transitioning to done with virtual hooks[2m > [22m[2mshould emit cleanup reminder when work unit has virtual hooks
[22m[39m**IMPORTANT:** NO TEST COMMAND CONFIGURED

No test command configured. Use Read/Glob tools to detect test framework, then run:

  fspec configure-tools --test-command <cmd>

If no test tools detected, search for current best practices:
  Query: "best <platform> testing tools 2025"

Replace <platform> with detected project type (Node.js, Python, Rust, Go, etc.)

Example:
  fspec configure-tools --test-command "npm test"
  fspec configure-tools --test-command "pytest"
  fspec configure-tools --test-command "cargo test"


[90mstdout[2m | src/commands/__tests__/virtual-hooks-reminders.test.ts[2m > [22m[2mVirtual hooks system reminders[2m > [22m[2mScenario: Cleanup reminder when transitioning to done with virtual hooks[2m > [22m[2mshould emit cleanup reminder when work unit has virtual hooks
[22m[39m**IMPORTANT:** No quality check commands configured

[90mstdout[2m | src/commands/__tests__/virtual-hooks-reminders.test.ts[2m > [22m[2mVirtual hooks system reminders[2m > [22m[2mScenario: Cleanup reminder when transitioning to done with virtual hooks[2m > [22m[2mshould not emit cleanup reminder when work unit has no virtual hooks
[22m[39m⚠ Migrating work-units.json from v0.6.0 to 0.7.0...

[90mstdout[2m | src/commands/__tests__/virtual-hooks-reminders.test.ts[2m > [22m[2mVirtual hooks system reminders[2m > [22m[2mScenario: Cleanup reminder when transitioning to done with virtual hooks[2m > [22m[2mshould not emit cleanup reminder when work unit has no virtual hooks
[22m[39mBackup created: spec/work-units.json.backup-0.7.0-1762071847239
Applying: stable-indices (0.7.0)

[90mstdout[2m | src/commands/__tests__/virtual-hooks-reminders.test.ts[2m > [22m[2mVirtual hooks system reminders[2m > [22m[2mScenario: Cleanup reminder when transitioning to done with virtual hooks[2m > [22m[2mshould not emit cleanup reminder when work unit has no virtual hooks
[22m[39m✓ Migration complete: v0.6.0 → 0.7.0

[90mstdout[2m | src/commands/__tests__/virtual-hooks-reminders.test.ts[2m > [22m[2mVirtual hooks system reminders[2m > [22m[2mScenario: Cleanup reminder when transitioning to done with virtual hooks[2m > [22m[2mshould not emit cleanup reminder when work unit has no virtual hooks
[22m[39m**IMPORTANT:** NO TEST COMMAND CONFIGURED

No test command configured. Use Read/Glob tools to detect test framework, then run:

  fspec configure-tools --test-command <cmd>

If no test tools detected, search for current best practices:
  Query: "best <platform> testing tools 2025"

Replace <platform> with detected project type (Node.js, Python, Rust, Go, etc.)

Example:
  fspec configure-tools --test-command "npm test"
  fspec configure-tools --test-command "pytest"
  fspec configure-tools --test-command "cargo test"


[90mstdout[2m | src/commands/__tests__/virtual-hooks-reminders.test.ts[2m > [22m[2mVirtual hooks system reminders[2m > [22m[2mScenario: Cleanup reminder when transitioning to done with virtual hooks[2m > [22m[2mshould not emit cleanup reminder when work unit has no virtual hooks
[22m[39m**IMPORTANT:** No quality check commands configured

[90mstdout[2m | src/commands/__tests__/virtual-hooks-reminders.test.ts[2m > [22m[2mVirtual hooks system reminders[2m > [22m[2mScenario: No virtual hooks reminder for non-transitioning statuses[2m > [22m[2mshould not emit virtual hooks reminder when not transitioning from specifying → testing
[22m[39m⚠ Migrating work-units.json from v0.6.0 to 0.7.0...

[90mstdout[2m | src/commands/__tests__/virtual-hooks-reminders.test.ts[2m > [22m[2mVirtual hooks system reminders[2m > [22m[2mScenario: No virtual hooks reminder for non-transitioning statuses[2m > [22m[2mshould not emit virtual hooks reminder when not transitioning from specifying → testing
[22m[39mBackup created: spec/work-units.json.backup-0.7.0-1762071847272
Applying: stable-indices (0.7.0)

[90mstdout[2m | src/commands/__tests__/virtual-hooks-reminders.test.ts[2m > [22m[2mVirtual hooks system reminders[2m > [22m[2mScenario: No virtual hooks reminder for non-transitioning statuses[2m > [22m[2mshould not emit virtual hooks reminder when not transitioning from specifying → testing
[22m[39m✓ Migration complete: v0.6.0 → 0.7.0

[90mstdout[2m | src/commands/__tests__/virtual-hooks-reminders.test.ts[2m > [22m[2mVirtual hooks system reminders[2m > [22m[2mScenario: No virtual hooks reminder for non-transitioning statuses[2m > [22m[2mshould not emit virtual hooks reminder when not transitioning from specifying → testing
[22m[39m**IMPORTANT:** NO TEST COMMAND CONFIGURED

No test command configured. Use Read/Glob tools to detect test framework, then run:

  fspec configure-tools --test-command <cmd>

If no test tools detected, search for current best practices:
  Query: "best <platform> testing tools 2025"

Replace <platform> with detected project type (Node.js, Python, Rust, Go, etc.)

Example:
  fspec configure-tools --test-command "npm test"
  fspec configure-tools --test-command "pytest"
  fspec configure-tools --test-command "cargo test"


[90mstdout[2m | src/commands/__tests__/virtual-hooks-reminders.test.ts[2m > [22m[2mVirtual hooks system reminders[2m > [22m[2mScenario: No virtual hooks reminder for non-transitioning statuses[2m > [22m[2mshould not emit virtual hooks reminder when not transitioning from specifying → testing
[22m[39m**IMPORTANT:** No quality check commands configured

 [32m✓[39m src/commands/__tests__/virtual-hooks-reminders.test.ts [2m([22m[2m5 tests[22m[2m)[22m[32m 121[2mms[22m[39m
[?1000h[?1000h[?1000h[?1000h[?1000h[?1000h[?1000h[?1000h[?1000h[?1000h[?1000h[?1000h[?1000h[?1000h[?1000h[?1000h [32m✓[39m src/tui/components/__tests__/ChangedFilesViewer.test.tsx [2m([22m[2m10 tests[22m[2m)[22m[32m 104[2mms[22m[39m
[?1000l[?1000l[?1000l[?1000l[?1000l[?1000l[?1000l[?1000l[?1000l[?1000l[?1000l[?1000l[?1000l[?1000l[?1000l[?1000l[90mstdout[2m | src/commands/__tests__/work-unit-management.test.ts[2m > [22m[2mFeature: Work Unit Management[2m > [22m[2mScenario: Create work unit with auto-incrementing ID[2m > [22m[2mshould create work unit with auto-incremented ID
[22m[39m⚠ Migrating work-units.json from v0.6.0 to 0.7.0...

[90mstdout[2m | src/commands/__tests__/work-unit-management.test.ts[2m > [22m[2mFeature: Work Unit Management[2m > [22m[2mScenario: Create work unit with auto-incrementing ID[2m > [22m[2mshould create work unit with auto-incremented ID
[22m[39mBackup created: spec/work-units.json.backup-0.7.0-1762071847913
Applying: stable-indices (0.7.0)

[90mstdout[2m | src/commands/__tests__/work-unit-management.test.ts[2m > [22m[2mFeature: Work Unit Management[2m > [22m[2mScenario: Create work unit with auto-incrementing ID[2m > [22m[2mshould create work unit with auto-incremented ID
[22m[39m✓ Migration complete: v0.6.0 → 0.7.0

[90mstdout[2m | src/commands/__tests__/work-unit-management.test.ts[2m > [22m[2mFeature: Work Unit Management[2m > [22m[2mScenario: Create second work unit with incremented ID[2m > [22m[2mshould increment ID for second work unit
[22m[39m⚠ Migrating work-units.json from v0.6.0 to 0.7.0...

[90mstdout[2m | src/commands/__tests__/work-unit-management.test.ts[2m > [22m[2mFeature: Work Unit Management[2m > [22m[2mScenario: Create second work unit with incremented ID[2m > [22m[2mshould increment ID for second work unit
[22m[39mBackup created: spec/work-units.json.backup-0.7.0-1762071847919
Applying: stable-indices (0.7.0)

[90mstdout[2m | src/commands/__tests__/work-unit-management.test.ts[2m > [22m[2mFeature: Work Unit Management[2m > [22m[2mScenario: Create second work unit with incremented ID[2m > [22m[2mshould increment ID for second work unit
[22m[39m✓ Migration complete: v0.6.0 → 0.7.0

[90mstdout[2m | src/commands/__tests__/work-unit-management.test.ts[2m > [22m[2mFeature: Work Unit Management[2m > [22m[2mScenario: Create work unit with epic assignment[2m > [22m[2mshould assign work unit to epic
[22m[39m⚠ Migrating work-units.json from v0.6.0 to 0.7.0...

[90mstdout[2m | src/commands/__tests__/work-unit-management.test.ts[2m > [22m[2mFeature: Work Unit Management[2m > [22m[2mScenario: Create work unit with epic assignment[2m > [22m[2mshould assign work unit to epic
[22m[39mBackup created: spec/work-units.json.backup-0.7.0-1762071847923
Applying: stable-indices (0.7.0)

[90mstdout[2m | src/commands/__tests__/work-unit-management.test.ts[2m > [22m[2mFeature: Work Unit Management[2m > [22m[2mScenario: Create work unit with epic assignment[2m > [22m[2mshould assign work unit to epic
[22m[39m✓ Migration complete: v0.6.0 → 0.7.0

[90mstdout[2m | src/commands/__tests__/work-unit-management.test.ts[2m > [22m[2mFeature: Work Unit Management[2m > [22m[2mScenario: Create work unit with description[2m > [22m[2mshould create work unit with description field
[22m[39m⚠ Migrating work-units.json from v0.6.0 to 0.7.0...

[90mstdout[2m | src/commands/__tests__/work-unit-management.test.ts[2m > [22m[2mFeature: Work Unit Management[2m > [22m[2mScenario: Create work unit with description[2m > [22m[2mshould create work unit with description field
[22m[39mBackup created: spec/work-units.json.backup-0.7.0-1762071847927
Applying: stable-indices (0.7.0)

[90mstdout[2m | src/commands/__tests__/work-unit-management.test.ts[2m > [22m[2mFeature: Work Unit Management[2m > [22m[2mScenario: Create work unit with description[2m > [22m[2mshould create work unit with description field
[22m[39m✓ Migration complete: v0.6.0 → 0.7.0

[90mstdout[2m | src/commands/__tests__/work-unit-management.test.ts[2m > [22m[2mFeature: Work Unit Management[2m > [22m[2mScenario: Create child work unit with parent[2m > [22m[2mshould create child work unit with parent relationship
[22m[39m⚠ Migrating work-units.json from v0.6.0 to 0.7.0...

[90mstdout[2m | src/commands/__tests__/work-unit-management.test.ts[2m > [22m[2mFeature: Work Unit Management[2m > [22m[2mScenario: Create child work unit with parent[2m > [22m[2mshould create child work unit with parent relationship
[22m[39mBackup created: spec/work-units.json.backup-0.7.0-1762071847930
Applying: stable-indices (0.7.0)

[90mstdout[2m | src/commands/__tests__/work-unit-management.test.ts[2m > [22m[2mFeature: Work Unit Management[2m > [22m[2mScenario: Create child work unit with parent[2m > [22m[2mshould create child work unit with parent relationship
[22m[39m✓ Migration complete: v0.6.0 → 0.7.0

[90mstdout[2m | src/commands/__tests__/work-unit-management.test.ts[2m > [22m[2mFeature: Work Unit Management[2m > [22m[2mScenario: Attempt to create child with non-existent parent[2m > [22m[2mshould fail when parent does not exist
[22m[39m⚠ Migrating work-units.json from v0.6.0 to 0.7.0...

[90mstdout[2m | src/commands/__tests__/work-unit-management.test.ts[2m > [22m[2mFeature: Work Unit Management[2m > [22m[2mScenario: Attempt to create child with non-existent parent[2m > [22m[2mshould fail when parent does not exist
[22m[39mBackup created: spec/work-units.json.backup-0.7.0-1762071847936
Applying: stable-indices (0.7.0)

[90mstdout[2m | src/commands/__tests__/work-unit-management.test.ts[2m > [22m[2mFeature: Work Unit Management[2m > [22m[2mScenario: Attempt to create child with non-existent parent[2m > [22m[2mshould fail when parent does not exist
[22m[39m✓ Migration complete: v0.6.0 → 0.7.0

[90mstdout[2m | src/commands/__tests__/work-unit-management.test.ts[2m > [22m[2mFeature: Work Unit Management[2m > [22m[2mScenario: Update work unit title[2m > [22m[2mshould update title of existing work unit
[22m[39m⚠ Migrating work-units.json from v0.6.0 to 0.7.0...

[90mstdout[2m | src/commands/__tests__/work-unit-management.test.ts[2m > [22m[2mFeature: Work Unit Management[2m > [22m[2mScenario: Update work unit title[2m > [22m[2mshould update title of existing work unit
[22m[39mBackup created: spec/work-units.json.backup-0.7.0-1762071847938
Applying: stable-indices (0.7.0)

[90mstdout[2m | src/commands/__tests__/work-unit-management.test.ts[2m > [22m[2mFeature: Work Unit Management[2m > [22m[2mScenario: Update work unit title[2m > [22m[2mshould update title of existing work unit
[22m[39m✓ Migration complete: v0.6.0 → 0.7.0

[90mstdout[2m | src/commands/__tests__/work-unit-management.test.ts[2m > [22m[2mFeature: Work Unit Management[2m > [22m[2mScenario: Update work unit description[2m > [22m[2mshould update description of existing work unit
[22m[39m⚠ Migrating work-units.json from v0.6.0 to 0.7.0...

[90mstdout[2m | src/commands/__tests__/work-unit-management.test.ts[2m > [22m[2mFeature: Work Unit Management[2m > [22m[2mScenario: Update work unit description[2m > [22m[2mshould update description of existing work unit
[22m[39mBackup created: spec/work-units.json.backup-0.7.0-1762071847941
Applying: stable-indices (0.7.0)

[90mstdout[2m | src/commands/__tests__/work-unit-management.test.ts[2m > [22m[2mFeature: Work Unit Management[2m > [22m[2mScenario: Update work unit description[2m > [22m[2mshould update description of existing work unit
[22m[39m✓ Migration complete: v0.6.0 → 0.7.0

[90mstdout[2m | src/commands/__tests__/work-unit-management.test.ts[2m > [22m[2mFeature: Work Unit Management[2m > [22m[2mScenario: Update work unit epic[2m > [22m[2mshould update epic assignment
[22m[39m⚠ Migrating work-units.json from v0.6.0 to 0.7.0...

[90mstdout[2m | src/commands/__tests__/work-unit-management.test.ts[2m > [22m[2mFeature: Work Unit Management[2m > [22m[2mScenario: Update work unit epic[2m > [22m[2mshould update epic assignment
[22m[39mBackup created: spec/work-units.json.backup-0.7.0-1762071847944
Applying: stable-indices (0.7.0)

[90mstdout[2m | src/commands/__tests__/work-unit-management.test.ts[2m > [22m[2mFeature: Work Unit Management[2m > [22m[2mScenario: Update work unit epic[2m > [22m[2mshould update epic assignment
[22m[39m✓ Migration complete: v0.6.0 → 0.7.0

[90mstdout[2m | src/commands/__tests__/work-unit-management.test.ts[2m > [22m[2mFeature: Work Unit Management[2m > [22m[2mScenario: Attempt to update work unit with invalid epic[2m > [22m[2mshould fail when epic does not exist
[22m[39m⚠ Migrating work-units.json from v0.6.0 to 0.7.0...

[90mstdout[2m | src/commands/__tests__/work-unit-management.test.ts[2m > [22m[2mFeature: Work Unit Management[2m > [22m[2mScenario: Attempt to update work unit with invalid epic[2m > [22m[2mshould fail when epic does not exist
[22m[39mBackup created: spec/work-units.json.backup-0.7.0-1762071847947
Applying: stable-indices (0.7.0)

[90mstdout[2m | src/commands/__tests__/work-unit-management.test.ts[2m > [22m[2mFeature: Work Unit Management[2m > [22m[2mScenario: Attempt to update work unit with invalid epic[2m > [22m[2mshould fail when epic does not exist
[22m[39m✓ Migration complete: v0.6.0 → 0.7.0

[90mstdout[2m | src/commands/__tests__/work-unit-management.test.ts[2m > [22m[2mFeature: Work Unit Management[2m > [22m[2mScenario: List all work units[2m > [22m[2mshould list all work units
[22m[39m⚠ Migrating work-units.json from v0.6.0 to 0.7.0...

[90mstdout[2m | src/commands/__tests__/work-unit-management.test.ts[2m > [22m[2mFeature: Work Unit Management[2m > [22m[2mScenario: List all work units[2m > [22m[2mshould list all work units
[22m[39mBackup created: spec/work-units.json.backup-0.7.0-1762071847956
Applying: stable-indices (0.7.0)

[90mstdout[2m | src/commands/__tests__/work-unit-management.test.ts[2m > [22m[2mFeature: Work Unit Management[2m > [22m[2mScenario: List all work units[2m > [22m[2mshould list all work units
[22m[39m✓ Migration complete: v0.6.0 → 0.7.0

[90mstdout[2m | src/commands/__tests__/work-unit-management.test.ts[2m > [22m[2mFeature: Work Unit Management[2m > [22m[2mScenario: List work units filtered by status[2m > [22m[2mshould filter work units by status
[22m[39m⚠ Migrating work-units.json from v0.6.0 to 0.7.0...

[90mstdout[2m | src/commands/__tests__/work-unit-management.test.ts[2m > [22m[2mFeature: Work Unit Management[2m > [22m[2mScenario: List work units filtered by status[2m > [22m[2mshould filter work units by status
[22m[39mBackup created: spec/work-units.json.backup-0.7.0-1762071847958
Applying: stable-indices (0.7.0)

[90mstdout[2m | src/commands/__tests__/work-unit-management.test.ts[2m > [22m[2mFeature: Work Unit Management[2m > [22m[2mScenario: List work units filtered by status[2m > [22m[2mshould filter work units by status
[22m[39m✓ Migration complete: v0.6.0 → 0.7.0

[90mstdout[2m | src/commands/__tests__/work-unit-management.test.ts[2m > [22m[2mFeature: Work Unit Management[2m > [22m[2mScenario: List work units filtered by prefix[2m > [22m[2mshould filter work units by prefix
[22m[39m⚠ Migrating work-units.json from v0.6.0 to 0.7.0...

[90mstdout[2m | src/commands/__tests__/work-unit-management.test.ts[2m > [22m[2mFeature: Work Unit Management[2m > [22m[2mScenario: List work units filtered by prefix[2m > [22m[2mshould filter work units by prefix
[22m[39mBackup created: spec/work-units.json.backup-0.7.0-1762071847960
Applying: stable-indices (0.7.0)

[90mstdout[2m | src/commands/__tests__/work-unit-management.test.ts[2m > [22m[2mFeature: Work Unit Management[2m > [22m[2mScenario: List work units filtered by prefix[2m > [22m[2mshould filter work units by prefix
[22m[39m✓ Migration complete: v0.6.0 → 0.7.0

[90mstdout[2m | src/commands/__tests__/work-unit-management.test.ts[2m > [22m[2mFeature: Work Unit Management[2m > [22m[2mScenario: List work units filtered by epic[2m > [22m[2mshould filter work units by epic
[22m[39m⚠ Migrating work-units.json from v0.6.0 to 0.7.0...

[90mstdout[2m | src/commands/__tests__/work-unit-management.test.ts[2m > [22m[2mFeature: Work Unit Management[2m > [22m[2mScenario: List work units filtered by epic[2m > [22m[2mshould filter work units by epic
[22m[39mBackup created: spec/work-units.json.backup-0.7.0-1762071847962
Applying: stable-indices (0.7.0)

[90mstdout[2m | src/commands/__tests__/work-unit-management.test.ts[2m > [22m[2mFeature: Work Unit Management[2m > [22m[2mScenario: List work units filtered by epic[2m > [22m[2mshould filter work units by epic
[22m[39m✓ Migration complete: v0.6.0 → 0.7.0

[90mstdout[2m | src/commands/__tests__/work-unit-management.test.ts[2m > [22m[2mFeature: Work Unit Management[2m > [22m[2mScenario: Delete work unit with no dependencies[2m > [22m[2mshould delete work unit without dependencies
[22m[39m⚠ Migrating work-units.json from v0.6.0 to 0.7.0...

[90mstdout[2m | src/commands/__tests__/work-unit-management.test.ts[2m > [22m[2mFeature: Work Unit Management[2m > [22m[2mScenario: Delete work unit with no dependencies[2m > [22m[2mshould delete work unit without dependencies
[22m[39mBackup created: spec/work-units.json.backup-0.7.0-1762071847965
Applying: stable-indices (0.7.0)

[90mstdout[2m | src/commands/__tests__/work-unit-management.test.ts[2m > [22m[2mFeature: Work Unit Management[2m > [22m[2mScenario: Delete work unit with no dependencies[2m > [22m[2mshould delete work unit without dependencies
[22m[39m✓ Migration complete: v0.6.0 → 0.7.0

[90mstdout[2m | src/commands/__tests__/work-unit-management.test.ts[2m > [22m[2mFeature: Work Unit Management[2m > [22m[2mScenario: Force delete work unit without confirmation[2m > [22m[2mshould force delete with --force flag
[22m[39m⚠ Migrating work-units.json from v0.6.0 to 0.7.0...

[90mstdout[2m | src/commands/__tests__/work-unit-management.test.ts[2m > [22m[2mFeature: Work Unit Management[2m > [22m[2mScenario: Force delete work unit without confirmation[2m > [22m[2mshould force delete with --force flag
[22m[39mBackup created: spec/work-units.json.backup-0.7.0-1762071847967
Applying: stable-indices (0.7.0)

[90mstdout[2m | src/commands/__tests__/work-unit-management.test.ts[2m > [22m[2mFeature: Work Unit Management[2m > [22m[2mScenario: Force delete work unit without confirmation[2m > [22m[2mshould force delete with --force flag
[22m[39m✓ Migration complete: v0.6.0 → 0.7.0

[90mstdout[2m | src/commands/__tests__/work-unit-management.test.ts[2m > [22m[2mFeature: Work Unit Management[2m > [22m[2mScenario: Attempt to delete work unit with children[2m > [22m[2mshould fail when work unit has children
[22m[39m⚠ Migrating work-units.json from v0.6.0 to 0.7.0...

[90mstdout[2m | src/commands/__tests__/work-unit-management.test.ts[2m > [22m[2mFeature: Work Unit Management[2m > [22m[2mScenario: Attempt to delete work unit with children[2m > [22m[2mshould fail when work unit has children
[22m[39mBackup created: spec/work-units.json.backup-0.7.0-1762071847969
Applying: stable-indices (0.7.0)

[90mstdout[2m | src/commands/__tests__/work-unit-management.test.ts[2m > [22m[2mFeature: Work Unit Management[2m > [22m[2mScenario: Attempt to delete work unit with children[2m > [22m[2mshould fail when work unit has children
[22m[39m✓ Migration complete: v0.6.0 → 0.7.0

[90mstdout[2m | src/commands/__tests__/work-unit-management.test.ts[2m > [22m[2mFeature: Work Unit Management[2m > [22m[2mScenario: Attempt to delete work unit that blocks other work[2m > [22m[2mshould fail when work unit blocks others
[22m[39m⚠ Migrating work-units.json from v0.6.0 to 0.7.0...

[90mstdout[2m | src/commands/__tests__/work-unit-management.test.ts[2m > [22m[2mFeature: Work Unit Management[2m > [22m[2mScenario: Attempt to delete work unit that blocks other work[2m > [22m[2mshould fail when work unit blocks others
[22m[39mBackup created: spec/work-units.json.backup-0.7.0-1762071847972
Applying: stable-indices (0.7.0)

[90mstdout[2m | src/commands/__tests__/work-unit-management.test.ts[2m > [22m[2mFeature: Work Unit Management[2m > [22m[2mScenario: Attempt to delete work unit that blocks other work[2m > [22m[2mshould fail when work unit blocks others
[22m[39m✓ Migration complete: v0.6.0 → 0.7.0

[90mstdout[2m | src/commands/__tests__/work-unit-management.test.ts[2m > [22m[2mFeature: Work Unit Management[2m > [22m[2mScenario: Attempt to delete work unit that blocks other work[2m > [22m[2mshould fail when work unit blocks others
[22m[39m⚠ Migrating work-units.json from v0.6.0 to 0.7.0...

[90mstdout[2m | src/commands/__tests__/work-unit-management.test.ts[2m > [22m[2mFeature: Work Unit Management[2m > [22m[2mScenario: Attempt to delete work unit that blocks other work[2m > [22m[2mshould fail when work unit blocks others
[22m[39mBackup created: spec/work-units.json.backup-0.7.0-1762071847973
Applying: stable-indices (0.7.0)

[90mstdout[2m | src/commands/__tests__/work-unit-management.test.ts[2m > [22m[2mFeature: Work Unit Management[2m > [22m[2mScenario: Attempt to delete work unit that blocks other work[2m > [22m[2mshould fail when work unit blocks others
[22m[39m✓ Migration complete: v0.6.0 → 0.7.0

[90mstdout[2m | src/commands/__tests__/work-unit-management.test.ts[2m > [22m[2mFeature: Work Unit Management[2m > [22m[2mScenario: Create nested work unit hierarchy[2m > [22m[2mshould create multi-level parent-child hierarchy
[22m[39m⚠ Migrating work-units.json from v0.6.0 to 0.7.0...

[90mstdout[2m | src/commands/__tests__/work-unit-management.test.ts[2m > [22m[2mFeature: Work Unit Management[2m > [22m[2mScenario: Create nested work unit hierarchy[2m > [22m[2mshould create multi-level parent-child hierarchy
[22m[39mBackup created: spec/work-units.json.backup-0.7.0-1762071847975
Applying: stable-indices (0.7.0)

[90mstdout[2m | src/commands/__tests__/work-unit-management.test.ts[2m > [22m[2mFeature: Work Unit Management[2m > [22m[2mScenario: Create nested work unit hierarchy[2m > [22m[2mshould create multi-level parent-child hierarchy
[22m[39m✓ Migration complete: v0.6.0 → 0.7.0

[90mstdout[2m | src/commands/__tests__/work-unit-management.test.ts[2m > [22m[2mFeature: Work Unit Management[2m > [22m[2mScenario: Attempt to create circular parent relationship[2m > [22m[2mshould prevent circular parent relationships
[22m[39m⚠ Migrating work-units.json from v0.6.0 to 0.7.0...

[90mstdout[2m | src/commands/__tests__/work-unit-management.test.ts[2m > [22m[2mFeature: Work Unit Management[2m > [22m[2mScenario: Attempt to create circular parent relationship[2m > [22m[2mshould prevent circular parent relationships
[22m[39mBackup created: spec/work-units.json.backup-0.7.0-1762071847980
Applying: stable-indices (0.7.0)

[90mstdout[2m | src/commands/__tests__/work-unit-management.test.ts[2m > [22m[2mFeature: Work Unit Management[2m > [22m[2mScenario: Attempt to create circular parent relationship[2m > [22m[2mshould prevent circular parent relationships
[22m[39m✓ Migration complete: v0.6.0 → 0.7.0

[90mstdout[2m | src/commands/__tests__/work-unit-management.test.ts[2m > [22m[2mFeature: Work Unit Management[2m > [22m[2mScenario: Attempt to exceed maximum nesting depth[2m > [22m[2mshould enforce maximum nesting depth
[22m[39m⚠ Migrating work-units.json from v0.6.0 to 0.7.0...

[90mstdout[2m | src/commands/__tests__/work-unit-management.test.ts[2m > [22m[2mFeature: Work Unit Management[2m > [22m[2mScenario: Attempt to exceed maximum nesting depth[2m > [22m[2mshould enforce maximum nesting depth
[22m[39mBackup created: spec/work-units.json.backup-0.7.0-1762071847982
Applying: stable-indices (0.7.0)

[90mstdout[2m | src/commands/__tests__/work-unit-management.test.ts[2m > [22m[2mFeature: Work Unit Management[2m > [22m[2mScenario: Attempt to exceed maximum nesting depth[2m > [22m[2mshould enforce maximum nesting depth
[22m[39m✓ Migration complete: v0.6.0 → 0.7.0

[90mstdout[2m | src/commands/__tests__/work-unit-management.test.ts[2m > [22m[2mFeature: Work Unit Management[2m > [22m[2mScenario: Validate work unit data structure[2m > [22m[2mshould validate work unit JSON schema
[22m[39m⚠ Migrating work-units.json from v0.6.0 to 0.7.0...

[90mstdout[2m | src/commands/__tests__/work-unit-management.test.ts[2m > [22m[2mFeature: Work Unit Management[2m > [22m[2mScenario: Validate work unit data structure[2m > [22m[2mshould validate work unit JSON schema
[22m[39mBackup created: spec/work-units.json.backup-0.7.0-1762071847983
Applying: stable-indices (0.7.0)

[90mstdout[2m | src/commands/__tests__/work-unit-management.test.ts[2m > [22m[2mFeature: Work Unit Management[2m > [22m[2mScenario: Validate work unit data structure[2m > [22m[2mshould validate work unit JSON schema
[22m[39m✓ Migration complete: v0.6.0 → 0.7.0

[90mstdout[2m | src/commands/__tests__/work-unit-management.test.ts[2m > [22m[2mFeature: Work Unit Management[2m > [22m[2mScenario: Auto-create work-units.json when missing[2m > [22m[2mshould automatically create work-units.json with initial structure
[22m[39m⚠ Migrating work-units.json from v0.6.0 to 0.7.0...

[90mstdout[2m | src/commands/__tests__/work-unit-management.test.ts[2m > [22m[2mFeature: Work Unit Management[2m > [22m[2mScenario: Auto-create work-units.json when missing[2m > [22m[2mshould automatically create work-units.json with initial structure
[22m[39mBackup created: spec/work-units.json.backup-0.7.0-1762071847987
Applying: stable-indices (0.7.0)

[90mstdout[2m | src/commands/__tests__/work-unit-management.test.ts[2m > [22m[2mFeature: Work Unit Management[2m > [22m[2mScenario: Auto-create work-units.json when missing[2m > [22m[2mshould automatically create work-units.json with initial structure
[22m[39m✓ Migration complete: v0.6.0 → 0.7.0

[90mstdout[2m | src/commands/__tests__/work-unit-management.test.ts[2m > [22m[2mFeature: Work Unit Management[2m > [22m[2mScenario: Auto-create prefixes.json when reading work units[2m > [22m[2mshould automatically create prefixes.json when listing work units
[22m[39m⚠ Migrating work-units.json from v0.6.0 to 0.7.0...

[90mstdout[2m | src/commands/__tests__/work-unit-management.test.ts[2m > [22m[2mFeature: Work Unit Management[2m > [22m[2mScenario: Auto-create prefixes.json when reading work units[2m > [22m[2mshould automatically create prefixes.json when listing work units
[22m[39mBackup created: spec/work-units.json.backup-0.7.0-1762071847989
Applying: stable-indices (0.7.0)

[90mstdout[2m | src/commands/__tests__/work-unit-management.test.ts[2m > [22m[2mFeature: Work Unit Management[2m > [22m[2mScenario: Auto-create prefixes.json when reading work units[2m > [22m[2mshould automatically create prefixes.json when listing work units
[22m[39m✓ Migration complete: v0.6.0 → 0.7.0

[90mstdout[2m | src/commands/__tests__/work-unit-management.test.ts[2m > [22m[2mFeature: Work Unit Management[2m > [22m[2mScenario: Auto-create epics.json when needed for work unit operations[2m > [22m[2mshould automatically create epics.json but still fail if epic does not exist
[22m[39m⚠ Migrating work-units.json from v0.6.0 to 0.7.0...

[90mstdout[2m | src/commands/__tests__/work-unit-management.test.ts[2m > [22m[2mFeature: Work Unit Management[2m > [22m[2mScenario: Auto-create epics.json when needed for work unit operations[2m > [22m[2mshould automatically create epics.json but still fail if epic does not exist
[22m[39mBackup created: spec/work-units.json.backup-0.7.0-1762071847992
Applying: stable-indices (0.7.0)

[90mstdout[2m | src/commands/__tests__/work-unit-management.test.ts[2m > [22m[2mFeature: Work Unit Management[2m > [22m[2mScenario: Auto-create epics.json when needed for work unit operations[2m > [22m[2mshould automatically create epics.json but still fail if epic does not exist
[22m[39m✓ Migration complete: v0.6.0 → 0.7.0

[90mstdout[2m | src/commands/__tests__/work-unit-management.test.ts[2m > [22m[2mFeature: Work Unit Management[2m > [22m[2mScenario: Complete end-to-end work unit to feature linking workflow[2m > [22m[2mshould create work unit, link to feature, and validate bidirectional linking
[22m[39m⚠ Migrating work-units.json from v0.6.0 to 0.7.0...

[90mstdout[2m | src/commands/__tests__/work-unit-management.test.ts[2m > [22m[2mFeature: Work Unit Management[2m > [22m[2mScenario: Complete end-to-end work unit to feature linking workflow[2m > [22m[2mshould create work unit, link to feature, and validate bidirectional linking
[22m[39mBackup created: spec/work-units.json.backup-0.7.0-1762071848006
Applying: stable-indices (0.7.0)

[90mstdout[2m | src/commands/__tests__/work-unit-management.test.ts[2m > [22m[2mFeature: Work Unit Management[2m > [22m[2mScenario: Complete end-to-end work unit to feature linking workflow[2m > [22m[2mshould create work unit, link to feature, and validate bidirectional linking
[22m[39m✓ Migration complete: v0.6.0 → 0.7.0

 [32m✓[39m src/commands/__tests__/work-unit-management.test.ts [2m([22m[2m37 tests[22m[2m)[22m[32m 125[2mms[22m[39m
[90mstdout[2m | src/commands/__tests__/work-item-types.test.ts[2m > [22m[2mFeature: Work unit types for stories, tasks, and bugs[2m > [22m[2mScenario: Create story work unit with explicit type[2m > [22m[2mshould create work unit with type story
[22m[39m⚠ Migrating work-units.json from v0.6.0 to 0.7.0...

[90mstdout[2m | src/commands/__tests__/work-item-types.test.ts[2m > [22m[2mFeature: Work unit types for stories, tasks, and bugs[2m > [22m[2mScenario: Create story work unit with explicit type[2m > [22m[2mshould create work unit with type story
[22m[39mBackup created: spec/work-units.json.backup-0.7.0-1762071848253
Applying: stable-indices (0.7.0)

[90mstdout[2m | src/commands/__tests__/work-item-types.test.ts[2m > [22m[2mFeature: Work unit types for stories, tasks, and bugs[2m > [22m[2mScenario: Create story work unit with explicit type[2m > [22m[2mshould create work unit with type story
[22m[39m✓ Migration complete: v0.6.0 → 0.7.0

[90mstdout[2m | src/commands/__tests__/work-item-types.test.ts[2m > [22m[2mFeature: Work unit types for stories, tasks, and bugs[2m > [22m[2mScenario: Create task work unit with explicit type[2m > [22m[2mshould create work unit with type task
[22m[39m⚠ Migrating work-units.json from v0.6.0 to 0.7.0...

[90mstdout[2m | src/commands/__tests__/work-item-types.test.ts[2m > [22m[2mFeature: Work unit types for stories, tasks, and bugs[2m > [22m[2mScenario: Create task work unit with explicit type[2m > [22m[2mshould create work unit with type task
[22m[39mBackup created: spec/work-units.json.backup-0.7.0-1762071848259
Applying: stable-indices (0.7.0)

[90mstdout[2m | src/commands/__tests__/work-item-types.test.ts[2m > [22m[2mFeature: Work unit types for stories, tasks, and bugs[2m > [22m[2mScenario: Create task work unit with explicit type[2m > [22m[2mshould create work unit with type task
[22m[39m✓ Migration complete: v0.6.0 → 0.7.0

[90mstdout[2m | src/commands/__tests__/work-item-types.test.ts[2m > [22m[2mFeature: Work unit types for stories, tasks, and bugs[2m > [22m[2mScenario: Create bug work unit with explicit type[2m > [22m[2mshould create work unit with type bug
[22m[39m⚠ Migrating work-units.json from v0.6.0 to 0.7.0...

[90mstdout[2m | src/commands/__tests__/work-item-types.test.ts[2m > [22m[2mFeature: Work unit types for stories, tasks, and bugs[2m > [22m[2mScenario: Create bug work unit with explicit type[2m > [22m[2mshould create work unit with type bug
[22m[39mBackup created: spec/work-units.json.backup-0.7.0-1762071848263
Applying: stable-indices (0.7.0)

[90mstdout[2m | src/commands/__tests__/work-item-types.test.ts[2m > [22m[2mFeature: Work unit types for stories, tasks, and bugs[2m > [22m[2mScenario: Create bug work unit with explicit type[2m > [22m[2mshould create work unit with type bug
[22m[39m✓ Migration complete: v0.6.0 → 0.7.0

[90mstdout[2m | src/commands/__tests__/work-item-types.test.ts[2m > [22m[2mFeature: Work unit types for stories, tasks, and bugs[2m > [22m[2mScenario: Default type is story for backward compatibility[2m > [22m[2mshould default to story type when not specified
[22m[39m⚠ Migrating work-units.json from v0.6.0 to 0.7.0...

[90mstdout[2m | src/commands/__tests__/work-item-types.test.ts[2m > [22m[2mFeature: Work unit types for stories, tasks, and bugs[2m > [22m[2mScenario: Default type is story for backward compatibility[2m > [22m[2mshould default to story type when not specified
[22m[39mBackup created: spec/work-units.json.backup-0.7.0-1762071848267
Applying: stable-indices (0.7.0)

[90mstdout[2m | src/commands/__tests__/work-item-types.test.ts[2m > [22m[2mFeature: Work unit types for stories, tasks, and bugs[2m > [22m[2mScenario: Default type is story for backward compatibility[2m > [22m[2mshould default to story type when not specified
[22m[39m✓ Migration complete: v0.6.0 → 0.7.0

[90mstdout[2m | src/commands/__tests__/work-item-types.test.ts[2m > [22m[2mFeature: Work unit types for stories, tasks, and bugs[2m > [22m[2mScenario: Filter work units by type[2m > [22m[2mshould filter work units by type parameter
[22m[39m⚠ Migrating work-units.json from v0.6.0 to 0.7.0...

[90mstdout[2m | src/commands/__tests__/work-item-types.test.ts[2m > [22m[2mFeature: Work unit types for stories, tasks, and bugs[2m > [22m[2mScenario: Filter work units by type[2m > [22m[2mshould filter work units by type parameter
[22m[39mBackup created: spec/work-units.json.backup-0.7.0-1762071848269
Applying: stable-indices (0.7.0)

[90mstdout[2m | src/commands/__tests__/work-item-types.test.ts[2m > [22m[2mFeature: Work unit types for stories, tasks, and bugs[2m > [22m[2mScenario: Filter work units by type[2m > [22m[2mshould filter work units by type parameter
[22m[39m✓ Migration complete: v0.6.0 → 0.7.0

[90mstdout[2m | src/commands/__tests__/work-item-types.test.ts[2m > [22m[2mFeature: Work unit types for stories, tasks, and bugs[2m > [22m[2mScenario: Task workflow skips testing state[2m > [22m[2mshould allow task to skip testing state
[22m[39m⚠ Migrating work-units.json from v0.6.0 to 0.7.0...

[90mstdout[2m | src/commands/__tests__/work-item-types.test.ts[2m > [22m[2mFeature: Work unit types for stories, tasks, and bugs[2m > [22m[2mScenario: Task workflow skips testing state[2m > [22m[2mshould allow task to skip testing state
[22m[39mBackup created: spec/work-units.json.backup-0.7.0-1762071848272
Applying: stable-indices (0.7.0)

[90mstdout[2m | src/commands/__tests__/work-item-types.test.ts[2m > [22m[2mFeature: Work unit types for stories, tasks, and bugs[2m > [22m[2mScenario: Task workflow skips testing state[2m > [22m[2mshould allow task to skip testing state
[22m[39m✓ Migration complete: v0.6.0 → 0.7.0

[90mstdout[2m | src/commands/__tests__/work-item-types.test.ts[2m > [22m[2mFeature: Work unit types for stories, tasks, and bugs[2m > [22m[2mScenario: Task workflow skips testing state[2m > [22m[2mshould allow task to skip testing state
[22m[39m**IMPORTANT:** NO TEST COMMAND CONFIGURED

No test command configured. Use Read/Glob tools to detect test framework, then run:

  fspec configure-tools --test-command <cmd>

If no test tools detected, search for current best practices:
  Query: "best <platform> testing tools 2025"

Replace <platform> with detected project type (Node.js, Python, Rust, Go, etc.)

Example:
  fspec configure-tools --test-command "npm test"
  fspec configure-tools --test-command "pytest"
  fspec configure-tools --test-command "cargo test"


[90mstdout[2m | src/commands/__tests__/work-item-types.test.ts[2m > [22m[2mFeature: Work unit types for stories, tasks, and bugs[2m > [22m[2mScenario: Task workflow skips testing state[2m > [22m[2mshould allow task to skip testing state
[22m[39m**IMPORTANT:** No quality check commands configured

[90mstdout[2m | src/commands/__tests__/work-item-types.test.ts[2m > [22m[2mFeature: Work unit types for stories, tasks, and bugs[2m > [22m[2mScenario: Task workflow skips testing state[2m > [22m[2mshould allow task to skip testing state
[22m[39m⚠ Migrating work-units.json from v0.6.0 to 0.7.0...

[90mstdout[2m | src/commands/__tests__/work-item-types.test.ts[2m > [22m[2mFeature: Work unit types for stories, tasks, and bugs[2m > [22m[2mScenario: Task workflow skips testing state[2m > [22m[2mshould allow task to skip testing state
[22m[39mBackup created: spec/work-units.json.backup-0.7.0-1762071848321
Applying: stable-indices (0.7.0)

[90mstdout[2m | src/commands/__tests__/work-item-types.test.ts[2m > [22m[2mFeature: Work unit types for stories, tasks, and bugs[2m > [22m[2mScenario: Task workflow skips testing state[2m > [22m[2mshould allow task to skip testing state
[22m[39m✓ Migration complete: v0.6.0 → 0.7.0

[90mstdout[2m | src/commands/__tests__/work-item-types.test.ts[2m > [22m[2mFeature: Work unit types for stories, tasks, and bugs[2m > [22m[2mScenario: Story requires feature file before moving to testing[2m > [22m[2mshould fail when story moves to testing without feature file
[22m[39m⚠ Migrating work-units.json from v0.6.0 to 0.7.0...

[90mstdout[2m | src/commands/__tests__/work-item-types.test.ts[2m > [22m[2mFeature: Work unit types for stories, tasks, and bugs[2m > [22m[2mScenario: Story requires feature file before moving to testing[2m > [22m[2mshould fail when story moves to testing without feature file
[22m[39mBackup created: spec/work-units.json.backup-0.7.0-1762071848325
Applying: stable-indices (0.7.0)

[90mstdout[2m | src/commands/__tests__/work-item-types.test.ts[2m > [22m[2mFeature: Work unit types for stories, tasks, and bugs[2m > [22m[2mScenario: Story requires feature file before moving to testing[2m > [22m[2mshould fail when story moves to testing without feature file
[22m[39m✓ Migration complete: v0.6.0 → 0.7.0

[90mstdout[2m | src/commands/__tests__/work-item-types.test.ts[2m > [22m[2mFeature: Work unit types for stories, tasks, and bugs[2m > [22m[2mScenario: Task can move through workflow without feature file[2m > [22m[2mshould allow task to move without feature file validation
[22m[39m⚠ Migrating work-units.json from v0.6.0 to 0.7.0...

[90mstdout[2m | src/commands/__tests__/work-item-types.test.ts[2m > [22m[2mFeature: Work unit types for stories, tasks, and bugs[2m > [22m[2mScenario: Task can move through workflow without feature file[2m > [22m[2mshould allow task to move without feature file validation
[22m[39mBackup created: spec/work-units.json.backup-0.7.0-1762071848331
Applying: stable-indices (0.7.0)

[90mstdout[2m | src/commands/__tests__/work-item-types.test.ts[2m > [22m[2mFeature: Work unit types for stories, tasks, and bugs[2m > [22m[2mScenario: Task can move through workflow without feature file[2m > [22m[2mshould allow task to move without feature file validation
[22m[39m✓ Migration complete: v0.6.0 → 0.7.0

[90mstdout[2m | src/commands/__tests__/work-item-types.test.ts[2m > [22m[2mFeature: Work unit types for stories, tasks, and bugs[2m > [22m[2mScenario: Bug must link to existing feature file[2m > [22m[2mshould fail when bug moves to testing without linked feature file
[22m[39m⚠ Migrating work-units.json from v0.6.0 to 0.7.0...

[90mstdout[2m | src/commands/__tests__/work-item-types.test.ts[2m > [22m[2mFeature: Work unit types for stories, tasks, and bugs[2m > [22m[2mScenario: Bug must link to existing feature file[2m > [22m[2mshould fail when bug moves to testing without linked feature file
[22m[39mBackup created: spec/work-units.json.backup-0.7.0-1762071848343
Applying: stable-indices (0.7.0)

[90mstdout[2m | src/commands/__tests__/work-item-types.test.ts[2m > [22m[2mFeature: Work unit types for stories, tasks, and bugs[2m > [22m[2mScenario: Bug must link to existing feature file[2m > [22m[2mshould fail when bug moves to testing without linked feature file
[22m[39m✓ Migration complete: v0.6.0 → 0.7.0

[90mstdout[2m | src/commands/__tests__/work-item-types.test.ts[2m > [22m[2mFeature: Work unit types for stories, tasks, and bugs[2m > [22m[2mScenario: Bug links to existing feature file successfully[2m > [22m[2mshould allow bug to move to testing with linked feature file
[22m[39m⚠ Migrating work-units.json from v0.6.0 to 0.7.0...

[90mstdout[2m | src/commands/__tests__/work-item-types.test.ts[2m > [22m[2mFeature: Work unit types for stories, tasks, and bugs[2m > [22m[2mScenario: Bug links to existing feature file successfully[2m > [22m[2mshould allow bug to move to testing with linked feature file
[22m[39mBackup created: spec/work-units.json.backup-0.7.0-1762071848346
Applying: stable-indices (0.7.0)

[90mstdout[2m | src/commands/__tests__/work-item-types.test.ts[2m > [22m[2mFeature: Work unit types for stories, tasks, and bugs[2m > [22m[2mScenario: Bug links to existing feature file successfully[2m > [22m[2mshould allow bug to move to testing with linked feature file
[22m[39m✓ Migration complete: v0.6.0 → 0.7.0

[90mstdout[2m | src/commands/__tests__/work-item-types.test.ts[2m > [22m[2mFeature: Work unit types for stories, tasks, and bugs[2m > [22m[2mScenario: Work unit type is immutable after creation[2m > [22m[2mshould prevent changing work unit type after creation
[22m[39m⚠ Migrating work-units.json from v0.6.0 to 0.7.0...

[90mstdout[2m | src/commands/__tests__/work-item-types.test.ts[2m > [22m[2mFeature: Work unit types for stories, tasks, and bugs[2m > [22m[2mScenario: Work unit type is immutable after creation[2m > [22m[2mshould prevent changing work unit type after creation
[22m[39mBackup created: spec/work-units.json.backup-0.7.0-1762071848360
Applying: stable-indices (0.7.0)

[90mstdout[2m | src/commands/__tests__/work-item-types.test.ts[2m > [22m[2mFeature: Work unit types for stories, tasks, and bugs[2m > [22m[2mScenario: Work unit type is immutable after creation[2m > [22m[2mshould prevent changing work unit type after creation
[22m[39m✓ Migration complete: v0.6.0 → 0.7.0

[90mstdout[2m | src/commands/__tests__/work-item-types.test.ts[2m > [22m[2mFeature: Work unit types for stories, tasks, and bugs[2m > [22m[2mScenario: Task supports optional Example Mapping in specifying phase[2m > [22m[2mshould allow tasks to use Example Mapping fields optionally
[22m[39m⚠ Migrating work-units.json from v0.6.0 to 0.7.0...

[90mstdout[2m | src/commands/__tests__/work-item-types.test.ts[2m > [22m[2mFeature: Work unit types for stories, tasks, and bugs[2m > [22m[2mScenario: Task supports optional Example Mapping in specifying phase[2m > [22m[2mshould allow tasks to use Example Mapping fields optionally
[22m[39mBackup created: spec/work-units.json.backup-0.7.0-1762071848362
Applying: stable-indices (0.7.0)

[90mstdout[2m | src/commands/__tests__/work-item-types.test.ts[2m > [22m[2mFeature: Work unit types for stories, tasks, and bugs[2m > [22m[2mScenario: Task supports optional Example Mapping in specifying phase[2m > [22m[2mshould allow tasks to use Example Mapping fields optionally
[22m[39m✓ Migration complete: v0.6.0 → 0.7.0

 [32m✓[39m src/commands/__tests__/work-item-types.test.ts [2m([22m[2m15 tests[22m[2m)[22m[32m 127[2mms[22m[39m
 [32m✓[39m src/commands/__tests__/update-tag.test.ts [2m([22m[2m9 tests[22m[2m)[22m[32m 102[2mms[22m[39m
 [32m✓[39m src/commands/__tests__/link-coverage.test.ts [2m([22m[2m12 tests[22m[2m)[22m[32m 96[2mms[22m[39m
[90mstdout[2m | src/commands/__tests__/auto-checkpoint-on-status-transition.test.ts[2m > [22m[2mFeature: Auto-checkpoints not working - lazy import fails in bundled dist[2m > [22m[2mScenario: Auto-checkpoint created on state transition with uncommitted changes[2m > [22m[2mshould create auto-checkpoint when transitioning from specifying to testing with dirty working directory
[22m[39m🤖 Auto-checkpoint: "TEST-001-auto-specifying" created before transition

[90mstdout[2m | src/commands/__tests__/auto-checkpoint-on-status-transition.test.ts[2m > [22m[2mFeature: Auto-checkpoints not working - lazy import fails in bundled dist[2m > [22m[2mScenario: Auto-checkpoint created on state transition with uncommitted changes[2m > [22m[2mshould create auto-checkpoint when transitioning from specifying to testing with dirty working directory
[22m[39m
Checkpoints for TEST-001:

🤖  TEST-001-auto-specifying (automatic)
   Created: 2025-11-02T08:24:09.020Z


[90mstdout[2m | src/commands/__tests__/auto-checkpoint-on-status-transition.test.ts[2m > [22m[2mFeature: Auto-checkpoints not working - lazy import fails in bundled dist[2m > [22m[2mScenario: Auto-checkpoint created on state transition with uncommitted changes[2m > [22m[2mshould NOT create auto-checkpoint when working directory is clean
[22m[39mNo checkpoints found for TEST-001

[90mstdout[2m | src/commands/__tests__/auto-checkpoint-on-status-transition.test.ts[2m > [22m[2mFeature: Auto-checkpoints not working - lazy import fails in bundled dist[2m > [22m[2mScenario: Auto-checkpoint created on state transition with uncommitted changes[2m > [22m[2mshould NOT create auto-checkpoint when transitioning FROM backlog state
[22m[39mNo checkpoints found for TEST-001

 [32m✓[39m src/commands/__tests__/auto-checkpoint-on-status-transition.test.ts [2m([22m[2m3 tests[22m[2m)[22m[32m 104[2mms[22m[39m
 [32m✓[39m src/commands/__tests__/add-diagram-json-backed.test.ts [2m([22m[2m8 tests[22m[2m)[22m[32m 100[2mms[22m[39m
 [32m✓[39m src/tui/components/__tests__/UnifiedBoardLayout-mouse-scroll.test.tsx [2m([22m[2m7 tests[22m[2m)[22m[32m 104[2mms[22m[39m
 [32m✓[39m src/tui/components/__tests__/VirtualList-flexbox.test.tsx [2m([22m[2m4 tests[22m[2m)[22m[32m 95[2mms[22m[39m
[90mstdout[2m | src/commands/__tests__/update-work-unit-status-done-sorting.test.ts[2m > [22m[2mFeature: Work unit details panel shows incorrect work unit after reordering[2m > [22m[2mScenario: Moving work unit to done inserts at correct sorted position[2m > [22m[2mshould insert work unit at correct position based on updated timestamp
[22m[39m⚠ Migrating work-units.json from v0.6.0 to 0.7.0...

[90mstdout[2m | src/commands/__tests__/update-work-unit-status-done-sorting.test.ts[2m > [22m[2mFeature: Work unit details panel shows incorrect work unit after reordering[2m > [22m[2mScenario: Moving work unit to done inserts at correct sorted position[2m > [22m[2mshould insert work unit at correct position based on updated timestamp
[22m[39mBackup created: spec/work-units.json.backup-0.7.0-1762071850105
Applying: stable-indices (0.7.0)

[90mstdout[2m | src/commands/__tests__/update-work-unit-status-done-sorting.test.ts[2m > [22m[2mFeature: Work unit details panel shows incorrect work unit after reordering[2m > [22m[2mScenario: Moving work unit to done inserts at correct sorted position[2m > [22m[2mshould insert work unit at correct position based on updated timestamp
[22m[39m✓ Migration complete: v0.6.0 → 0.7.0

[90mstdout[2m | src/commands/__tests__/update-work-unit-status-done-sorting.test.ts[2m > [22m[2mFeature: Work unit details panel shows incorrect work unit after reordering[2m > [22m[2mScenario: Moving work unit to done inserts at correct sorted position[2m > [22m[2mshould insert at beginning when work unit has most recent timestamp
[22m[39m⚠ Migrating work-units.json from v0.6.0 to 0.7.0...

[90mstdout[2m | src/commands/__tests__/update-work-unit-status-done-sorting.test.ts[2m > [22m[2mFeature: Work unit details panel shows incorrect work unit after reordering[2m > [22m[2mScenario: Moving work unit to done inserts at correct sorted position[2m > [22m[2mshould insert at beginning when work unit has most recent timestamp
[22m[39mBackup created: spec/work-units.json.backup-0.7.0-1762071850138
Applying: stable-indices (0.7.0)

[90mstdout[2m | src/commands/__tests__/update-work-unit-status-done-sorting.test.ts[2m > [22m[2mFeature: Work unit details panel shows incorrect work unit after reordering[2m > [22m[2mScenario: Moving work unit to done inserts at correct sorted position[2m > [22m[2mshould insert at beginning when work unit has most recent timestamp
[22m[39m✓ Migration complete: v0.6.0 → 0.7.0

[90mstdout[2m | src/commands/__tests__/update-work-unit-status-done-sorting.test.ts[2m > [22m[2mFeature: Work unit details panel shows incorrect work unit after reordering[2m > [22m[2mScenario: Moving work unit to done inserts at correct sorted position[2m > [22m[2mshould sort entire array when moving work unit to done
[22m[39m⚠ Migrating work-units.json from v0.6.0 to 0.7.0...

[90mstdout[2m | src/commands/__tests__/update-work-unit-status-done-sorting.test.ts[2m > [22m[2mFeature: Work unit details panel shows incorrect work unit after reordering[2m > [22m[2mScenario: Moving work unit to done inserts at correct sorted position[2m > [22m[2mshould sort entire array when moving work unit to done
[22m[39mBackup created: spec/work-units.json.backup-0.7.0-1762071850150
Applying: stable-indices (0.7.0)

[90mstdout[2m | src/commands/__tests__/update-work-unit-status-done-sorting.test.ts[2m > [22m[2mFeature: Work unit details panel shows incorrect work unit after reordering[2m > [22m[2mScenario: Moving work unit to done inserts at correct sorted position[2m > [22m[2mshould sort entire array when moving work unit to done
[22m[39m✓ Migration complete: v0.6.0 → 0.7.0

[90mstdout[2m | src/commands/__tests__/update-work-unit-status-done-sorting.test.ts[2m > [22m[2mFeature: Work unit details panel shows incorrect work unit after reordering[2m > [22m[2mScenario: Moving work unit to done inserts at correct sorted position[2m > [22m[2mshould handle empty done array correctly
[22m[39m⚠ Migrating work-units.json from v0.6.0 to 0.7.0...

[90mstdout[2m | src/commands/__tests__/update-work-unit-status-done-sorting.test.ts[2m > [22m[2mFeature: Work unit details panel shows incorrect work unit after reordering[2m > [22m[2mScenario: Moving work unit to done inserts at correct sorted position[2m > [22m[2mshould handle empty done array correctly
[22m[39mBackup created: spec/work-units.json.backup-0.7.0-1762071850159
Applying: stable-indices (0.7.0)

[90mstdout[2m | src/commands/__tests__/update-work-unit-status-done-sorting.test.ts[2m > [22m[2mFeature: Work unit details panel shows incorrect work unit after reordering[2m > [22m[2mScenario: Moving work unit to done inserts at correct sorted position[2m > [22m[2mshould handle empty done array correctly
[22m[39m✓ Migration complete: v0.6.0 → 0.7.0

[90mstdout[2m | src/commands/__tests__/update-work-unit-status-done-sorting.test.ts[2m > [22m[2mFeature: Work unit details panel shows incorrect work unit after reordering[2m > [22m[2mScenario: Moving work unit to done inserts at correct sorted position[2m > [22m[2mshould sort entire done array when moving new work unit to done
[22m[39m⚠ Migrating work-units.json from v0.6.0 to 0.7.0...

[90mstdout[2m | src/commands/__tests__/update-work-unit-status-done-sorting.test.ts[2m > [22m[2mFeature: Work unit details panel shows incorrect work unit after reordering[2m > [22m[2mScenario: Moving work unit to done inserts at correct sorted position[2m > [22m[2mshould sort entire done array when moving new work unit to done
[22m[39mBackup created: spec/work-units.json.backup-0.7.0-1762071850170
Applying: stable-indices (0.7.0)

[90mstdout[2m | src/commands/__tests__/update-work-unit-status-done-sorting.test.ts[2m > [22m[2mFeature: Work unit details panel shows incorrect work unit after reordering[2m > [22m[2mScenario: Moving work unit to done inserts at correct sorted position[2m > [22m[2mshould sort entire done array when moving new work unit to done
[22m[39m✓ Migration complete: v0.6.0 → 0.7.0

[90mstdout[2m | src/commands/__tests__/update-work-unit-status-done-sorting.test.ts[2m > [22m[2mFeature: Work unit details panel shows incorrect work unit after reordering[2m > [22m[2mScenario: Moving work unit to done inserts at correct sorted position[2m > [22m[2mshould sort using createdAt as fallback when updated field is missing
[22m[39m⚠ Migrating work-units.json from v0.6.0 to 0.7.0...

[90mstdout[2m | src/commands/__tests__/update-work-unit-status-done-sorting.test.ts[2m > [22m[2mFeature: Work unit details panel shows incorrect work unit after reordering[2m > [22m[2mScenario: Moving work unit to done inserts at correct sorted position[2m > [22m[2mshould sort using createdAt as fallback when updated field is missing
[22m[39mBackup created: spec/work-units.json.backup-0.7.0-1762071850183
Applying: stable-indices (0.7.0)

[90mstdout[2m | src/commands/__tests__/update-work-unit-status-done-sorting.test.ts[2m > [22m[2mFeature: Work unit details panel shows incorrect work unit after reordering[2m > [22m[2mScenario: Moving work unit to done inserts at correct sorted position[2m > [22m[2mshould sort using createdAt as fallback when updated field is missing
[22m[39m✓ Migration complete: v0.6.0 → 0.7.0

 [32m✓[39m src/commands/__tests__/update-work-unit-status-done-sorting.test.ts [2m([22m[2m6 tests[22m[2m)[22m[32m 91[2mms[22m[39m
[90mstdout[2m | src/commands/__tests__/stable-indices-bug-fixes.test.ts[2m > [22m[2mFeature: Stable Indices Critical Bug Fixes[2m > [22m[2mScenario: Prevent ID collision after compaction (line 32)[2m > [22m[2mshould use correct nextNoteId field after compaction to prevent ID collisions
[22m[39m⚠ Migrating work-units.json from v0.6.0 to 0.7.0...

[90mstdout[2m | src/commands/__tests__/stable-indices-bug-fixes.test.ts[2m > [22m[2mFeature: Stable Indices Critical Bug Fixes[2m > [22m[2mScenario: Prevent ID collision after compaction (line 32)[2m > [22m[2mshould use correct nextNoteId field after compaction to prevent ID collisions
[22m[39mBackup created: spec/work-units.json.backup-0.7.0-1762071850338
Applying: stable-indices (0.7.0)

[90mstdout[2m | src/commands/__tests__/stable-indices-bug-fixes.test.ts[2m > [22m[2mFeature: Stable Indices Critical Bug Fixes[2m > [22m[2mScenario: Prevent ID collision after compaction (line 32)[2m > [22m[2mshould use correct nextNoteId field after compaction to prevent ID collisions
[22m[39m✓ Migration complete: v0.6.0 → 0.7.0

[90mstdout[2m | src/commands/__tests__/stable-indices-bug-fixes.test.ts[2m > [22m[2mFeature: Stable Indices Critical Bug Fixes[2m > [22m[2mScenario: Preserve state sorting through auto-compact (line 49)[2m > [22m[2mshould preserve state sorting when auto-compact is triggered during status transition
[22m[39m⚠ Migrating work-units.json from v0.6.0 to 0.7.0...

[90mstdout[2m | src/commands/__tests__/stable-indices-bug-fixes.test.ts[2m > [22m[2mFeature: Stable Indices Critical Bug Fixes[2m > [22m[2mScenario: Preserve state sorting through auto-compact (line 49)[2m > [22m[2mshould preserve state sorting when auto-compact is triggered during status transition
[22m[39mBackup created: spec/work-units.json.backup-0.7.0-1762071850389
Applying: stable-indices (0.7.0)

[90mstdout[2m | src/commands/__tests__/stable-indices-bug-fixes.test.ts[2m > [22m[2mFeature: Stable Indices Critical Bug Fixes[2m > [22m[2mScenario: Preserve state sorting through auto-compact (line 49)[2m > [22m[2mshould preserve state sorting when auto-compact is triggered during status transition
[22m[39m✓ Migration complete: v0.6.0 → 0.7.0

 [32m✓[39m src/commands/__tests__/stable-indices-bug-fixes.test.ts [2m([22m[2m2 tests[22m[2m)[22m[32m 94[2mms[22m[39m
 [32m✓[39m src/validators/__tests__/json-schema.test.ts [2m([22m[2m6 tests[22m[2m)[22m[32m 92[2mms[22m[39m
 [32m✓[39m src/tui/__tests__/BoardView-color-coded-shimmer.test.tsx [2m([22m[2m4 tests[22m[2m)[22m[32m 92[2mms[22m[39m
[90mstdout[2m | src/commands/__tests__/conversational-review-prompt-before-done.test.ts[2m > [22m[2mFeature: Conversational Review Prompt Before Done[2m > [22m[2mScenario: Story work unit transitioning to done shows review prompt[2m > [22m[2mshould emit system-reminder suggesting quality review before marking done
[22m[39m⚠ Migrating work-units.json from v0.6.0 to 0.7.0...

[90mstdout[2m | src/commands/__tests__/conversational-review-prompt-before-done.test.ts[2m > [22m[2mFeature: Conversational Review Prompt Before Done[2m > [22m[2mScenario: Story work unit transitioning to done shows review prompt[2m > [22m[2mshould emit system-reminder suggesting quality review before marking done
[22m[39mBackup created: spec/work-units.json.backup-0.7.0-1762071851075
Applying: stable-indices (0.7.0)

[90mstdout[2m | src/commands/__tests__/conversational-review-prompt-before-done.test.ts[2m > [22m[2mFeature: Conversational Review Prompt Before Done[2m > [22m[2mScenario: Story work unit transitioning to done shows review prompt[2m > [22m[2mshould emit system-reminder suggesting quality review before marking done
[22m[39m✓ Migration complete: v0.6.0 → 0.7.0

[90mstdout[2m | src/commands/__tests__/conversational-review-prompt-before-done.test.ts[2m > [22m[2mFeature: Conversational Review Prompt Before Done[2m > [22m[2mScenario: Bug work unit transitioning to done shows review prompt[2m > [22m[2mshould emit system-reminder with workflow steps for bug work units
[22m[39m⚠ Migrating work-units.json from v0.6.0 to 0.7.0...

[90mstdout[2m | src/commands/__tests__/conversational-review-prompt-before-done.test.ts[2m > [22m[2mFeature: Conversational Review Prompt Before Done[2m > [22m[2mScenario: Bug work unit transitioning to done shows review prompt[2m > [22m[2mshould emit system-reminder with workflow steps for bug work units
[22m[39mBackup created: spec/work-units.json.backup-0.7.0-1762071851113
Applying: stable-indices (0.7.0)

[90mstdout[2m | src/commands/__tests__/conversational-review-prompt-before-done.test.ts[2m > [22m[2mFeature: Conversational Review Prompt Before Done[2m > [22m[2mScenario: Bug work unit transitioning to done shows review prompt[2m > [22m[2mshould emit system-reminder with workflow steps for bug work units
[22m[39m✓ Migration complete: v0.6.0 → 0.7.0

[90mstdout[2m | src/commands/__tests__/conversational-review-prompt-before-done.test.ts[2m > [22m[2mFeature: Conversational Review Prompt Before Done[2m > [22m[2mScenario: Task work unit transitioning to done does NOT show review prompt[2m > [22m[2mshould NOT emit review prompt for task work units
[22m[39m⚠ Migrating work-units.json from v0.6.0 to 0.7.0...

[90mstdout[2m | src/commands/__tests__/conversational-review-prompt-before-done.test.ts[2m > [22m[2mFeature: Conversational Review Prompt Before Done[2m > [22m[2mScenario: Task work unit transitioning to done does NOT show review prompt[2m > [22m[2mshould NOT emit review prompt for task work units
[22m[39mBackup created: spec/work-units.json.backup-0.7.0-1762071851126
Applying: stable-indices (0.7.0)

[90mstdout[2m | src/commands/__tests__/conversational-review-prompt-before-done.test.ts[2m > [22m[2mFeature: Conversational Review Prompt Before Done[2m > [22m[2mScenario: Task work unit transitioning to done does NOT show review prompt[2m > [22m[2mshould NOT emit review prompt for task work units
[22m[39m✓ Migration complete: v0.6.0 → 0.7.0

[90mstdout[2m | src/commands/__tests__/conversational-review-prompt-before-done.test.ts[2m > [22m[2mFeature: Conversational Review Prompt Before Done[2m > [22m[2mScenario: AI workflow - user accepts review suggestion[2m > [22m[2mshould guide AI through review workflow when user accepts
[22m[39m⚠ Migrating work-units.json from v0.6.0 to 0.7.0...

[90mstdout[2m | src/commands/__tests__/conversational-review-prompt-before-done.test.ts[2m > [22m[2mFeature: Conversational Review Prompt Before Done[2m > [22m[2mScenario: AI workflow - user accepts review suggestion[2m > [22m[2mshould guide AI through review workflow when user accepts
[22m[39mBackup created: spec/work-units.json.backup-0.7.0-1762071851138
Applying: stable-indices (0.7.0)

[90mstdout[2m | src/commands/__tests__/conversational-review-prompt-before-done.test.ts[2m > [22m[2mFeature: Conversational Review Prompt Before Done[2m > [22m[2mScenario: AI workflow - user accepts review suggestion[2m > [22m[2mshould guide AI through review workflow when user accepts
[22m[39m✓ Migration complete: v0.6.0 → 0.7.0

[90mstdout[2m | src/commands/__tests__/conversational-review-prompt-before-done.test.ts[2m > [22m[2mFeature: Conversational Review Prompt Before Done[2m > [22m[2mScenario: AI workflow - user declines review suggestion[2m > [22m[2mshould allow AI to proceed when user declines review
[22m[39m⚠ Migrating work-units.json from v0.6.0 to 0.7.0...

[90mstdout[2m | src/commands/__tests__/conversational-review-prompt-before-done.test.ts[2m > [22m[2mFeature: Conversational Review Prompt Before Done[2m > [22m[2mScenario: AI workflow - user declines review suggestion[2m > [22m[2mshould allow AI to proceed when user declines review
[22m[39mBackup created: spec/work-units.json.backup-0.7.0-1762071851148
Applying: stable-indices (0.7.0)

[90mstdout[2m | src/commands/__tests__/conversational-review-prompt-before-done.test.ts[2m > [22m[2mFeature: Conversational Review Prompt Before Done[2m > [22m[2mScenario: AI workflow - user declines review suggestion[2m > [22m[2mshould allow AI to proceed when user declines review
[22m[39m✓ Migration complete: v0.6.0 → 0.7.0

 [32m✓[39m src/commands/__tests__/conversational-review-prompt-before-done.test.ts [2m([22m[2m5 tests[22m[2m)[22m[32m 88[2mms[22m[39m
 [32m✓[39m src/tui/__tests__/BoardView-file-watchers.test.tsx [2m([22m[2m6 tests[22m[2m)[22m[32m 84[2mms[22m[39m
[?1000h[?1000h[?1000h[?1000h[?1000h[?1000h[?1000h[?1000h[?1000h[?1000h[?1000h[?1000h[?1000h[?1000h[?1000h[?1000h [32m✓[39m src/tui/components/__tests__/FileDiffViewer.test.tsx [2m([22m[2m9 tests[22m[2m)[22m[32m 89[2mms[22m[39m
[?1000l[?1000l[?1000l[?1000l[?1000l[?1000l[?1000l[?1000l[?1000l[?1000l[?1000l[?1000l[?1000l[?1000l[?1000l[?1000l [32m✓[39m src/commands/__tests__/draft-driven-discovery-feedback-loop.test.ts [2m([22m[2m18 tests[22m[2m)[22m[32m 81[2mms[22m[39m
 [32m✓[39m src/tui/components/__tests__/VirtualList-height-measurement.test.tsx [2m([22m[2m3 tests[22m[2m)[22m[32m 79[2mms[22m[39m
 [32m✓[39m src/commands/__tests__/reverse.test.ts [2m([22m[2m13 tests[22m[2m)[22m[32m 78[2mms[22m[39m
 [32m✓[39m src/commands/__tests__/check.test.ts [2m([22m[2m11 tests[22m[2m)[22m[32m 75[2mms[22m[39m
[90mstdout[2m | src/commands/__tests__/temporal-ordering-enforcement.test.ts[2m > [22m[2mFeature: Prevent retroactive state walking - enforce temporal ordering[2m > [22m[2mScenario: Detect retroactive feature file creation[2m > [22m[2mshould block transition to testing when feature file exists before specifying state
[22m[39m⚠ Migrating work-units.json from v0.6.0 to 0.7.0...

[90mstdout[2m | src/commands/__tests__/temporal-ordering-enforcement.test.ts[2m > [22m[2mFeature: Prevent retroactive state walking - enforce temporal ordering[2m > [22m[2mScenario: Detect retroactive feature file creation[2m > [22m[2mshould block transition to testing when feature file exists before specifying state
[22m[39mBackup created: spec/work-units.json.backup-0.7.0-1762071853051
Applying: stable-indices (0.7.0)

[90mstdout[2m | src/commands/__tests__/temporal-ordering-enforcement.test.ts[2m > [22m[2mFeature: Prevent retroactive state walking - enforce temporal ordering[2m > [22m[2mScenario: Detect retroactive feature file creation[2m > [22m[2mshould block transition to testing when feature file exists before specifying state
[22m[39m✓ Migration complete: v0.6.0 → 0.7.0

[90mstdout[2m | src/commands/__tests__/temporal-ordering-enforcement.test.ts[2m > [22m[2mFeature: Prevent retroactive state walking - enforce temporal ordering[2m > [22m[2mScenario: Allow valid ACDD workflow[2m > [22m[2mshould allow transition to testing when feature file created after specifying state
[22m[39m⚠ Migrating work-units.json from v0.6.0 to 0.7.0...

[90mstdout[2m | src/commands/__tests__/temporal-ordering-enforcement.test.ts[2m > [22m[2mFeature: Prevent retroactive state walking - enforce temporal ordering[2m > [22m[2mScenario: Allow valid ACDD workflow[2m > [22m[2mshould allow transition to testing when feature file created after specifying state
[22m[39mBackup created: spec/work-units.json.backup-0.7.0-1762071853062
Applying: stable-indices (0.7.0)

[90mstdout[2m | src/commands/__tests__/temporal-ordering-enforcement.test.ts[2m > [22m[2mFeature: Prevent retroactive state walking - enforce temporal ordering[2m > [22m[2mScenario: Allow valid ACDD workflow[2m > [22m[2mshould allow transition to testing when feature file created after specifying state
[22m[39m✓ Migration complete: v0.6.0 → 0.7.0

[90mstdout[2m | src/commands/__tests__/temporal-ordering-enforcement.test.ts[2m > [22m[2mFeature: Prevent retroactive state walking - enforce temporal ordering[2m > [22m[2mScenario: Detect retroactive test file creation[2m > [22m[2mshould block transition to implementing when test file exists before testing state
[22m[39m⚠ Migrating work-units.json from v0.6.0 to 0.7.0...

[90mstdout[2m | src/commands/__tests__/temporal-ordering-enforcement.test.ts[2m > [22m[2mFeature: Prevent retroactive state walking - enforce temporal ordering[2m > [22m[2mScenario: Detect retroactive test file creation[2m > [22m[2mshould block transition to implementing when test file exists before testing state
[22m[39mBackup created: spec/work-units.json.backup-0.7.0-1762071853097
Applying: stable-indices (0.7.0)

[90mstdout[2m | src/commands/__tests__/temporal-ordering-enforcement.test.ts[2m > [22m[2mFeature: Prevent retroactive state walking - enforce temporal ordering[2m > [22m[2mScenario: Detect retroactive test file creation[2m > [22m[2mshould block transition to implementing when test file exists before testing state
[22m[39m✓ Migration complete: v0.6.0 → 0.7.0

[90mstdout[2m | src/commands/__tests__/temporal-ordering-enforcement.test.ts[2m > [22m[2mFeature: Prevent retroactive state walking - enforce temporal ordering[2m > [22m[2mScenario: Escape hatch with --skip-temporal-validation[2m > [22m[2mshould allow retroactive completion when explicitly skipping validation
[22m[39m⚠ Migrating work-units.json from v0.6.0 to 0.7.0...

[90mstdout[2m | src/commands/__tests__/temporal-ordering-enforcement.test.ts[2m > [22m[2mFeature: Prevent retroactive state walking - enforce temporal ordering[2m > [22m[2mScenario: Escape hatch with --skip-temporal-validation[2m > [22m[2mshould allow retroactive completion when explicitly skipping validation
[22m[39mBackup created: spec/work-units.json.backup-0.7.0-1762071853103
Applying: stable-indices (0.7.0)

[90mstdout[2m | src/commands/__tests__/temporal-ordering-enforcement.test.ts[2m > [22m[2mFeature: Prevent retroactive state walking - enforce temporal ordering[2m > [22m[2mScenario: Escape hatch with --skip-temporal-validation[2m > [22m[2mshould allow retroactive completion when explicitly skipping validation
[22m[39m✓ Migration complete: v0.6.0 → 0.7.0

[90mstdout[2m | src/commands/__tests__/temporal-ordering-enforcement.test.ts[2m > [22m[2mFeature: Prevent retroactive state walking - enforce temporal ordering[2m > [22m[2mScenario: Tasks are exempt from test file temporal validation[2m > [22m[2mshould not validate test file timestamps for task work units
[22m[39m⚠ Migrating work-units.json from v0.6.0 to 0.7.0...

[90mstdout[2m | src/commands/__tests__/temporal-ordering-enforcement.test.ts[2m > [22m[2mFeature: Prevent retroactive state walking - enforce temporal ordering[2m > [22m[2mScenario: Tasks are exempt from test file temporal validation[2m > [22m[2mshould not validate test file timestamps for task work units
[22m[39mBackup created: spec/work-units.json.backup-0.7.0-1762071853116
Applying: stable-indices (0.7.0)

[90mstdout[2m | src/commands/__tests__/temporal-ordering-enforcement.test.ts[2m > [22m[2mFeature: Prevent retroactive state walking - enforce temporal ordering[2m > [22m[2mScenario: Tasks are exempt from test file temporal validation[2m > [22m[2mshould not validate test file timestamps for task work units
[22m[39m✓ Migration complete: v0.6.0 → 0.7.0

[90mstdout[2m | src/commands/__tests__/temporal-ordering-enforcement.test.ts[2m > [22m[2mFeature: Prevent retroactive state walking - enforce temporal ordering[2m > [22m[2mScenario: Tasks are exempt from test file temporal validation[2m > [22m[2mshould not validate test file timestamps for task work units
[22m[39m**IMPORTANT:** NO TEST COMMAND CONFIGURED

No test command configured. Use Read/Glob tools to detect test framework, then run:

  fspec configure-tools --test-command <cmd>

If no test tools detected, search for current best practices:
  Query: "best <platform> testing tools 2025"

Replace <platform> with detected project type (Node.js, Python, Rust, Go, etc.)

Example:
  fspec configure-tools --test-command "npm test"
  fspec configure-tools --test-command "pytest"
  fspec configure-tools --test-command "cargo test"


[90mstdout[2m | src/commands/__tests__/temporal-ordering-enforcement.test.ts[2m > [22m[2mFeature: Prevent retroactive state walking - enforce temporal ordering[2m > [22m[2mScenario: Tasks are exempt from test file temporal validation[2m > [22m[2mshould not validate test file timestamps for task work units
[22m[39m**IMPORTANT:** No quality check commands configured

 [32m✓[39m src/commands/__tests__/temporal-ordering-enforcement.test.ts [2m([22m[2m5 tests[22m[2m)[22m[32m 78[2mms[22m[39m
 [32m✓[39m src/commands/__tests__/validate-tags.test.ts [2m([22m[2m22 tests[22m[2m)[22m[32m 60[2mms[22m[39m
 [32m✓[39m src/git/__tests__/status.test.ts [2m([22m[2m12 tests[22m[2m)[22m[32m 75[2mms[22m[39m
 [32m✓[39m src/hooks/__tests__/virtual-hook-execution.test.ts [2m([22m[2m8 tests[22m[2m)[22m[32m 77[2mms[22m[39m
 [32m✓[39m src/tui/__tests__/BoardView-story-points-format.test.tsx [2m([22m[2m5 tests[22m[2m)[22m[32m 73[2mms[22m[39m
 [32m✓[39m src/commands/__tests__/dependencies.test.ts [2m([22m[2m39 tests[22m[2m)[22m[32m 63[2mms[22m[39m
 [32m✓[39m src/commands/__tests__/kanban-workflow.test.ts [2m([22m[2m30 tests[22m[2m)[22m[32m 77[2mms[22m[39m
 [32m✓[39m src/commands/__tests__/example-mapping.test.ts [2m([22m[2m29 tests[22m[2m)[22m[32m 65[2mms[22m[39m
[90mstdout[2m | src/commands/__tests__/stable-indices.test.ts[2m > [22m[2mFeature: Implement Stable Indices with Soft Delete[2m > [22m[2mScenario: Sequential removal without index shifts (line 104)[2m > [22m[2mshould soft-delete items without shifting indices
[22m[39m⚠ Migrating work-units.json from v0.6.0 to 0.7.0...

[90mstdout[2m | src/commands/__tests__/stable-indices.test.ts[2m > [22m[2mFeature: Implement Stable Indices with Soft Delete[2m > [22m[2mScenario: Sequential removal without index shifts (line 104)[2m > [22m[2mshould soft-delete items without shifting indices
[22m[39mBackup created: spec/work-units.json.backup-0.7.0-1762071855226
Applying: stable-indices (0.7.0)

[90mstdout[2m | src/commands/__tests__/stable-indices.test.ts[2m > [22m[2mFeature: Implement Stable Indices with Soft Delete[2m > [22m[2mScenario: Sequential removal without index shifts (line 104)[2m > [22m[2mshould soft-delete items without shifting indices
[22m[39m✓ Migration complete: v0.6.0 → 0.7.0

[90mstdout[2m | src/commands/__tests__/stable-indices.test.ts[2m > [22m[2mFeature: Implement Stable Indices with Soft Delete[2m > [22m[2mScenario: Display with gaps in indices after deletions (line 117)[2m > [22m[2mshould display only active items with stable IDs and show deletion count
[22m[39m⚠ Migrating work-units.json from v0.6.0 to 0.7.0...

[90mstdout[2m | src/commands/__tests__/stable-indices.test.ts[2m > [22m[2mFeature: Implement Stable Indices with Soft Delete[2m > [22m[2mScenario: Display with gaps in indices after deletions (line 117)[2m > [22m[2mshould display only active items with stable IDs and show deletion count
[22m[39mBackup created: spec/work-units.json.backup-0.7.0-1762071855234
Applying: stable-indices (0.7.0)

[90mstdout[2m | src/commands/__tests__/stable-indices.test.ts[2m > [22m[2mFeature: Implement Stable Indices with Soft Delete[2m > [22m[2mScenario: Display with gaps in indices after deletions (line 117)[2m > [22m[2mshould display only active items with stable IDs and show deletion count
[22m[39m✓ Migration complete: v0.6.0 → 0.7.0

[90mstdout[2m | src/commands/__tests__/stable-indices.test.ts[2m > [22m[2mFeature: Implement Stable Indices with Soft Delete[2m > [22m[2mScenario: Restore deleted item to original index (line 130)[2m > [22m[2mshould restore soft-deleted item and clear deletedAt timestamp
[22m[39m⚠ Migrating work-units.json from v0.6.0 to 0.7.0...

[90mstdout[2m | src/commands/__tests__/stable-indices.test.ts[2m > [22m[2mFeature: Implement Stable Indices with Soft Delete[2m > [22m[2mScenario: Restore deleted item to original index (line 130)[2m > [22m[2mshould restore soft-deleted item and clear deletedAt timestamp
[22m[39mBackup created: spec/work-units.json.backup-0.7.0-1762071855241
Applying: stable-indices (0.7.0)

[90mstdout[2m | src/commands/__tests__/stable-indices.test.ts[2m > [22m[2mFeature: Implement Stable Indices with Soft Delete[2m > [22m[2mScenario: Restore deleted item to original index (line 130)[2m > [22m[2mshould restore soft-deleted item and clear deletedAt timestamp
[22m[39m✓ Migration complete: v0.6.0 → 0.7.0

[90mstdout[2m | src/commands/__tests__/stable-indices.test.ts[2m > [22m[2mFeature: Implement Stable Indices with Soft Delete[2m > [22m[2mScenario: Manual compaction removes deleted items and renumbers IDs (line 138)[2m > [22m[2mshould permanently remove deleted items and renumber remaining IDs sequentially
[22m[39m⚠ Migrating work-units.json from v0.6.0 to 0.7.0...

[90mstdout[2m | src/commands/__tests__/stable-indices.test.ts[2m > [22m[2mFeature: Implement Stable Indices with Soft Delete[2m > [22m[2mScenario: Manual compaction removes deleted items and renumbers IDs (line 138)[2m > [22m[2mshould permanently remove deleted items and renumber remaining IDs sequentially
[22m[39mBackup created: spec/work-units.json.backup-0.7.0-1762071855248
Applying: stable-indices (0.7.0)

[90mstdout[2m | src/commands/__tests__/stable-indices.test.ts[2m > [22m[2mFeature: Implement Stable Indices with Soft Delete[2m > [22m[2mScenario: Manual compaction removes deleted items and renumbers IDs (line 138)[2m > [22m[2mshould permanently remove deleted items and renumber remaining IDs sequentially
[22m[39m✓ Migration complete: v0.6.0 → 0.7.0

[90mstdout[2m | src/commands/__tests__/stable-indices.test.ts[2m > [22m[2mFeature: Implement Stable Indices with Soft Delete[2m > [22m[2mScenario: Auto-compact on done status change (line 150)[2m > [22m[2mshould auto-compact before changing status to done
[22m[39m⚠ Migrating work-units.json from v0.6.0 to 0.7.0...

[90mstdout[2m | src/commands/__tests__/stable-indices.test.ts[2m > [22m[2mFeature: Implement Stable Indices with Soft Delete[2m > [22m[2mScenario: Auto-compact on done status change (line 150)[2m > [22m[2mshould auto-compact before changing status to done
[22m[39mBackup created: spec/work-units.json.backup-0.7.0-1762071855252
Applying: stable-indices (0.7.0)

[90mstdout[2m | src/commands/__tests__/stable-indices.test.ts[2m > [22m[2mFeature: Implement Stable Indices with Soft Delete[2m > [22m[2mScenario: Auto-compact on done status change (line 150)[2m > [22m[2mshould auto-compact before changing status to done
[22m[39m✓ Migration complete: v0.6.0 → 0.7.0

[90mstdout[2m | src/commands/__tests__/stable-indices.test.ts[2m > [22m[2mFeature: Implement Stable Indices with Soft Delete[2m > [22m[2mScenario: Auto-compact on done status change (line 150)[2m > [22m[2mshould auto-compact before changing status to done
[22m[39m**IMPORTANT:** NO TEST COMMAND CONFIGURED

No test command configured. Use Read/Glob tools to detect test framework, then run:

  fspec configure-tools --test-command <cmd>

If no test tools detected, search for current best practices:
  Query: "best <platform> testing tools 2025"

Replace <platform> with detected project type (Node.js, Python, Rust, Go, etc.)

Example:
  fspec configure-tools --test-command "npm test"
  fspec configure-tools --test-command "pytest"
  fspec configure-tools --test-command "cargo test"


[90mstdout[2m | src/commands/__tests__/stable-indices.test.ts[2m > [22m[2mFeature: Implement Stable Indices with Soft Delete[2m > [22m[2mScenario: Auto-compact on done status change (line 150)[2m > [22m[2mshould auto-compact before changing status to done
[22m[39m**IMPORTANT:** No quality check commands configured

[90mstdout[2m | src/commands/__tests__/stable-indices.test.ts[2m > [22m[2mFeature: Implement Stable Indices with Soft Delete[2m > [22m[2mScenario: Migration converts string arrays to object arrays with stable IDs (line 160)[2m > [22m[2mshould migrate v0.6.0 string arrays to v0.7.0 object arrays
[22m[39m⚠ Migrating work-units.json from v0.6.0 to 0.7.0...

[90mstdout[2m | src/commands/__tests__/stable-indices.test.ts[2m > [22m[2mFeature: Implement Stable Indices with Soft Delete[2m > [22m[2mScenario: Migration converts string arrays to object arrays with stable IDs (line 160)[2m > [22m[2mshould migrate v0.6.0 string arrays to v0.7.0 object arrays
[22m[39mBackup created: spec/work-units.json.backup-0.7.0-1762071855258
Applying: stable-indices (0.7.0)

[90mstdout[2m | src/commands/__tests__/stable-indices.test.ts[2m > [22m[2mFeature: Implement Stable Indices with Soft Delete[2m > [22m[2mScenario: Migration converts string arrays to object arrays with stable IDs (line 160)[2m > [22m[2mshould migrate v0.6.0 string arrays to v0.7.0 object arrays
[22m[39m✓ Migration complete: v0.6.0 → 0.7.0

[90mstdout[2m | src/commands/__tests__/stable-indices.test.ts[2m > [22m[2mFeature: Implement Stable Indices with Soft Delete[2m > [22m[2mScenario: Add operation creates object with stable ID (line 175)[2m > [22m[2mshould create RuleItem object with auto-incremented stable ID
[22m[39m⚠ Migrating work-units.json from v0.6.0 to 0.7.0...

[90mstdout[2m | src/commands/__tests__/stable-indices.test.ts[2m > [22m[2mFeature: Implement Stable Indices with Soft Delete[2m > [22m[2mScenario: Add operation creates object with stable ID (line 175)[2m > [22m[2mshould create RuleItem object with auto-incremented stable ID
[22m[39mBackup created: spec/work-units.json.backup-0.7.0-1762071855259
Applying: stable-indices (0.7.0)

[90mstdout[2m | src/commands/__tests__/stable-indices.test.ts[2m > [22m[2mFeature: Implement Stable Indices with Soft Delete[2m > [22m[2mScenario: Add operation creates object with stable ID (line 175)[2m > [22m[2mshould create RuleItem object with auto-incremented stable ID
[22m[39m✓ Migration complete: v0.6.0 → 0.7.0

[90mstdout[2m | src/commands/__tests__/stable-indices.test.ts[2m > [22m[2mFeature: Implement Stable Indices with Soft Delete[2m > [22m[2mScenario: Idempotent remove operation on already-deleted item (line 189)[2m > [22m[2mshould succeed without error when removing already-deleted item
[22m[39m⚠ Migrating work-units.json from v0.6.0 to 0.7.0...

[90mstdout[2m | src/commands/__tests__/stable-indices.test.ts[2m > [22m[2mFeature: Implement Stable Indices with Soft Delete[2m > [22m[2mScenario: Idempotent remove operation on already-deleted item (line 189)[2m > [22m[2mshould succeed without error when removing already-deleted item
[22m[39mBackup created: spec/work-units.json.backup-0.7.0-1762071855260
Applying: stable-indices (0.7.0)

[90mstdout[2m | src/commands/__tests__/stable-indices.test.ts[2m > [22m[2mFeature: Implement Stable Indices with Soft Delete[2m > [22m[2mScenario: Idempotent remove operation on already-deleted item (line 189)[2m > [22m[2mshould succeed without error when removing already-deleted item
[22m[39m✓ Migration complete: v0.6.0 → 0.7.0

[90mstdout[2m | src/commands/__tests__/stable-indices.test.ts[2m > [22m[2mFeature: Implement Stable Indices with Soft Delete[2m > [22m[2mScenario: Idempotent restore operation on already-active item (line 197)[2m > [22m[2mshould succeed without error when restoring already-active item
[22m[39m⚠ Migrating work-units.json from v0.6.0 to 0.7.0...

[90mstdout[2m | src/commands/__tests__/stable-indices.test.ts[2m > [22m[2mFeature: Implement Stable Indices with Soft Delete[2m > [22m[2mScenario: Idempotent restore operation on already-active item (line 197)[2m > [22m[2mshould succeed without error when restoring already-active item
[22m[39mBackup created: spec/work-units.json.backup-0.7.0-1762071855261
Applying: stable-indices (0.7.0)

[90mstdout[2m | src/commands/__tests__/stable-indices.test.ts[2m > [22m[2mFeature: Implement Stable Indices with Soft Delete[2m > [22m[2mScenario: Idempotent restore operation on already-active item (line 197)[2m > [22m[2mshould succeed without error when restoring already-active item
[22m[39m✓ Migration complete: v0.6.0 → 0.7.0

[90mstdout[2m | src/commands/__tests__/stable-indices.test.ts[2m > [22m[2mFeature: Implement Stable Indices with Soft Delete[2m > [22m[2mScenario: Restore validation fails for non-existent ID (line 205)[2m > [22m[2mshould fail with error when restoring non-existent ID
[22m[39m⚠ Migrating work-units.json from v0.6.0 to 0.7.0...

[90mstdout[2m | src/commands/__tests__/stable-indices.test.ts[2m > [22m[2mFeature: Implement Stable Indices with Soft Delete[2m > [22m[2mScenario: Restore validation fails for non-existent ID (line 205)[2m > [22m[2mshould fail with error when restoring non-existent ID
[22m[39mBackup created: spec/work-units.json.backup-0.7.0-1762071855264
Applying: stable-indices (0.7.0)

[90mstdout[2m | src/commands/__tests__/stable-indices.test.ts[2m > [22m[2mFeature: Implement Stable Indices with Soft Delete[2m > [22m[2mScenario: Restore validation fails for non-existent ID (line 205)[2m > [22m[2mshould fail with error when restoring non-existent ID
[22m[39m✓ Migration complete: v0.6.0 → 0.7.0

[90mstdout[2m | src/commands/__tests__/stable-indices.test.ts[2m > [22m[2mFeature: Implement Stable Indices with Soft Delete[2m > [22m[2mScenario: Show deleted items command displays soft-deleted items (line 212)[2m > [22m[2mshould display deleted items with IDs, text, and deletedAt timestamps
[22m[39m⚠ Migrating work-units.json from v0.6.0 to 0.7.0...

[90mstdout[2m | src/commands/__tests__/stable-indices.test.ts[2m > [22m[2mFeature: Implement Stable Indices with Soft Delete[2m > [22m[2mScenario: Show deleted items command displays soft-deleted items (line 212)[2m > [22m[2mshould display deleted items with IDs, text, and deletedAt timestamps
[22m[39mBackup created: spec/work-units.json.backup-0.7.0-1762071855267
Applying: stable-indices (0.7.0)

[90mstdout[2m | src/commands/__tests__/stable-indices.test.ts[2m > [22m[2mFeature: Implement Stable Indices with Soft Delete[2m > [22m[2mScenario: Show deleted items command displays soft-deleted items (line 212)[2m > [22m[2mshould display deleted items with IDs, text, and deletedAt timestamps
[22m[39m✓ Migration complete: v0.6.0 → 0.7.0

[90mstdout[2m | src/commands/__tests__/stable-indices.test.ts[2m > [22m[2mFeature: Implement Stable Indices with Soft Delete[2m > [22m[2mScenario: Bulk restore with comma-separated IDs (line 223)[2m > [22m[2mshould restore multiple items using comma-separated IDs
[22m[39m⚠ Migrating work-units.json from v0.6.0 to 0.7.0...

[90mstdout[2m | src/commands/__tests__/stable-indices.test.ts[2m > [22m[2mFeature: Implement Stable Indices with Soft Delete[2m > [22m[2mScenario: Bulk restore with comma-separated IDs (line 223)[2m > [22m[2mshould restore multiple items using comma-separated IDs
[22m[39mBackup created: spec/work-units.json.backup-0.7.0-1762071855273
Applying: stable-indices (0.7.0)

[90mstdout[2m | src/commands/__tests__/stable-indices.test.ts[2m > [22m[2mFeature: Implement Stable Indices with Soft Delete[2m > [22m[2mScenario: Bulk restore with comma-separated IDs (line 223)[2m > [22m[2mshould restore multiple items using comma-separated IDs
[22m[39m✓ Migration complete: v0.6.0 → 0.7.0

[90mstdout[2m | src/commands/__tests__/stable-indices.test.ts[2m > [22m[2mFeature: Implement Stable Indices with Soft Delete[2m > [22m[2mScenario: Verbose mode displays timestamps (line 232)[2m > [22m[2mshould display createdAt and deletedAt timestamps in verbose mode
[22m[39m⚠ Migrating work-units.json from v0.6.0 to 0.7.0...

[90mstdout[2m | src/commands/__tests__/stable-indices.test.ts[2m > [22m[2mFeature: Implement Stable Indices with Soft Delete[2m > [22m[2mScenario: Verbose mode displays timestamps (line 232)[2m > [22m[2mshould display createdAt and deletedAt timestamps in verbose mode
[22m[39mBackup created: spec/work-units.json.backup-0.7.0-1762071855276
Applying: stable-indices (0.7.0)

[90mstdout[2m | src/commands/__tests__/stable-indices.test.ts[2m > [22m[2mFeature: Implement Stable Indices with Soft Delete[2m > [22m[2mScenario: Verbose mode displays timestamps (line 232)[2m > [22m[2mshould display createdAt and deletedAt timestamps in verbose mode
[22m[39m✓ Migration complete: v0.6.0 → 0.7.0

[90mstdout[2m | src/commands/__tests__/stable-indices.test.ts[2m > [22m[2mFeature: Implement Stable Indices with Soft Delete[2m > [22m[2mScenario: Remove validation fails for non-existent ID (line 241)[2m > [22m[2mshould fail with error when removing non-existent ID
[22m[39m⚠ Migrating work-units.json from v0.6.0 to 0.7.0...

[90mstdout[2m | src/commands/__tests__/stable-indices.test.ts[2m > [22m[2mFeature: Implement Stable Indices with Soft Delete[2m > [22m[2mScenario: Remove validation fails for non-existent ID (line 241)[2m > [22m[2mshould fail with error when removing non-existent ID
[22m[39mBackup created: spec/work-units.json.backup-0.7.0-1762071855278
Applying: stable-indices (0.7.0)

[90mstdout[2m | src/commands/__tests__/stable-indices.test.ts[2m > [22m[2mFeature: Implement Stable Indices with Soft Delete[2m > [22m[2mScenario: Remove validation fails for non-existent ID (line 241)[2m > [22m[2mshould fail with error when removing non-existent ID
[22m[39m✓ Migration complete: v0.6.0 → 0.7.0

[90mstdout[2m | src/commands/__tests__/stable-indices.test.ts[2m > [22m[2mFeature: Implement Stable Indices with Soft Delete[2m > [22m[2mScenario: Compact during specifying phase requires force flag (line 248)[2m > [22m[2mshould require --force flag when compacting during non-done status
[22m[39m⚠ Migrating work-units.json from v0.6.0 to 0.7.0...

[90mstdout[2m | src/commands/__tests__/stable-indices.test.ts[2m > [22m[2mFeature: Implement Stable Indices with Soft Delete[2m > [22m[2mScenario: Compact during specifying phase requires force flag (line 248)[2m > [22m[2mshould require --force flag when compacting during non-done status
[22m[39mBackup created: spec/work-units.json.backup-0.7.0-1762071855280
Applying: stable-indices (0.7.0)

[90mstdout[2m | src/commands/__tests__/stable-indices.test.ts[2m > [22m[2mFeature: Implement Stable Indices with Soft Delete[2m > [22m[2mScenario: Compact during specifying phase requires force flag (line 248)[2m > [22m[2mshould require --force flag when compacting during non-done status
[22m[39m✓ Migration complete: v0.6.0 → 0.7.0

[90mstdout[2m | src/commands/__tests__/stable-indices.test.ts[2m > [22m[2mFeature: Implement Stable Indices with Soft Delete[2m > [22m[2mScenario: Migration handles partially migrated data (line 260)[2m > [22m[2mshould handle mixed string and object format during migration
[22m[39m⚠ Migrating work-units.json from v0.6.0 to 0.7.0...

[90mstdout[2m | src/commands/__tests__/stable-indices.test.ts[2m > [22m[2mFeature: Implement Stable Indices with Soft Delete[2m > [22m[2mScenario: Migration handles partially migrated data (line 260)[2m > [22m[2mshould handle mixed string and object format during migration
[22m[39mBackup created: spec/work-units.json.backup-0.7.0-1762071855282
Applying: stable-indices (0.7.0)

[90mstdout[2m | src/commands/__tests__/stable-indices.test.ts[2m > [22m[2mFeature: Implement Stable Indices with Soft Delete[2m > [22m[2mScenario: Migration handles partially migrated data (line 260)[2m > [22m[2mshould handle mixed string and object format during migration
[22m[39m✓ Migration complete: v0.6.0 → 0.7.0

 [32m✓[39m src/commands/__tests__/stable-indices.test.ts [2m([22m[2m16 tests[22m[2m)[22m[32m 62[2mms[22m[39m
 [32m✓[39m src/tui/__tests__/fspecStore-data-loading.test.ts [2m([22m[2m5 tests[22m[2m)[22m[32m 61[2mms[22m[39m
 [32m✓[39m src/commands/__tests__/validate.test.ts [2m([22m[2m16 tests[22m[2m)[22m[32m 67[2mms[22m[39m
 [32m✓[39m src/generators/__tests__/tags-md.test.ts [2m([22m[2m9 tests[22m[2m)[22m[32m 58[2mms[22m[39m
[?1000h[?1000h[?1000h[?1000h [32m✓[39m src/tui/components/__tests__/container-focus-headings.test.tsx [2m([22m[2m5 tests[22m[2m)[22m[32m 58[2mms[22m[39m
[?1000l[?1000l[?1000l[?1000l[?1000h[?1000h[?1000h[?1000h[?1000h[?1000h [32m✓[39m src/tui/components/__tests__/vertical-layout.test.tsx [2m([22m[2m6 tests[22m[2m)[22m[32m 58[2mms[22m[39m
[?1000l[?1000l[?1000l[?1000l[?1000l[?1000l [32m✓[39m src/generators/__tests__/foundation-md.test.ts [2m([22m[2m8 tests[22m[2m)[22m[32m 57[2mms[22m[39m
[90mstdout[2m | src/commands/__tests__/prevent-starting-blocked-work.test.ts[2m > [22m[2mFeature: Work Unit Dependency Management[2m > [22m[2mScenario: Prevent starting work that is blocked[2m > [22m[2mshould prevent moving blocked work unit to active state when blockers are incomplete
[22m[39m⚠ Migrating work-units.json from v0.6.0 to 0.7.0...

[90mstdout[2m | src/commands/__tests__/prevent-starting-blocked-work.test.ts[2m > [22m[2mFeature: Work Unit Dependency Management[2m > [22m[2mScenario: Prevent starting work that is blocked[2m > [22m[2mshould prevent moving blocked work unit to active state when blockers are incomplete
[22m[39mBackup created: spec/work-units.json.backup-0.7.0-1762071856826
Applying: stable-indices (0.7.0)

[90mstdout[2m | src/commands/__tests__/prevent-starting-blocked-work.test.ts[2m > [22m[2mFeature: Work Unit Dependency Management[2m > [22m[2mScenario: Prevent starting work that is blocked[2m > [22m[2mshould prevent moving blocked work unit to active state when blockers are incomplete
[22m[39m✓ Migration complete: v0.6.0 → 0.7.0

[90mstdout[2m | src/commands/__tests__/prevent-starting-blocked-work.test.ts[2m > [22m[2mFeature: Work Unit Dependency Management[2m > [22m[2mScenario: Prevent starting work that is blocked[2m > [22m[2mshould allow moving work unit to active state when all blockers are done
[22m[39m⚠ Migrating work-units.json from v0.6.0 to 0.7.0...

[90mstdout[2m | src/commands/__tests__/prevent-starting-blocked-work.test.ts[2m > [22m[2mFeature: Work Unit Dependency Management[2m > [22m[2mScenario: Prevent starting work that is blocked[2m > [22m[2mshould allow moving work unit to active state when all blockers are done
[22m[39mBackup created: spec/work-units.json.backup-0.7.0-1762071856831
Applying: stable-indices (0.7.0)

[90mstdout[2m | src/commands/__tests__/prevent-starting-blocked-work.test.ts[2m > [22m[2mFeature: Work Unit Dependency Management[2m > [22m[2mScenario: Prevent starting work that is blocked[2m > [22m[2mshould allow moving work unit to active state when all blockers are done
[22m[39m✓ Migration complete: v0.6.0 → 0.7.0

[90mstdout[2m | src/commands/__tests__/prevent-starting-blocked-work.test.ts[2m > [22m[2mFeature: Work Unit Dependency Management[2m > [22m[2mScenario: Prevent starting work that is blocked[2m > [22m[2mshould prevent starting work when multiple blockers are incomplete
[22m[39m⚠ Migrating work-units.json from v0.6.0 to 0.7.0...

[90mstdout[2m | src/commands/__tests__/prevent-starting-blocked-work.test.ts[2m > [22m[2mFeature: Work Unit Dependency Management[2m > [22m[2mScenario: Prevent starting work that is blocked[2m > [22m[2mshould prevent starting work when multiple blockers are incomplete
[22m[39mBackup created: spec/work-units.json.backup-0.7.0-1762071856876
Applying: stable-indices (0.7.0)

[90mstdout[2m | src/commands/__tests__/prevent-starting-blocked-work.test.ts[2m > [22m[2mFeature: Work Unit Dependency Management[2m > [22m[2mScenario: Prevent starting work that is blocked[2m > [22m[2mshould prevent starting work when multiple blockers are incomplete
[22m[39m✓ Migration complete: v0.6.0 → 0.7.0

 [32m✓[39m src/commands/__tests__/prevent-starting-blocked-work.test.ts [2m([22m[2m3 tests[22m[2m)[22m[32m 57[2mms[22m[39m
[90mstdout[2m | src/commands/__tests__/acdd-workflow-integration.test.ts[2m > [22m[2mFeature: ACDD Workflow Integration[2m > [22m[2mScenario: Allow status update to done when all scenarios are covered[2m > [22m[2mshould update work unit to done when all scenarios have coverage
[22m[39m⚠ Migrating work-units.json from v0.6.0 to 0.7.0...

[90mstdout[2m | src/commands/__tests__/acdd-workflow-integration.test.ts[2m > [22m[2mFeature: ACDD Workflow Integration[2m > [22m[2mScenario: Allow status update to done when all scenarios are covered[2m > [22m[2mshould update work unit to done when all scenarios have coverage
[22m[39mBackup created: spec/work-units.json.backup-0.7.0-1762071857079
Applying: stable-indices (0.7.0)

[90mstdout[2m | src/commands/__tests__/acdd-workflow-integration.test.ts[2m > [22m[2mFeature: ACDD Workflow Integration[2m > [22m[2mScenario: Allow status update to done when all scenarios are covered[2m > [22m[2mshould update work unit to done when all scenarios have coverage
[22m[39m✓ Migration complete: v0.6.0 → 0.7.0

[90mstdout[2m | src/commands/__tests__/acdd-workflow-integration.test.ts[2m > [22m[2mFeature: ACDD Workflow Integration[2m > [22m[2mScenario: Block status update to done when scenarios are uncovered[2m > [22m[2mshould fail to update work unit when scenarios lack coverage
[22m[39m⚠ Migrating work-units.json from v0.6.0 to 0.7.0...

[90mstdout[2m | src/commands/__tests__/acdd-workflow-integration.test.ts[2m > [22m[2mFeature: ACDD Workflow Integration[2m > [22m[2mScenario: Block status update to done when scenarios are uncovered[2m > [22m[2mshould fail to update work unit when scenarios lack coverage
[22m[39mBackup created: spec/work-units.json.backup-0.7.0-1762071857115
Applying: stable-indices (0.7.0)

[90mstdout[2m | src/commands/__tests__/acdd-workflow-integration.test.ts[2m > [22m[2mFeature: ACDD Workflow Integration[2m > [22m[2mScenario: Block status update to done when scenarios are uncovered[2m > [22m[2mshould fail to update work unit when scenarios lack coverage
[22m[39m✓ Migration complete: v0.6.0 → 0.7.0

[90mstdout[2m | src/commands/__tests__/acdd-workflow-integration.test.ts[2m > [22m[2mFeature: ACDD Workflow Integration[2m > [22m[2mScenario: Allow status update when coverage file doesn't exist[2m > [22m[2mshould update work unit with warning when no coverage file exists
[22m[39m⚠ Migrating work-units.json from v0.6.0 to 0.7.0...

[90mstdout[2m | src/commands/__tests__/acdd-workflow-integration.test.ts[2m > [22m[2mFeature: ACDD Workflow Integration[2m > [22m[2mScenario: Allow status update when coverage file doesn't exist[2m > [22m[2mshould update work unit with warning when no coverage file exists
[22m[39mBackup created: spec/work-units.json.backup-0.7.0-1762071857118
Applying: stable-indices (0.7.0)

[90mstdout[2m | src/commands/__tests__/acdd-workflow-integration.test.ts[2m > [22m[2mFeature: ACDD Workflow Integration[2m > [22m[2mScenario: Allow status update when coverage file doesn't exist[2m > [22m[2mshould update work unit with warning when no coverage file exists
[22m[39m✓ Migration complete: v0.6.0 → 0.7.0

 [32m✓[39m src/commands/__tests__/acdd-workflow-integration.test.ts [2m([22m[2m3 tests[22m[2m)[22m[32m 55[2mms[22m[39m
 [32m✓[39m src/commands/__tests__/discover-foundation-validation-feedback.test.ts [2m([22m[2m3 tests[22m[2m)[22m[32m 56[2mms[22m[39m
 [32m✓[39m src/commands/__tests__/work-unit.test.ts [2m([22m[2m27 tests[22m[2m)[22m[32m 58[2mms[22m[39m
 [32m✓[39m src/types/__tests__/foundation-schema.test.ts [2m([22m[2m10 tests[22m[2m)[22m[32m 53[2mms[22m[39m
 [32m✓[39m src/commands/__tests__/pm-remaining.test.ts [2m([22m[2m27 tests[22m[2m)[22m[32m 57[2mms[22m[39m
[90mstdout[2m | src/commands/__tests__/parent-work-unit-validation.test.ts[2m > [22m[2mFeature: Parent Work Unit Validation (BUG-006)[2m > [22m[2mScenario: Parent work unit moves to testing without scenarios[2m > [22m[2mshould allow parent work unit to move to testing without scenario validation
[22m[39m⚠ Migrating work-units.json from v0.6.0 to 0.7.0...

[90mstdout[2m | src/commands/__tests__/parent-work-unit-validation.test.ts[2m > [22m[2mFeature: Parent Work Unit Validation (BUG-006)[2m > [22m[2mScenario: Parent work unit moves to testing without scenarios[2m > [22m[2mshould allow parent work unit to move to testing without scenario validation
[22m[39mBackup created: spec/work-units.json.backup-0.7.0-1762071858192
Applying: stable-indices (0.7.0)

[90mstdout[2m | src/commands/__tests__/parent-work-unit-validation.test.ts[2m > [22m[2mFeature: Parent Work Unit Validation (BUG-006)[2m > [22m[2mScenario: Parent work unit moves to testing without scenarios[2m > [22m[2mshould allow parent work unit to move to testing without scenario validation
[22m[39m✓ Migration complete: v0.6.0 → 0.7.0

[90mstdout[2m | src/commands/__tests__/parent-work-unit-validation.test.ts[2m > [22m[2mFeature: Parent Work Unit Validation (BUG-006)[2m > [22m[2mScenario: Leaf work unit requires scenarios[2m > [22m[2mshould fail when leaf work unit has no scenarios
[22m[39m⚠ Migrating work-units.json from v0.6.0 to 0.7.0...

[90mstdout[2m | src/commands/__tests__/parent-work-unit-validation.test.ts[2m > [22m[2mFeature: Parent Work Unit Validation (BUG-006)[2m > [22m[2mScenario: Leaf work unit requires scenarios[2m > [22m[2mshould fail when leaf work unit has no scenarios
[22m[39mBackup created: spec/work-units.json.backup-0.7.0-1762071858223
Applying: stable-indices (0.7.0)

[90mstdout[2m | src/commands/__tests__/parent-work-unit-validation.test.ts[2m > [22m[2mFeature: Parent Work Unit Validation (BUG-006)[2m > [22m[2mScenario: Leaf work unit requires scenarios[2m > [22m[2mshould fail when leaf work unit has no scenarios
[22m[39m✓ Migration complete: v0.6.0 → 0.7.0

[90mstdout[2m | src/commands/__tests__/parent-work-unit-validation.test.ts[2m > [22m[2mFeature: Parent Work Unit Validation (BUG-006)[2m > [22m[2mScenario: Parent work unit moves to done when all children done[2m > [22m[2mshould allow parent to move to done when all children are done
[22m[39m⚠ Migrating work-units.json from v0.6.0 to 0.7.0...

[90mstdout[2m | src/commands/__tests__/parent-work-unit-validation.test.ts[2m > [22m[2mFeature: Parent Work Unit Validation (BUG-006)[2m > [22m[2mScenario: Parent work unit moves to done when all children done[2m > [22m[2mshould allow parent to move to done when all children are done
[22m[39mBackup created: spec/work-units.json.backup-0.7.0-1762071858229
Applying: stable-indices (0.7.0)

[90mstdout[2m | src/commands/__tests__/parent-work-unit-validation.test.ts[2m > [22m[2mFeature: Parent Work Unit Validation (BUG-006)[2m > [22m[2mScenario: Parent work unit moves to done when all children done[2m > [22m[2mshould allow parent to move to done when all children are done
[22m[39m✓ Migration complete: v0.6.0 → 0.7.0

[90mstdout[2m | src/commands/__tests__/parent-work-unit-validation.test.ts[2m > [22m[2mFeature: Parent Work Unit Validation (BUG-006)[2m > [22m[2mScenario: Parent work unit blocked when children incomplete[2m > [22m[2mshould fail when trying to mark parent done with incomplete children
[22m[39m⚠ Migrating work-units.json from v0.6.0 to 0.7.0...

[90mstdout[2m | src/commands/__tests__/parent-work-unit-validation.test.ts[2m > [22m[2mFeature: Parent Work Unit Validation (BUG-006)[2m > [22m[2mScenario: Parent work unit blocked when children incomplete[2m > [22m[2mshould fail when trying to mark parent done with incomplete children
[22m[39mBackup created: spec/work-units.json.backup-0.7.0-1762071858242
Applying: stable-indices (0.7.0)

[90mstdout[2m | src/commands/__tests__/parent-work-unit-validation.test.ts[2m > [22m[2mFeature: Parent Work Unit Validation (BUG-006)[2m > [22m[2mScenario: Parent work unit blocked when children incomplete[2m > [22m[2mshould fail when trying to mark parent done with incomplete children
[22m[39m✓ Migration complete: v0.6.0 → 0.7.0

 [32m✓[39m src/commands/__tests__/parent-work-unit-validation.test.ts [2m([22m[2m4 tests[22m[2m)[22m[32m 55[2mms[22m[39m
[90mstdout[2m | src/commands/__tests__/prefill-workflow-blocking.test.ts[2m > [22m[2mFeature: Feature File Prefill Detection and CLI Enforcement[2m > [22m[2mScenario: Workflow blocking prevents status change with prefill[2m > [22m[2mshould fail when trying to move to testing with prefill in linked feature
[22m[39m⚠ Migrating work-units.json from v0.6.0 to 0.7.0...

[90mstdout[2m | src/commands/__tests__/prefill-workflow-blocking.test.ts[2m > [22m[2mFeature: Feature File Prefill Detection and CLI Enforcement[2m > [22m[2mScenario: Workflow blocking prevents status change with prefill[2m > [22m[2mshould fail when trying to move to testing with prefill in linked feature
[22m[39mBackup created: spec/work-units.json.backup-0.7.0-1762071858412
Applying: stable-indices (0.7.0)

[90mstdout[2m | src/commands/__tests__/prefill-workflow-blocking.test.ts[2m > [22m[2mFeature: Feature File Prefill Detection and CLI Enforcement[2m > [22m[2mScenario: Workflow blocking prevents status change with prefill[2m > [22m[2mshould fail when trying to move to testing with prefill in linked feature
[22m[39m✓ Migration complete: v0.6.0 → 0.7.0

[90mstdout[2m | src/commands/__tests__/prefill-workflow-blocking.test.ts[2m > [22m[2mFeature: Feature File Prefill Detection and CLI Enforcement[2m > [22m[2mScenario: Workflow blocking prevents status change with prefill[2m > [22m[2mshould succeed when feature file has no prefill
[22m[39m⚠ Migrating work-units.json from v0.6.0 to 0.7.0...

[90mstdout[2m | src/commands/__tests__/prefill-workflow-blocking.test.ts[2m > [22m[2mFeature: Feature File Prefill Detection and CLI Enforcement[2m > [22m[2mScenario: Workflow blocking prevents status change with prefill[2m > [22m[2mshould succeed when feature file has no prefill
[22m[39mBackup created: spec/work-units.json.backup-0.7.0-1762071858417
Applying: stable-indices (0.7.0)

[90mstdout[2m | src/commands/__tests__/prefill-workflow-blocking.test.ts[2m > [22m[2mFeature: Feature File Prefill Detection and CLI Enforcement[2m > [22m[2mScenario: Workflow blocking prevents status change with prefill[2m > [22m[2mshould succeed when feature file has no prefill
[22m[39m✓ Migration complete: v0.6.0 → 0.7.0

 [32m✓[39m src/commands/__tests__/prefill-workflow-blocking.test.ts [2m([22m[2m2 tests[22m[2m)[22m[32m 47[2mms[22m[39m
 [32m✓[39m src/commands/__tests__/generate-coverage-update-existing.test.ts [2m([22m[2m2 tests[22m[2m)[22m[32m 48[2mms[22m[39m
[90mstdout[2m | src/commands/__tests__/suggest-dependencies.test.ts[2m > [22m[2mFeature: Work Unit Dependency Management[2m > [22m[2mScenario: Auto-suggest dependency relationships based on work unit metadata[2m > [22m[2mshould suggest dependencies based on sequential IDs and title patterns
[22m[39m⚠ Migrating work-units.json from v0.6.0 to 0.7.0...

[90mstdout[2m | src/commands/__tests__/suggest-dependencies.test.ts[2m > [22m[2mFeature: Work Unit Dependency Management[2m > [22m[2mScenario: Auto-suggest dependency relationships based on work unit metadata[2m > [22m[2mshould suggest dependencies based on sequential IDs and title patterns
[22m[39mBackup created: spec/work-units.json.backup-0.7.0-1762071858712
Applying: stable-indices (0.7.0)

[90mstdout[2m | src/commands/__tests__/suggest-dependencies.test.ts[2m > [22m[2mFeature: Work Unit Dependency Management[2m > [22m[2mScenario: Auto-suggest dependency relationships based on work unit metadata[2m > [22m[2mshould suggest dependencies based on sequential IDs and title patterns
[22m[39m✓ Migration complete: v0.6.0 → 0.7.0

 [32m✓[39m src/commands/__tests__/suggest-dependencies.test.ts [2m([22m[2m1 test[22m[2m)[22m[32m 46[2mms[22m[39m
 [32m✓[39m src/commands/__tests__/update-work-unit-status-review-reminder.test.ts [2m([22m[2m2 tests[22m[2m)[22m[32m 52[2mms[22m[39m
[90mstdout[2m | src/commands/__tests__/query-bottlenecks.test.ts[2m > [22m[2mFeature: Work Unit Dependency Management[2m > [22m[2mScenario: Identify bottleneck work units blocking the most work[2m > [22m[2mshould list work units ranked by bottleneck score
[22m[39m⚠ Migrating work-units.json from v0.6.0 to 0.7.0...

[90mstdout[2m | src/commands/__tests__/query-bottlenecks.test.ts[2m > [22m[2mFeature: Work Unit Dependency Management[2m > [22m[2mScenario: Identify bottleneck work units blocking the most work[2m > [22m[2mshould list work units ranked by bottleneck score
[22m[39mBackup created: spec/work-units.json.backup-0.7.0-1762071859061
Applying: stable-indices (0.7.0)

[90mstdout[2m | src/commands/__tests__/query-bottlenecks.test.ts[2m > [22m[2mFeature: Work Unit Dependency Management[2m > [22m[2mScenario: Identify bottleneck work units blocking the most work[2m > [22m[2mshould list work units ranked by bottleneck score
[22m[39m✓ Migration complete: v0.6.0 → 0.7.0

 [32m✓[39m src/commands/__tests__/query-bottlenecks.test.ts [2m([22m[2m1 test[22m[2m)[22m[32m 47[2mms[22m[39m
 [32m✓[39m src/commands/__tests__/checkpoint-registration.test.ts [2m([22m[2m4 tests[22m[2m)[22m[32m 46[2mms[22m[39m
[90mstdout[2m | src/commands/__tests__/query-orphans.test.ts[2m > [22m[2mFeature: Work Unit Dependency Management[2m > [22m[2mScenario: Detect orphaned work units with no epic or dependencies[2m > [22m[2mshould list orphaned work units with no epic and no relationships
[22m[39m⚠ Migrating work-units.json from v0.6.0 to 0.7.0...

[90mstdout[2m | src/commands/__tests__/query-orphans.test.ts[2m > [22m[2mFeature: Work Unit Dependency Management[2m > [22m[2mScenario: Detect orphaned work units with no epic or dependencies[2m > [22m[2mshould list orphaned work units with no epic and no relationships
[22m[39mBackup created: spec/work-units.json.backup-0.7.0-1762071859319
Applying: stable-indices (0.7.0)

[90mstdout[2m | src/commands/__tests__/query-orphans.test.ts[2m > [22m[2mFeature: Work Unit Dependency Management[2m > [22m[2mScenario: Detect orphaned work units with no epic or dependencies[2m > [22m[2mshould list orphaned work units with no epic and no relationships
[22m[39m✓ Migration complete: v0.6.0 → 0.7.0

 [32m✓[39m src/commands/__tests__/query-orphans.test.ts [2m([22m[2m1 test[22m[2m)[22m[32m 44[2mms[22m[39m
 [32m✓[39m src/commands/__tests__/retag.test.ts [2m([22m[2m12 tests[22m[2m)[22m[32m 47[2mms[22m[39m
 [32m✓[39m src/commands/__tests__/delete-features-by-tag.test.ts [2m([22m[2m10 tests[22m[2m)[22m[32m 44[2mms[22m[39m
 [32m✓[39m src/tui/__tests__/BoardView-done-column-file-order.test.tsx [2m([22m[2m2 tests[22m[2m)[22m[32m 44[2mms[22m[39m
 [32m✓[39m src/commands/__tests__/init-multi-agent.test.ts [2m([22m[2m8 tests[22m[2m)[22m[32m 43[2mms[22m[39m
 [32m✓[39m src/commands/__tests__/init-bundling.test.ts [2m([22m[2m9 tests[22m[2m)[22m[32m 45[2mms[22m[39m
 [32m✓[39m src/commands/__tests__/add-background.test.ts [2m([22m[2m13 tests[22m[2m)[22m[32m 29[2mms[22m[39m
 [32m✓[39m src/commands/__tests__/get-scenarios.test.ts [2m([22m[2m17 tests[22m[2m)[22m[32m 40[2mms[22m[39m
 [32m✓[39m src/commands/__tests__/delete-scenarios-by-tag.test.ts [2m([22m[2m12 tests[22m[2m)[22m[32m 35[2mms[22m[39m
[90mstdout[2m | src/commands/__tests__/attachment-support.test.ts[2m > [22m[2mFeature: Attachment support for discovery process[2m > [22m[2mScenario: Add attachment to work unit[2m > [22m[2mshould copy file to attachments directory and track in work unit
[22m[39m⚠ Migrating work-units.json from v0.6.0 to 0.7.0...

[90mstdout[2m | src/commands/__tests__/attachment-support.test.ts[2m > [22m[2mFeature: Attachment support for discovery process[2m > [22m[2mScenario: Add attachment to work unit[2m > [22m[2mshould copy file to attachments directory and track in work unit
[22m[39mBackup created: spec/work-units.json.backup-0.7.0-1762071861291
Applying: stable-indices (0.7.0)

[90mstdout[2m | src/commands/__tests__/attachment-support.test.ts[2m > [22m[2mFeature: Attachment support for discovery process[2m > [22m[2mScenario: Add attachment to work unit[2m > [22m[2mshould copy file to attachments directory and track in work unit
[22m[39m✓ Migration complete: v0.6.0 → 0.7.0

[90mstdout[2m | src/commands/__tests__/attachment-support.test.ts[2m > [22m[2mFeature: Attachment support for discovery process[2m > [22m[2mScenario: Add attachment to work unit[2m > [22m[2mshould copy file to attachments directory and track in work unit
[22m[39m✓ Attachment added successfully
  File: spec/attachments/AUTH-001/auth-flow.png

[90mstdout[2m | src/commands/__tests__/attachment-support.test.ts[2m > [22m[2mFeature: Attachment support for discovery process[2m > [22m[2mScenario: Add attachment with description[2m > [22m[2mshould copy file and store with description metadata
[22m[39m⚠ Migrating work-units.json from v0.6.0 to 0.7.0...

[90mstdout[2m | src/commands/__tests__/attachment-support.test.ts[2m > [22m[2mFeature: Attachment support for discovery process[2m > [22m[2mScenario: Add attachment with description[2m > [22m[2mshould copy file and store with description metadata
[22m[39mBackup created: spec/work-units.json.backup-0.7.0-1762071861297
Applying: stable-indices (0.7.0)

[90mstdout[2m | src/commands/__tests__/attachment-support.test.ts[2m > [22m[2mFeature: Attachment support for discovery process[2m > [22m[2mScenario: Add attachment with description[2m > [22m[2mshould copy file and store with description metadata
[22m[39m✓ Migration complete: v0.6.0 → 0.7.0

[90mstdout[2m | src/commands/__tests__/attachment-support.test.ts[2m > [22m[2mFeature: Attachment support for discovery process[2m > [22m[2mScenario: Add attachment with description[2m > [22m[2mshould copy file and store with description metadata
[22m[39m✓ Attachment added successfully
  File: spec/attachments/UI-002/dashboard.png
  Description: Dashboard v2

[90mstdout[2m | src/commands/__tests__/attachment-support.test.ts[2m > [22m[2mFeature: Attachment support for discovery process[2m > [22m[2mScenario: List attachments for work unit[2m > [22m[2mshould display all attachment paths with file stats
[22m[39m⚠ Migrating work-units.json from v0.6.0 to 0.7.0...

[90mstdout[2m | src/commands/__tests__/attachment-support.test.ts[2m > [22m[2mFeature: Attachment support for discovery process[2m > [22m[2mScenario: List attachments for work unit[2m > [22m[2mshould display all attachment paths with file stats
[22m[39mBackup created: spec/work-units.json.backup-0.7.0-1762071861301
Applying: stable-indices (0.7.0)

[90mstdout[2m | src/commands/__tests__/attachment-support.test.ts[2m > [22m[2mFeature: Attachment support for discovery process[2m > [22m[2mScenario: List attachments for work unit[2m > [22m[2mshould display all attachment paths with file stats
[22m[39m✓ Migration complete: v0.6.0 → 0.7.0

[90mstdout[2m | src/commands/__tests__/attachment-support.test.ts[2m > [22m[2mFeature: Attachment support for discovery process[2m > [22m[2mScenario: List attachments for work unit[2m > [22m[2mshould display all attachment paths with file stats
[22m[39m✓ Attachment added successfully
  File: spec/attachments/AUTH-001/auth-flow.png

[90mstdout[2m | src/commands/__tests__/attachment-support.test.ts[2m > [22m[2mFeature: Attachment support for discovery process[2m > [22m[2mScenario: Remove attachment from work unit[2m > [22m[2mshould delete file and remove tracking entry
[22m[39m⚠ Migrating work-units.json from v0.6.0 to 0.7.0...

[90mstdout[2m | src/commands/__tests__/attachment-support.test.ts[2m > [22m[2mFeature: Attachment support for discovery process[2m > [22m[2mScenario: Remove attachment from work unit[2m > [22m[2mshould delete file and remove tracking entry
[22m[39mBackup created: spec/work-units.json.backup-0.7.0-1762071861306
Applying: stable-indices (0.7.0)

[90mstdout[2m | src/commands/__tests__/attachment-support.test.ts[2m > [22m[2mFeature: Attachment support for discovery process[2m > [22m[2mScenario: Remove attachment from work unit[2m > [22m[2mshould delete file and remove tracking entry
[22m[39m✓ Migration complete: v0.6.0 → 0.7.0

[90mstdout[2m | src/commands/__tests__/attachment-support.test.ts[2m > [22m[2mFeature: Attachment support for discovery process[2m > [22m[2mScenario: Remove attachment from work unit[2m > [22m[2mshould delete file and remove tracking entry
[22m[39m✓ Attachment added successfully
  File: spec/attachments/AUTH-001/diagram.png

[90mstdout[2m | src/commands/__tests__/attachment-support.test.ts[2m > [22m[2mFeature: Attachment support for discovery process[2m > [22m[2mScenario: Remove attachment from work unit[2m > [22m[2mshould delete file and remove tracking entry
[22m[39m✓ Attachment removed from work unit and file deleted
  File: spec/attachments/AUTH-001/diagram.png

[90mstdout[2m | src/commands/__tests__/attachment-support.test.ts[2m > [22m[2mFeature: Attachment support for discovery process[2m > [22m[2mScenario: Remove attachment but keep file on disk[2m > [22m[2mshould remove tracking but preserve file
[22m[39m⚠ Migrating work-units.json from v0.6.0 to 0.7.0...

[90mstdout[2m | src/commands/__tests__/attachment-support.test.ts[2m > [22m[2mFeature: Attachment support for discovery process[2m > [22m[2mScenario: Remove attachment but keep file on disk[2m > [22m[2mshould remove tracking but preserve file
[22m[39mBackup created: spec/work-units.json.backup-0.7.0-1762071861311
Applying: stable-indices (0.7.0)

[90mstdout[2m | src/commands/__tests__/attachment-support.test.ts[2m > [22m[2mFeature: Attachment support for discovery process[2m > [22m[2mScenario: Remove attachment but keep file on disk[2m > [22m[2mshould remove tracking but preserve file
[22m[39m✓ Migration complete: v0.6.0 → 0.7.0

[90mstdout[2m | src/commands/__tests__/attachment-support.test.ts[2m > [22m[2mFeature: Attachment support for discovery process[2m > [22m[2mScenario: Remove attachment but keep file on disk[2m > [22m[2mshould remove tracking but preserve file
[22m[39m✓ Attachment added successfully
  File: spec/attachments/AUTH-001/important-doc.pdf

[90mstdout[2m | src/commands/__tests__/attachment-support.test.ts[2m > [22m[2mFeature: Attachment support for discovery process[2m > [22m[2mScenario: Remove attachment but keep file on disk[2m > [22m[2mshould remove tracking but preserve file
[22m[39m✓ Attachment removed from work unit (file kept)
  File: spec/attachments/AUTH-001/important-doc.pdf

[90mstdout[2m | src/commands/__tests__/attachment-support.test.ts[2m > [22m[2mFeature: Attachment support for discovery process[2m > [22m[2mScenario: Show work unit displays attachments[2m > [22m[2mshould include attachments section in output
[22m[39m⚠ Migrating work-units.json from v0.6.0 to 0.7.0...

[90mstdout[2m | src/commands/__tests__/attachment-support.test.ts[2m > [22m[2mFeature: Attachment support for discovery process[2m > [22m[2mScenario: Show work unit displays attachments[2m > [22m[2mshould include attachments section in output
[22m[39mBackup created: spec/work-units.json.backup-0.7.0-1762071861315
Applying: stable-indices (0.7.0)

[90mstdout[2m | src/commands/__tests__/attachment-support.test.ts[2m > [22m[2mFeature: Attachment support for discovery process[2m > [22m[2mScenario: Show work unit displays attachments[2m > [22m[2mshould include attachments section in output
[22m[39m✓ Migration complete: v0.6.0 → 0.7.0

[90mstdout[2m | src/commands/__tests__/attachment-support.test.ts[2m > [22m[2mFeature: Attachment support for discovery process[2m > [22m[2mScenario: Show work unit displays attachments[2m > [22m[2mshould include attachments section in output
[22m[39m✓ Attachment added successfully
  File: spec/attachments/AUTH-001/auth-flow.png

[90mstdout[2m | src/commands/__tests__/attachment-support.test.ts[2m > [22m[2mFeature: Attachment support for discovery process[2m > [22m[2mScenario: Attempt to add non-existent file[2m > [22m[2mshould error when source file does not exist
[22m[39m⚠ Migrating work-units.json from v0.6.0 to 0.7.0...

[90mstdout[2m | src/commands/__tests__/attachment-support.test.ts[2m > [22m[2mFeature: Attachment support for discovery process[2m > [22m[2mScenario: Attempt to add non-existent file[2m > [22m[2mshould error when source file does not exist
[22m[39mBackup created: spec/work-units.json.backup-0.7.0-1762071861321
Applying: stable-indices (0.7.0)

[90mstdout[2m | src/commands/__tests__/attachment-support.test.ts[2m > [22m[2mFeature: Attachment support for discovery process[2m > [22m[2mScenario: Attempt to add non-existent file[2m > [22m[2mshould error when source file does not exist
[22m[39m✓ Migration complete: v0.6.0 → 0.7.0

[90mstdout[2m | src/commands/__tests__/attachment-support.test.ts[2m > [22m[2mFeature: Attachment support for discovery process[2m > [22m[2mScenario: Attempt to add attachment to non-existent work unit[2m > [22m[2mshould error when work unit does not exist
[22m[39m⚠ Migrating work-units.json from v0.6.0 to 0.7.0...

[90mstdout[2m | src/commands/__tests__/attachment-support.test.ts[2m > [22m[2mFeature: Attachment support for discovery process[2m > [22m[2mScenario: Attempt to add attachment to non-existent work unit[2m > [22m[2mshould error when work unit does not exist
[22m[39mBackup created: spec/work-units.json.backup-0.7.0-1762071861323
Applying: stable-indices (0.7.0)

[90mstdout[2m | src/commands/__tests__/attachment-support.test.ts[2m > [22m[2mFeature: Attachment support for discovery process[2m > [22m[2mScenario: Attempt to add attachment to non-existent work unit[2m > [22m[2mshould error when work unit does not exist
[22m[39m✓ Migration complete: v0.6.0 → 0.7.0

 [32m✓[39m src/commands/__tests__/attachment-support.test.ts [2m([22m[2m9 tests[22m[2m)[22m[32m 39[2mms[22m[39m
 [32m✓[39m src/commands/__tests__/register-tag-ensure.test.ts [2m([22m[2m1 test[22m[2m)[22m[32m 36[2mms[22m[39m
[90mstdout[2m | src/commands/__tests__/generate-scenarios-comment-embedding.test.ts[2m > [22m[2mFeature: Preserve example mapping context as comments[2m > [22m[2mScenario: Generate context-only feature file with no scenarios[2m > [22m[2mshould create feature file with comment context and zero scenarios
[22m[39m⚠ Migrating work-units.json from v0.6.0 to 0.7.0...

[90mstdout[2m | src/commands/__tests__/generate-scenarios-comment-embedding.test.ts[2m > [22m[2mFeature: Preserve example mapping context as comments[2m > [22m[2mScenario: Generate context-only feature file with no scenarios[2m > [22m[2mshould create feature file with comment context and zero scenarios
[22m[39mBackup created: spec/work-units.json.backup-0.7.0-1762071861651
Applying: stable-indices (0.7.0)

[90mstdout[2m | src/commands/__tests__/generate-scenarios-comment-embedding.test.ts[2m > [22m[2mFeature: Preserve example mapping context as comments[2m > [22m[2mScenario: Generate context-only feature file with no scenarios[2m > [22m[2mshould create feature file with comment context and zero scenarios
[22m[39m✓ Migration complete: v0.6.0 → 0.7.0

[90mstdout[2m | src/commands/__tests__/generate-scenarios-comment-embedding.test.ts[2m > [22m[2mFeature: Preserve example mapping context as comments[2m > [22m[2mScenario: User story only in Background section, not in comments[2m > [22m[2mshould include user story in Background section only (FEAT-012)
[22m[39m⚠ Migrating work-units.json from v0.6.0 to 0.7.0...

[90mstdout[2m | src/commands/__tests__/generate-scenarios-comment-embedding.test.ts[2m > [22m[2mFeature: Preserve example mapping context as comments[2m > [22m[2mScenario: User story only in Background section, not in comments[2m > [22m[2mshould include user story in Background section only (FEAT-012)
[22m[39mBackup created: spec/work-units.json.backup-0.7.0-1762071861660
Applying: stable-indices (0.7.0)

[90mstdout[2m | src/commands/__tests__/generate-scenarios-comment-embedding.test.ts[2m > [22m[2mFeature: Preserve example mapping context as comments[2m > [22m[2mScenario: User story only in Background section, not in comments[2m > [22m[2mshould include user story in Background section only (FEAT-012)
[22m[39m✓ Migration complete: v0.6.0 → 0.7.0

[90mstdout[2m | src/commands/__tests__/generate-scenarios-comment-embedding.test.ts[2m > [22m[2mFeature: Preserve example mapping context as comments[2m > [22m[2mScenario: Comment block has visual borders for easy identification[2m > [22m[2mshould add visual separator lines at top and bottom of comment block
[22m[39m⚠ Migrating work-units.json from v0.6.0 to 0.7.0...

[90mstdout[2m | src/commands/__tests__/generate-scenarios-comment-embedding.test.ts[2m > [22m[2mFeature: Preserve example mapping context as comments[2m > [22m[2mScenario: Comment block has visual borders for easy identification[2m > [22m[2mshould add visual separator lines at top and bottom of comment block
[22m[39mBackup created: spec/work-units.json.backup-0.7.0-1762071861664
Applying: stable-indices (0.7.0)

[90mstdout[2m | src/commands/__tests__/generate-scenarios-comment-embedding.test.ts[2m > [22m[2mFeature: Preserve example mapping context as comments[2m > [22m[2mScenario: Comment block has visual borders for easy identification[2m > [22m[2mshould add visual separator lines at top and bottom of comment block
[22m[39m✓ Migration complete: v0.6.0 → 0.7.0

[90mstdout[2m | src/commands/__tests__/generate-scenarios-comment-embedding.test.ts[2m > [22m[2mFeature: Preserve example mapping context as comments[2m > [22m[2mScenario: Answered questions preserved in comments[2m > [22m[2mshould include answered questions in comment context
[22m[39m⚠ Migrating work-units.json from v0.6.0 to 0.7.0...

[90mstdout[2m | src/commands/__tests__/generate-scenarios-comment-embedding.test.ts[2m > [22m[2mFeature: Preserve example mapping context as comments[2m > [22m[2mScenario: Answered questions preserved in comments[2m > [22m[2mshould include answered questions in comment context
[22m[39mBackup created: spec/work-units.json.backup-0.7.0-1762071861666
Applying: stable-indices (0.7.0)

[90mstdout[2m | src/commands/__tests__/generate-scenarios-comment-embedding.test.ts[2m > [22m[2mFeature: Preserve example mapping context as comments[2m > [22m[2mScenario: Answered questions preserved in comments[2m > [22m[2mshould include answered questions in comment context
[22m[39m✓ Migration complete: v0.6.0 → 0.7.0

[90mstdout[2m | src/commands/__tests__/generate-scenarios-comment-embedding.test.ts[2m > [22m[2mFeature: Preserve example mapping context as comments[2m > [22m[2mScenario: Assumptions documented in comments[2m > [22m[2mshould include assumptions in comment context
[22m[39m⚠ Migrating work-units.json from v0.6.0 to 0.7.0...

[90mstdout[2m | src/commands/__tests__/generate-scenarios-comment-embedding.test.ts[2m > [22m[2mFeature: Preserve example mapping context as comments[2m > [22m[2mScenario: Assumptions documented in comments[2m > [22m[2mshould include assumptions in comment context
[22m[39mBackup created: spec/work-units.json.backup-0.7.0-1762071861669
Applying: stable-indices (0.7.0)

[90mstdout[2m | src/commands/__tests__/generate-scenarios-comment-embedding.test.ts[2m > [22m[2mFeature: Preserve example mapping context as comments[2m > [22m[2mScenario: Assumptions documented in comments[2m > [22m[2mshould include assumptions in comment context
[22m[39m✓ Migration complete: v0.6.0 → 0.7.0

[90mstdout[2m | src/commands/__tests__/generate-scenarios-comment-embedding.test.ts[2m > [22m[2mFeature: Preserve example mapping context as comments[2m > [22m[2mScenario: Empty example map creates minimal comment block[2m > [22m[2mshould create minimal comment block when no example mapping data exists
[22m[39m⚠ Migrating work-units.json from v0.6.0 to 0.7.0...

[90mstdout[2m | src/commands/__tests__/generate-scenarios-comment-embedding.test.ts[2m > [22m[2mFeature: Preserve example mapping context as comments[2m > [22m[2mScenario: Empty example map creates minimal comment block[2m > [22m[2mshould create minimal comment block when no example mapping data exists
[22m[39mBackup created: spec/work-units.json.backup-0.7.0-1762071861673
Applying: stable-indices (0.7.0)

[90mstdout[2m | src/commands/__tests__/generate-scenarios-comment-embedding.test.ts[2m > [22m[2mFeature: Preserve example mapping context as comments[2m > [22m[2mScenario: Empty example map creates minimal comment block[2m > [22m[2mshould create minimal comment block when no example mapping data exists
[22m[39m✓ Migration complete: v0.6.0 → 0.7.0

[90mstdout[2m | src/commands/__tests__/generate-scenarios-comment-embedding.test.ts[2m > [22m[2mFeature: Preserve example mapping context as comments[2m > [22m[2mScenario: System-reminder guides AI to write scenarios from examples[2m > [22m[2mshould emit system-reminder instructing AI to write scenarios
[22m[39m⚠ Migrating work-units.json from v0.6.0 to 0.7.0...

[90mstdout[2m | src/commands/__tests__/generate-scenarios-comment-embedding.test.ts[2m > [22m[2mFeature: Preserve example mapping context as comments[2m > [22m[2mScenario: System-reminder guides AI to write scenarios from examples[2m > [22m[2mshould emit system-reminder instructing AI to write scenarios
[22m[39mBackup created: spec/work-units.json.backup-0.7.0-1762071861676
Applying: stable-indices (0.7.0)

[90mstdout[2m | src/commands/__tests__/generate-scenarios-comment-embedding.test.ts[2m > [22m[2mFeature: Preserve example mapping context as comments[2m > [22m[2mScenario: System-reminder guides AI to write scenarios from examples[2m > [22m[2mshould emit system-reminder instructing AI to write scenarios
[22m[39m✓ Migration complete: v0.6.0 → 0.7.0

 [32m✓[39m src/commands/__tests__/generate-scenarios-comment-embedding.test.ts [2m([22m[2m7 tests[22m[2m)[22m[32m 32[2mms[22m[39m
 [32m✓[39m src/commands/__tests__/list-features.test.ts [2m([22m[2m10 tests[22m[2m)[22m[32m 36[2mms[22m[39m
 [32m✓[39m src/commands/__tests__/init-action-handler.test.ts [2m([22m[2m4 tests[22m[2m)[22m[32m 38[2mms[22m[39m
[90mstdout[2m | src/commands/__tests__/type-specific-commands.test.ts[2m > [22m[2mFeature: Replace generic create-work-unit with type-specific commands[2m > [22m[2mScenario: Create story with Example Mapping guidance[2m > [22m[2mshould create story and emit Example Mapping system-reminder
[22m[39m⚠ Migrating work-units.json from v0.6.0 to 0.7.0...

[90mstdout[2m | src/commands/__tests__/type-specific-commands.test.ts[2m > [22m[2mFeature: Replace generic create-work-unit with type-specific commands[2m > [22m[2mScenario: Create story with Example Mapping guidance[2m > [22m[2mshould create story and emit Example Mapping system-reminder
[22m[39mBackup created: spec/work-units.json.backup-0.7.0-1762071862263
Applying: stable-indices (0.7.0)

[90mstdout[2m | src/commands/__tests__/type-specific-commands.test.ts[2m > [22m[2mFeature: Replace generic create-work-unit with type-specific commands[2m > [22m[2mScenario: Create story with Example Mapping guidance[2m > [22m[2mshould create story and emit Example Mapping system-reminder
[22m[39m✓ Migration complete: v0.6.0 → 0.7.0

[90mstdout[2m | src/commands/__tests__/type-specific-commands.test.ts[2m > [22m[2mFeature: Replace generic create-work-unit with type-specific commands[2m > [22m[2mScenario: Create bug with research guidance[2m > [22m[2mshould create bug and emit research command system-reminder
[22m[39m⚠ Migrating work-units.json from v0.6.0 to 0.7.0...

[90mstdout[2m | src/commands/__tests__/type-specific-commands.test.ts[2m > [22m[2mFeature: Replace generic create-work-unit with type-specific commands[2m > [22m[2mScenario: Create bug with research guidance[2m > [22m[2mshould create bug and emit research command system-reminder
[22m[39mBackup created: spec/work-units.json.backup-0.7.0-1762071862268
Applying: stable-indices (0.7.0)

[90mstdout[2m | src/commands/__tests__/type-specific-commands.test.ts[2m > [22m[2mFeature: Replace generic create-work-unit with type-specific commands[2m > [22m[2mScenario: Create bug with research guidance[2m > [22m[2mshould create bug and emit research command system-reminder
[22m[39m✓ Migration complete: v0.6.0 → 0.7.0

[90mstdout[2m | src/commands/__tests__/type-specific-commands.test.ts[2m > [22m[2mFeature: Replace generic create-work-unit with type-specific commands[2m > [22m[2mScenario: Create task with minimal requirements guidance[2m > [22m[2mshould create task and emit minimal requirements system-reminder
[22m[39m⚠ Migrating work-units.json from v0.6.0 to 0.7.0...

[90mstdout[2m | src/commands/__tests__/type-specific-commands.test.ts[2m > [22m[2mFeature: Replace generic create-work-unit with type-specific commands[2m > [22m[2mScenario: Create task with minimal requirements guidance[2m > [22m[2mshould create task and emit minimal requirements system-reminder
[22m[39mBackup created: spec/work-units.json.backup-0.7.0-1762071862271
Applying: stable-indices (0.7.0)

[90mstdout[2m | src/commands/__tests__/type-specific-commands.test.ts[2m > [22m[2mFeature: Replace generic create-work-unit with type-specific commands[2m > [22m[2mScenario: Create task with minimal requirements guidance[2m > [22m[2mshould create task and emit minimal requirements system-reminder
[22m[39m✓ Migration complete: v0.6.0 → 0.7.0

[90mstdout[2m | src/commands/__tests__/type-specific-commands.test.ts[2m > [22m[2mFeature: Replace generic create-work-unit with type-specific commands[2m > [22m[2mScenario: All type-specific commands support common options[2m > [22m[2mshould support --epic, --description, --parent options
[22m[39m⚠ Migrating work-units.json from v0.6.0 to 0.7.0...

[90mstdout[2m | src/commands/__tests__/type-specific-commands.test.ts[2m > [22m[2mFeature: Replace generic create-work-unit with type-specific commands[2m > [22m[2mScenario: All type-specific commands support common options[2m > [22m[2mshould support --epic, --description, --parent options
[22m[39mBackup created: spec/work-units.json.backup-0.7.0-1762071862275
Applying: stable-indices (0.7.0)

[90mstdout[2m | src/commands/__tests__/type-specific-commands.test.ts[2m > [22m[2mFeature: Replace generic create-work-unit with type-specific commands[2m > [22m[2mScenario: All type-specific commands support common options[2m > [22m[2mshould support --epic, --description, --parent options
[22m[39m✓ Migration complete: v0.6.0 → 0.7.0

[90mstdout[2m | src/commands/__tests__/type-specific-commands.test.ts[2m > [22m[2mFeature: Replace generic create-work-unit with type-specific commands[2m > [22m[2mScenario: All "work unit" terminology replaced with type-specific terms[2m > [22m[2mshould use type-specific terminology in output
[22m[39m⚠ Migrating work-units.json from v0.6.0 to 0.7.0...

[90mstdout[2m | src/commands/__tests__/type-specific-commands.test.ts[2m > [22m[2mFeature: Replace generic create-work-unit with type-specific commands[2m > [22m[2mScenario: All "work unit" terminology replaced with type-specific terms[2m > [22m[2mshould use type-specific terminology in output
[22m[39mBackup created: spec/work-units.json.backup-0.7.0-1762071862282
Applying: stable-indices (0.7.0)

[90mstdout[2m | src/commands/__tests__/type-specific-commands.test.ts[2m > [22m[2mFeature: Replace generic create-work-unit with type-specific commands[2m > [22m[2mScenario: All "work unit" terminology replaced with type-specific terms[2m > [22m[2mshould use type-specific terminology in output
[22m[39m✓ Migration complete: v0.6.0 → 0.7.0

[90mstdout[2m | src/commands/__tests__/type-specific-commands.test.ts[2m > [22m[2mFeature: Replace generic create-work-unit with type-specific commands[2m > [22m[2mScenario: System-reminders in codebase reference new commands[2m > [22m[2mshould emit system-reminders with correct command references
[22m[39m⚠ Migrating work-units.json from v0.6.0 to 0.7.0...

[90mstdout[2m | src/commands/__tests__/type-specific-commands.test.ts[2m > [22m[2mFeature: Replace generic create-work-unit with type-specific commands[2m > [22m[2mScenario: System-reminders in codebase reference new commands[2m > [22m[2mshould emit system-reminders with correct command references
[22m[39mBackup created: spec/work-units.json.backup-0.7.0-1762071862292
Applying: stable-indices (0.7.0)

[90mstdout[2m | src/commands/__tests__/type-specific-commands.test.ts[2m > [22m[2mFeature: Replace generic create-work-unit with type-specific commands[2m > [22m[2mScenario: System-reminders in codebase reference new commands[2m > [22m[2mshould emit system-reminders with correct command references
[22m[39m✓ Migration complete: v0.6.0 → 0.7.0

 [32m✓[39m src/commands/__tests__/type-specific-commands.test.ts [2m([22m[2m8 tests[22m[2m)[22m[32m 38[2mms[22m[39m
 [32m✓[39m src/utils/__tests__/templateGenerator-comprehensive.test.ts [2m([22m[2m14 tests[22m[2m)[22m[32m 34[2mms[22m[39m
 [32m✓[39m src/commands/__tests__/init-agent-switching.test.ts [2m([22m[2m5 tests[22m[2m)[22m[32m 34[2mms[22m[39m
 [32m✓[39m src/commands/__tests__/init-interactive-mode-prompts.test.ts [2m([22m[2m4 tests[22m[2m)[22m[32m 35[2mms[22m[39m
 [32m✓[39m src/commands/__tests__/format.test.ts [2m([22m[2m17 tests[22m[2m)[22m[32m 39[2mms[22m[39m
 [32m✓[39m src/commands/__tests__/tag-stats.test.ts [2m([22m[2m11 tests[22m[2m)[22m[32m 33[2mms[22m[39m
 [32m✓[39m src/commands/__tests__/show-feature.test.ts [2m([22m[2m17 tests[22m[2m)[22m[32m 35[2mms[22m[39m
 [32m✓[39m src/commands/__tests__/estimation-timing-clarification.test.ts [2m([22m[2m4 tests[22m[2m)[22m[32m 35[2mms[22m[39m
 [32m✓[39m src/commands/__tests__/foundation-ensure.test.ts [2m([22m[2m2 tests[22m[2m)[22m[32m 32[2mms[22m[39m
 [32m✓[39m src/commands/__tests__/ensure-utilities-usage.test.ts [2m([22m[2m1 test[22m[2m)[22m[32m 33[2mms[22m[39m
[90mstdout[2m | src/commands/__tests__/scenario-deduplication.test.ts[2m > [22m[2mFeature: Scenario deduplication and refactoring detection during generation[2m > [22m[2mScenario: Update existing feature file when scenario is a refactor[2m > [22m[2mshould detect existing scenario and prompt to update
[22m[39m⚠ Migrating work-units.json from v0.6.0 to 0.7.0...

[90mstdout[2m | src/commands/__tests__/scenario-deduplication.test.ts[2m > [22m[2mFeature: Scenario deduplication and refactoring detection during generation[2m > [22m[2mScenario: Update existing feature file when scenario is a refactor[2m > [22m[2mshould detect existing scenario and prompt to update
[22m[39mBackup created: spec/work-units.json.backup-0.7.0-1762071864237
Applying: stable-indices (0.7.0)

[90mstdout[2m | src/commands/__tests__/scenario-deduplication.test.ts[2m > [22m[2mFeature: Scenario deduplication and refactoring detection during generation[2m > [22m[2mScenario: Update existing feature file when scenario is a refactor[2m > [22m[2mshould detect existing scenario and prompt to update
[22m[39m✓ Migration complete: v0.6.0 → 0.7.0

[90mstdout[2m | src/commands/__tests__/scenario-deduplication.test.ts[2m > [22m[2mFeature: Scenario deduplication and refactoring detection during generation[2m > [22m[2mScenario: Update existing feature file when scenario is a refactor[2m > [22m[2mshould detect existing scenario and prompt to update
[22m[39m
⚠ Detected potential refactor (ignored):
   Example 1: "Given a user exists with valid credentials When the user logs in Then the system should validate credentials"
   Matches: "Validate user credentials and grant access" in user-authentication.feature
   Similarity: 71.3%

[90mstdout[2m | src/commands/__tests__/scenario-deduplication.test.ts[2m > [22m[2mFeature: Scenario deduplication and refactoring detection during generation[2m > [22m[2mScenario: Update existing feature file when scenario is a refactor[2m > [22m[2mshould update existing scenario when user confirms
[22m[39m⚠ Migrating work-units.json from v0.6.0 to 0.7.0...

[90mstdout[2m | src/commands/__tests__/scenario-deduplication.test.ts[2m > [22m[2mFeature: Scenario deduplication and refactoring detection during generation[2m > [22m[2mScenario: Update existing feature file when scenario is a refactor[2m > [22m[2mshould update existing scenario when user confirms
[22m[39mBackup created: spec/work-units.json.backup-0.7.0-1762071864249
Applying: stable-indices (0.7.0)

[90mstdout[2m | src/commands/__tests__/scenario-deduplication.test.ts[2m > [22m[2mFeature: Scenario deduplication and refactoring detection during generation[2m > [22m[2mScenario: Update existing feature file when scenario is a refactor[2m > [22m[2mshould update existing scenario when user confirms
[22m[39m✓ Migration complete: v0.6.0 → 0.7.0

[90mstdout[2m | src/commands/__tests__/scenario-deduplication.test.ts[2m > [22m[2mFeature: Scenario deduplication and refactoring detection during generation[2m > [22m[2mScenario: Update existing feature file when scenario is a refactor[2m > [22m[2mshould update existing scenario when user confirms
[22m[39m
⚠ Detected potential refactor (ignored):
   Example 1: "Given a user exists with valid credentials When the user logs in Then the system should validate credentials"
   Matches: "Validate user credentials and grant access" in user-authentication.feature
   Similarity: 71.3%

[90mstdout[2m | src/commands/__tests__/scenario-deduplication.test.ts[2m > [22m[2mFeature: Scenario deduplication and refactoring detection during generation[2m > [22m[2mScenario: Create new feature file when no match found[2m > [22m[2mshould create new feature file when no existing scenarios match
[22m[39m⚠ Migrating work-units.json from v0.6.0 to 0.7.0...

[90mstdout[2m | src/commands/__tests__/scenario-deduplication.test.ts[2m > [22m[2mFeature: Scenario deduplication and refactoring detection during generation[2m > [22m[2mScenario: Create new feature file when no match found[2m > [22m[2mshould create new feature file when no existing scenarios match
[22m[39mBackup created: spec/work-units.json.backup-0.7.0-1762071864253
Applying: stable-indices (0.7.0)

[90mstdout[2m | src/commands/__tests__/scenario-deduplication.test.ts[2m > [22m[2mFeature: Scenario deduplication and refactoring detection during generation[2m > [22m[2mScenario: Create new feature file when no match found[2m > [22m[2mshould create new feature file when no existing scenarios match
[22m[39m✓ Migration complete: v0.6.0 → 0.7.0

[90mstdout[2m | src/commands/__tests__/scenario-deduplication.test.ts[2m > [22m[2mFeature: Scenario deduplication and refactoring detection during generation[2m > [22m[2mScenario: Handle mixed refactor and new scenarios[2m > [22m[2mshould handle mixed refactor and new scenarios correctly
[22m[39m⚠ Migrating work-units.json from v0.6.0 to 0.7.0...

[90mstdout[2m | src/commands/__tests__/scenario-deduplication.test.ts[2m > [22m[2mFeature: Scenario deduplication and refactoring detection during generation[2m > [22m[2mScenario: Handle mixed refactor and new scenarios[2m > [22m[2mshould handle mixed refactor and new scenarios correctly
[22m[39mBackup created: spec/work-units.json.backup-0.7.0-1762071864256
Applying: stable-indices (0.7.0)

[90mstdout[2m | src/commands/__tests__/scenario-deduplication.test.ts[2m > [22m[2mFeature: Scenario deduplication and refactoring detection during generation[2m > [22m[2mScenario: Handle mixed refactor and new scenarios[2m > [22m[2mshould handle mixed refactor and new scenarios correctly
[22m[39m✓ Migration complete: v0.6.0 → 0.7.0

[90mstdout[2m | src/commands/__tests__/scenario-deduplication.test.ts[2m > [22m[2mFeature: Scenario deduplication and refactoring detection during generation[2m > [22m[2mScenario: Handle mixed refactor and new scenarios[2m > [22m[2mshould handle mixed refactor and new scenarios correctly
[22m[39m
⚠ Detected potential refactor (ignored):
   Example 1: "Given a feature with empty tags When validation runs Then validation should fail"
   Matches: "Validate empty tags in feature files" in feature-validation.feature
   Similarity: 78.9%

⚠ Detected potential refactor (ignored):
   Example 2: "Given a feature with malformed tag JSON When validation runs Then validation should fail gracefully"
   Matches: "Handle malformed tag JSON gracefully" in tag-management.feature
   Similarity: 84.7%

 [32m✓[39m src/commands/__tests__/scenario-deduplication.test.ts [2m([22m[2m5 tests[22m[2m)[22m[32m 29[2mms[22m[39m
 [32m✓[39m src/commands/__tests__/delete-tag.test.ts [2m([22m[2m11 tests[22m[2m)[22m[32m 30[2mms[22m[39m
 [32m✓[39m src/commands/__tests__/scenario-level-tag-management.test.ts [2m([22m[2m16 tests[22m[2m)[22m[32m 30[2mms[22m[39m
 [32m✓[39m src/commands/__tests__/validate-foundation-schema-version-detection.test.ts [2m([22m[2m1 test[22m[2m)[22m[32m 31[2mms[22m[39m
 [32m✓[39m src/commands/__tests__/add-architecture.test.ts [2m([22m[2m12 tests[22m[2m)[22m[32m 31[2mms[22m[39m
 [32m✓[39m src/commands/__tests__/feature-level-tag-management.test.ts [2m([22m[2m16 tests[22m[2m)[22m[32m 30[2mms[22m[39m
 [32m✓[39m src/commands/__tests__/review-ai-driven.test.ts [2m([22m[2m6 tests[22m[2m)[22m[32m 28[2mms[22m[39m
 [32m✓[39m src/commands/__tests__/init-codex-home-directory.test.ts [2m([22m[2m3 tests[22m[2m)[22m[32m 30[2mms[22m[39m
 [32m✓[39m src/commands/__tests__/list-tags.test.ts [2m([22m[2m11 tests[22m[2m)[22m[32m 30[2mms[22m[39m
 [32m✓[39m src/commands/__tests__/large-estimate-warning.test.ts [2m([22m[2m8 tests[22m[2m)[22m[32m 26[2mms[22m[39m
[90mstdout[2m | src/commands/__tests__/architecture-notes-example-mapping.test.ts[2m > [22m[2mFeature: Architecture notes in Example Mapping[2m > [22m[2mScenario: Add architecture note during Example Mapping[2m > [22m[2mshould add architecture note to work unit
[22m[39m⚠ Migrating work-units.json from v0.6.0 to 0.7.0...

[90mstdout[2m | src/commands/__tests__/architecture-notes-example-mapping.test.ts[2m > [22m[2mFeature: Architecture notes in Example Mapping[2m > [22m[2mScenario: Add architecture note during Example Mapping[2m > [22m[2mshould add architecture note to work unit
[22m[39mBackup created: spec/work-units.json.backup-0.7.0-1762071865996
Applying: stable-indices (0.7.0)

[90mstdout[2m | src/commands/__tests__/architecture-notes-example-mapping.test.ts[2m > [22m[2mFeature: Architecture notes in Example Mapping[2m > [22m[2mScenario: Add architecture note during Example Mapping[2m > [22m[2mshould add architecture note to work unit
[22m[39m✓ Migration complete: v0.6.0 → 0.7.0

[90mstdout[2m | src/commands/__tests__/architecture-notes-example-mapping.test.ts[2m > [22m[2mFeature: Architecture notes in Example Mapping[2m > [22m[2mScenario: Generate scenarios populates docstring with architecture notes[2m > [22m[2mshould populate docstring with captured architecture notes
[22m[39m⚠ Migrating work-units.json from v0.6.0 to 0.7.0...

[90mstdout[2m | src/commands/__tests__/architecture-notes-example-mapping.test.ts[2m > [22m[2mFeature: Architecture notes in Example Mapping[2m > [22m[2mScenario: Generate scenarios populates docstring with architecture notes[2m > [22m[2mshould populate docstring with captured architecture notes
[22m[39mBackup created: spec/work-units.json.backup-0.7.0-1762071866001
Applying: stable-indices (0.7.0)

[90mstdout[2m | src/commands/__tests__/architecture-notes-example-mapping.test.ts[2m > [22m[2mFeature: Architecture notes in Example Mapping[2m > [22m[2mScenario: Generate scenarios populates docstring with architecture notes[2m > [22m[2mshould populate docstring with captured architecture notes
[22m[39m✓ Migration complete: v0.6.0 → 0.7.0

[90mstdout[2m | src/commands/__tests__/architecture-notes-example-mapping.test.ts[2m > [22m[2mFeature: Architecture notes in Example Mapping[2m > [22m[2mScenario: Remove architecture note from work unit[2m > [22m[2mshould remove architecture note at specified index
[22m[39m⚠ Migrating work-units.json from v0.6.0 to 0.7.0...

[90mstdout[2m | src/commands/__tests__/architecture-notes-example-mapping.test.ts[2m > [22m[2mFeature: Architecture notes in Example Mapping[2m > [22m[2mScenario: Remove architecture note from work unit[2m > [22m[2mshould remove architecture note at specified index
[22m[39mBackup created: spec/work-units.json.backup-0.7.0-1762071866016
Applying: stable-indices (0.7.0)

[90mstdout[2m | src/commands/__tests__/architecture-notes-example-mapping.test.ts[2m > [22m[2mFeature: Architecture notes in Example Mapping[2m > [22m[2mScenario: Remove architecture note from work unit[2m > [22m[2mshould remove architecture note at specified index
[22m[39m✓ Migration complete: v0.6.0 → 0.7.0

[90mstdout[2m | src/commands/__tests__/architecture-notes-example-mapping.test.ts[2m > [22m[2mFeature: Architecture notes in Example Mapping[2m > [22m[2mScenario: Generated docstring organizes notes by category[2m > [22m[2mshould group architecture notes by detected prefix
[22m[39m⚠ Migrating work-units.json from v0.6.0 to 0.7.0...

[90mstdout[2m | src/commands/__tests__/architecture-notes-example-mapping.test.ts[2m > [22m[2mFeature: Architecture notes in Example Mapping[2m > [22m[2mScenario: Generated docstring organizes notes by category[2m > [22m[2mshould group architecture notes by detected prefix
[22m[39mBackup created: spec/work-units.json.backup-0.7.0-1762071866019
Applying: stable-indices (0.7.0)

[90mstdout[2m | src/commands/__tests__/architecture-notes-example-mapping.test.ts[2m > [22m[2mFeature: Architecture notes in Example Mapping[2m > [22m[2mScenario: Generated docstring organizes notes by category[2m > [22m[2mshould group architecture notes by detected prefix
[22m[39m✓ Migration complete: v0.6.0 → 0.7.0

 [32m✓[39m src/commands/__tests__/architecture-notes-example-mapping.test.ts [2m([22m[2m5 tests[22m[2m)[22m[32m 31[2mms[22m[39m
[90mstdout[2m | src/commands/__tests__/virtual-hook-commands.test.ts[2m > [22m[2mFeature: Work unit-scoped hooks for dynamic validation[2m > [22m[2mScenario: Add virtual hook to work unit[2m > [22m[2mshould add virtual hook with command and blocking flag
[22m[39m⚠ Migrating work-units.json from v0.6.0 to 0.7.0...

[90mstdout[2m | src/commands/__tests__/virtual-hook-commands.test.ts[2m > [22m[2mFeature: Work unit-scoped hooks for dynamic validation[2m > [22m[2mScenario: Add virtual hook to work unit[2m > [22m[2mshould add virtual hook with command and blocking flag
[22m[39mBackup created: spec/work-units.json.backup-0.7.0-1762071866166
Applying: stable-indices (0.7.0)

[90mstdout[2m | src/commands/__tests__/virtual-hook-commands.test.ts[2m > [22m[2mFeature: Work unit-scoped hooks for dynamic validation[2m > [22m[2mScenario: Add virtual hook to work unit[2m > [22m[2mshould add virtual hook with command and blocking flag
[22m[39m✓ Migration complete: v0.6.0 → 0.7.0

[90mstdout[2m | src/commands/__tests__/virtual-hook-commands.test.ts[2m > [22m[2mFeature: Work unit-scoped hooks for dynamic validation[2m > [22m[2mScenario: Add virtual hook to work unit[2m > [22m[2mshould add virtual hook with git context flag
[22m[39m⚠ Migrating work-units.json from v0.6.0 to 0.7.0...

[90mstdout[2m | src/commands/__tests__/virtual-hook-commands.test.ts[2m > [22m[2mFeature: Work unit-scoped hooks for dynamic validation[2m > [22m[2mScenario: Add virtual hook to work unit[2m > [22m[2mshould add virtual hook with git context flag
[22m[39mBackup created: spec/work-units.json.backup-0.7.0-1762071866170
Applying: stable-indices (0.7.0)

[90mstdout[2m | src/commands/__tests__/virtual-hook-commands.test.ts[2m > [22m[2mFeature: Work unit-scoped hooks for dynamic validation[2m > [22m[2mScenario: Add virtual hook to work unit[2m > [22m[2mshould add virtual hook with git context flag
[22m[39m✓ Migration complete: v0.6.0 → 0.7.0

[90mstdout[2m | src/commands/__tests__/virtual-hook-commands.test.ts[2m > [22m[2mFeature: Work unit-scoped hooks for dynamic validation[2m > [22m[2mScenario: List virtual hooks for work unit[2m > [22m[2mshould display all virtual hooks with their configurations
[22m[39m⚠ Migrating work-units.json from v0.6.0 to 0.7.0...

[90mstdout[2m | src/commands/__tests__/virtual-hook-commands.test.ts[2m > [22m[2mFeature: Work unit-scoped hooks for dynamic validation[2m > [22m[2mScenario: List virtual hooks for work unit[2m > [22m[2mshould display all virtual hooks with their configurations
[22m[39mBackup created: spec/work-units.json.backup-0.7.0-1762071866173
Applying: stable-indices (0.7.0)

[90mstdout[2m | src/commands/__tests__/virtual-hook-commands.test.ts[2m > [22m[2mFeature: Work unit-scoped hooks for dynamic validation[2m > [22m[2mScenario: List virtual hooks for work unit[2m > [22m[2mshould display all virtual hooks with their configurations
[22m[39m✓ Migration complete: v0.6.0 → 0.7.0

[90mstdout[2m | src/commands/__tests__/virtual-hook-commands.test.ts[2m > [22m[2mFeature: Work unit-scoped hooks for dynamic validation[2m > [22m[2mScenario: Remove virtual hook from work unit[2m > [22m[2mshould remove specified virtual hook by name
[22m[39m⚠ Migrating work-units.json from v0.6.0 to 0.7.0...

[90mstdout[2m | src/commands/__tests__/virtual-hook-commands.test.ts[2m > [22m[2mFeature: Work unit-scoped hooks for dynamic validation[2m > [22m[2mScenario: Remove virtual hook from work unit[2m > [22m[2mshould remove specified virtual hook by name
[22m[39mBackup created: spec/work-units.json.backup-0.7.0-1762071866176
Applying: stable-indices (0.7.0)

[90mstdout[2m | src/commands/__tests__/virtual-hook-commands.test.ts[2m > [22m[2mFeature: Work unit-scoped hooks for dynamic validation[2m > [22m[2mScenario: Remove virtual hook from work unit[2m > [22m[2mshould remove specified virtual hook by name
[22m[39m✓ Migration complete: v0.6.0 → 0.7.0

[90mstdout[2m | src/commands/__tests__/virtual-hook-commands.test.ts[2m > [22m[2mFeature: Work unit-scoped hooks for dynamic validation[2m > [22m[2mScenario: Copy virtual hooks from one work unit to another[2m > [22m[2mshould copy all virtual hooks with configurations
[22m[39m⚠ Migrating work-units.json from v0.6.0 to 0.7.0...

[90mstdout[2m | src/commands/__tests__/virtual-hook-commands.test.ts[2m > [22m[2mFeature: Work unit-scoped hooks for dynamic validation[2m > [22m[2mScenario: Copy virtual hooks from one work unit to another[2m > [22m[2mshould copy all virtual hooks with configurations
[22m[39mBackup created: spec/work-units.json.backup-0.7.0-1762071866178
Applying: stable-indices (0.7.0)

[90mstdout[2m | src/commands/__tests__/virtual-hook-commands.test.ts[2m > [22m[2mFeature: Work unit-scoped hooks for dynamic validation[2m > [22m[2mScenario: Copy virtual hooks from one work unit to another[2m > [22m[2mshould copy all virtual hooks with configurations
[22m[39m✓ Migration complete: v0.6.0 → 0.7.0

[90mstdout[2m | src/commands/__tests__/virtual-hook-commands.test.ts[2m > [22m[2mFeature: Work unit-scoped hooks for dynamic validation[2m > [22m[2mScenario: Copy virtual hooks from one work unit to another[2m > [22m[2mshould copy only specified hook when --hook-name provided
[22m[39m⚠ Migrating work-units.json from v0.6.0 to 0.7.0...

[90mstdout[2m | src/commands/__tests__/virtual-hook-commands.test.ts[2m > [22m[2mFeature: Work unit-scoped hooks for dynamic validation[2m > [22m[2mScenario: Copy virtual hooks from one work unit to another[2m > [22m[2mshould copy only specified hook when --hook-name provided
[22m[39mBackup created: spec/work-units.json.backup-0.7.0-1762071866181
Applying: stable-indices (0.7.0)

[90mstdout[2m | src/commands/__tests__/virtual-hook-commands.test.ts[2m > [22m[2mFeature: Work unit-scoped hooks for dynamic validation[2m > [22m[2mScenario: Copy virtual hooks from one work unit to another[2m > [22m[2mshould copy only specified hook when --hook-name provided
[22m[39m✓ Migration complete: v0.6.0 → 0.7.0

[90mstdout[2m | src/commands/__tests__/virtual-hook-commands.test.ts[2m > [22m[2mFeature: Work unit-scoped hooks for dynamic validation[2m > [22m[2mScenario: Clean up virtual hooks when work unit reaches done status[2m > [22m[2mshould clear all virtual hooks from work unit
[22m[39m⚠ Migrating work-units.json from v0.6.0 to 0.7.0...

[90mstdout[2m | src/commands/__tests__/virtual-hook-commands.test.ts[2m > [22m[2mFeature: Work unit-scoped hooks for dynamic validation[2m > [22m[2mScenario: Clean up virtual hooks when work unit reaches done status[2m > [22m[2mshould clear all virtual hooks from work unit
[22m[39mBackup created: spec/work-units.json.backup-0.7.0-1762071866184
Applying: stable-indices (0.7.0)

[90mstdout[2m | src/commands/__tests__/virtual-hook-commands.test.ts[2m > [22m[2mFeature: Work unit-scoped hooks for dynamic validation[2m > [22m[2mScenario: Clean up virtual hooks when work unit reaches done status[2m > [22m[2mshould clear all virtual hooks from work unit
[22m[39m✓ Migration complete: v0.6.0 → 0.7.0

 [32m✓[39m src/commands/__tests__/virtual-hook-commands.test.ts [2m([22m[2m9 tests[22m[2m)[22m[32m 26[2mms[22m[39m
 [32m✓[39m src/commands/__tests__/show-coverage.test.ts [2m([22m[2m9 tests[22m[2m)[22m[32m 31[2mms[22m[39m
 [32m✓[39m src/commands/__tests__/show-acceptance-criteria.test.ts [2m([22m[2m12 tests[22m[2m)[22m[32m 27[2mms[22m[39m
 [32m✓[39m src/utils/__tests__/templateTransformation.test.ts [2m([22m[2m12 tests[22m[2m)[22m[32m 24[2mms[22m[39m
 [32m✓[39m src/commands/__tests__/preserve-comments-in-commands.test.ts [2m([22m[2m10 tests[22m[2m)[22m[32m 26[2mms[22m[39m
 [32m✓[39m src/commands/__tests__/init-bug-fixes.test.ts [2m([22m[2m4 tests[22m[2m)[22m[32m 25[2mms[22m[39m
 [32m✓[39m src/commands/__tests__/init-config-preservation.test.ts [2m([22m[2m3 tests[22m[2m)[22m[32m 30[2mms[22m[39m
 [32m✓[39m src/commands/__tests__/add-step.test.ts [2m([22m[2m16 tests[22m[2m)[22m[32m 25[2mms[22m[39m
[90mstdout[2m | src/commands/__tests__/generate-scenarios-duplicate-detection.test.ts[2m > [22m[2mFeature: Duplicate scenario detection in generate-scenarios command[2m > [22m[2mScenario: Detect duplicate scenarios above threshold and display system-reminder[2m > [22m[2mshould detect duplicates and emit system-reminder with clear next steps
[22m[39m⚠ Migrating work-units.json from v0.6.0 to 0.7.0...

[90mstdout[2m | src/commands/__tests__/generate-scenarios-duplicate-detection.test.ts[2m > [22m[2mFeature: Duplicate scenario detection in generate-scenarios command[2m > [22m[2mScenario: Detect duplicate scenarios above threshold and display system-reminder[2m > [22m[2mshould detect duplicates and emit system-reminder with clear next steps
[22m[39mBackup created: spec/work-units.json.backup-0.7.0-1762071867542
Applying: stable-indices (0.7.0)

[90mstdout[2m | src/commands/__tests__/generate-scenarios-duplicate-detection.test.ts[2m > [22m[2mFeature: Duplicate scenario detection in generate-scenarios command[2m > [22m[2mScenario: Detect duplicate scenarios above threshold and display system-reminder[2m > [22m[2mshould detect duplicates and emit system-reminder with clear next steps
[22m[39m✓ Migration complete: v0.6.0 → 0.7.0

[90mstdout[2m | src/commands/__tests__/generate-scenarios-duplicate-detection.test.ts[2m > [22m[2mFeature: Duplicate scenario detection in generate-scenarios command[2m > [22m[2mScenario: Bypass duplicate check with --ignore-possible-duplicates flag[2m > [22m[2mshould bypass duplicate check and generate scenarios normally
[22m[39m⚠ Migrating work-units.json from v0.6.0 to 0.7.0...

[90mstdout[2m | src/commands/__tests__/generate-scenarios-duplicate-detection.test.ts[2m > [22m[2mFeature: Duplicate scenario detection in generate-scenarios command[2m > [22m[2mScenario: Bypass duplicate check with --ignore-possible-duplicates flag[2m > [22m[2mshould bypass duplicate check and generate scenarios normally
[22m[39mBackup created: spec/work-units.json.backup-0.7.0-1762071867553
Applying: stable-indices (0.7.0)

[90mstdout[2m | src/commands/__tests__/generate-scenarios-duplicate-detection.test.ts[2m > [22m[2mFeature: Duplicate scenario detection in generate-scenarios command[2m > [22m[2mScenario: Bypass duplicate check with --ignore-possible-duplicates flag[2m > [22m[2mshould bypass duplicate check and generate scenarios normally
[22m[39m✓ Migration complete: v0.6.0 → 0.7.0

[90mstdout[2m | src/commands/__tests__/generate-scenarios-duplicate-detection.test.ts[2m > [22m[2mFeature: Duplicate scenario detection in generate-scenarios command[2m > [22m[2mScenario: Generate scenarios normally when no duplicates found[2m > [22m[2mshould generate scenarios without warnings when no duplicates exist
[22m[39m⚠ Migrating work-units.json from v0.6.0 to 0.7.0...

[90mstdout[2m | src/commands/__tests__/generate-scenarios-duplicate-detection.test.ts[2m > [22m[2mFeature: Duplicate scenario detection in generate-scenarios command[2m > [22m[2mScenario: Generate scenarios normally when no duplicates found[2m > [22m[2mshould generate scenarios without warnings when no duplicates exist
[22m[39mBackup created: spec/work-units.json.backup-0.7.0-1762071867558
Applying: stable-indices (0.7.0)

[90mstdout[2m | src/commands/__tests__/generate-scenarios-duplicate-detection.test.ts[2m > [22m[2mFeature: Duplicate scenario detection in generate-scenarios command[2m > [22m[2mScenario: Generate scenarios normally when no duplicates found[2m > [22m[2mshould generate scenarios without warnings when no duplicates exist
[22m[39m✓ Migration complete: v0.6.0 → 0.7.0

 [32m✓[39m src/commands/__tests__/generate-scenarios-duplicate-detection.test.ts [2m([22m[2m3 tests[22m[2m)[22m[32m 23[2mms[22m[39m
 [32m✓[39m src/commands/__tests__/create-feature.test.ts [2m([22m[2m9 tests[22m[2m)[22m[32m 23[2mms[22m[39m
 [32m✓[39m src/tui/__tests__/tui-infrastructure.test.tsx [2m([22m[2m10 tests[22m[2m)[22m[32m 24[2mms[22m[39m
 [32m✓[39m src/commands/__tests__/epic-and-prefix-management.test.ts [2m([22m[2m9 tests[22m[2m)[22m[32m 22[2mms[22m[39m
 [32m✓[39m src/commands/__tests__/delete-step.test.ts [2m([22m[2m11 tests[22m[2m)[22m[32m 21[2mms[22m[39m
 [32m✓[39m src/commands/__tests__/add-scenario.test.ts [2m([22m[2m11 tests[22m[2m)[22m[32m 22[2mms[22m[39m
 [32m✓[39m src/commands/__tests__/update-step.test.ts [2m([22m[2m12 tests[22m[2m)[22m[32m 21[2mms[22m[39m
 [32m✓[39m src/commands/__tests__/auto-create-coverage-files.test.ts [2m([22m[2m7 tests[22m[2m)[22m[32m 20[2mms[22m[39m
[90mstdout[2m | src/migrations/__tests__/migration-system.test.ts[2m > [22m[2mFeature: Build Migration System[2m > [22m[2mScenario: Automatic migration on first command after upgrade[2m > [22m[2mshould run migration automatically on first command after upgrade
[22m[39m⚠ Migrating work-units.json from v0.6.0 to 0.7.0...

[90mstdout[2m | src/migrations/__tests__/migration-system.test.ts[2m > [22m[2mFeature: Build Migration System[2m > [22m[2mScenario: Automatic migration on first command after upgrade[2m > [22m[2mshould run migration automatically on first command after upgrade
[22m[39mBackup created: spec/work-units.json.backup-0.7.0-1762071868842
Applying: test-migration (0.7.0)

[90mstdout[2m | src/migrations/__tests__/migration-system.test.ts[2m > [22m[2mFeature: Build Migration System[2m > [22m[2mScenario: Automatic migration on first command after upgrade[2m > [22m[2mshould run migration automatically on first command after upgrade
[22m[39m✓ Migration complete: v0.6.0 → 0.7.0

[90mstdout[2m | src/migrations/__tests__/migration-system.test.ts[2m > [22m[2mFeature: Build Migration System[2m > [22m[2mScenario: Migration failure does not corrupt work-units.json[2m > [22m[2mshould preserve original data when migration fails
[22m[39m⚠ Migrating work-units.json from v0.6.0 to 0.7.0...

[90mstdout[2m | src/migrations/__tests__/migration-system.test.ts[2m > [22m[2mFeature: Build Migration System[2m > [22m[2mScenario: Migration failure does not corrupt work-units.json[2m > [22m[2mshould preserve original data when migration fails
[22m[39mBackup created: spec/work-units.json.backup-0.7.0-1762071868847
Applying: failing-migration (0.7.0)

[90mstdout[2m | src/migrations/__tests__/migration-system.test.ts[2m > [22m[2mFeature: Build Migration System[2m > [22m[2mScenario: Add version field to legacy work-units.json[2m > [22m[2mshould add version and migrationHistory fields to legacy file
[22m[39m⚠ Migrating work-units.json from v0.6.0 to 0.7.0...

[90mstdout[2m | src/migrations/__tests__/migration-system.test.ts[2m > [22m[2mFeature: Build Migration System[2m > [22m[2mScenario: Add version field to legacy work-units.json[2m > [22m[2mshould add version and migrationHistory fields to legacy file
[22m[39mBackup created: spec/work-units.json.backup-0.7.0-1762071868849
Applying: add-version-field (0.7.0)

[90mstdout[2m | src/migrations/__tests__/migration-system.test.ts[2m > [22m[2mFeature: Build Migration System[2m > [22m[2mScenario: Add version field to legacy work-units.json[2m > [22m[2mshould add version and migrationHistory fields to legacy file
[22m[39m✓ Migration complete: v0.6.0 → 0.7.0

[90mstdout[2m | src/migrations/__tests__/migration-system.test.ts[2m > [22m[2mFeature: Build Migration System[2m > [22m[2mScenario: Manual migration with explicit version[2m > [22m[2mshould run manual migration with progress output
[22m[39m⚠ Migrating work-units.json from v0.6.0 to 0.7.0...

[90mstdout[2m | src/migrations/__tests__/migration-system.test.ts[2m > [22m[2mFeature: Build Migration System[2m > [22m[2mScenario: Manual migration with explicit version[2m > [22m[2mshould run manual migration with progress output
[22m[39mBackup created: spec/work-units.json.backup-0.7.0-1762071868851
Applying: manual-migration (0.7.0)

[90mstdout[2m | src/migrations/__tests__/migration-system.test.ts[2m > [22m[2mFeature: Build Migration System[2m > [22m[2mScenario: Manual migration with explicit version[2m > [22m[2mshould run manual migration with progress output
[22m[39m✓ Migration complete: v0.6.0 → 0.7.0

[90mstdout[2m | src/migrations/__tests__/migration-system.test.ts[2m > [22m[2mFeature: Build Migration System[2m > [22m[2mScenario: Sequential migrations for multiple version jumps[2m > [22m[2mshould run multiple migrations in sequence
[22m[39m⚠ Migrating work-units.json from v0.6.0 to 0.7.0...

[90mstdout[2m | src/migrations/__tests__/migration-system.test.ts[2m > [22m[2mFeature: Build Migration System[2m > [22m[2mScenario: Sequential migrations for multiple version jumps[2m > [22m[2mshould run multiple migrations in sequence
[22m[39mBackup created: spec/work-units.json.backup-0.7.0-1762071868853
Applying: migration-0.7.0 (0.7.0)

[90mstdout[2m | src/migrations/__tests__/migration-system.test.ts[2m > [22m[2mFeature: Build Migration System[2m > [22m[2mScenario: Sequential migrations for multiple version jumps[2m > [22m[2mshould run multiple migrations in sequence
[22m[39m✓ Migration complete: v0.6.0 → 0.7.0
⚠ Migrating work-units.json from v0.7.0 to 0.8.0...

[90mstdout[2m | src/migrations/__tests__/migration-system.test.ts[2m > [22m[2mFeature: Build Migration System[2m > [22m[2mScenario: Sequential migrations for multiple version jumps[2m > [22m[2mshould run multiple migrations in sequence
[22m[39mBackup created: spec/work-units.json.backup-0.8.0-1762071868854
Applying: migration-0.8.0 (0.8.0)

[90mstdout[2m | src/migrations/__tests__/migration-system.test.ts[2m > [22m[2mFeature: Build Migration System[2m > [22m[2mScenario: Sequential migrations for multiple version jumps[2m > [22m[2mshould run multiple migrations in sequence
[22m[39m✓ Migration complete: v0.7.0 → 0.8.0

[90mstdout[2m | src/migrations/__tests__/migration-system.test.ts[2m > [22m[2mFeature: Build Migration System[2m > [22m[2mScenario: Migration history tracking[2m > [22m[2mshould track migration history with proper structure
[22m[39m⚠ Migrating work-units.json from v0.6.0 to 0.7.0...

[90mstdout[2m | src/migrations/__tests__/migration-system.test.ts[2m > [22m[2mFeature: Build Migration System[2m > [22m[2mScenario: Migration history tracking[2m > [22m[2mshould track migration history with proper structure
[22m[39mBackup created: spec/work-units.json.backup-0.7.0-1762071868856
Applying: history-tracking (0.7.0)

[90mstdout[2m | src/migrations/__tests__/migration-system.test.ts[2m > [22m[2mFeature: Build Migration System[2m > [22m[2mScenario: Migration history tracking[2m > [22m[2mshould track migration history with proper structure
[22m[39m✓ Migration complete: v0.6.0 → 0.7.0

[90mstdout[2m | src/migrations/__tests__/migration-system.test.ts[2m > [22m[2mFeature: Build Migration System[2m > [22m[2mScenario: Rollback migration with down() function[2m > [22m[2mshould rollback migration using down() function
[22m[39mBackup created: spec/work-units.json.backup-rollback-0.7.0-1762071868859
Rolling back: rollback-test (0.7.0)

[90mstdout[2m | src/migrations/__tests__/migration-system.test.ts[2m > [22m[2mFeature: Build Migration System[2m > [22m[2mScenario: Rollback migration with down() function[2m > [22m[2mshould rollback migration using down() function
[22m[39m✓ Rolled back migration: v0.7.0 → v0.6.0

 [32m✓[39m src/migrations/__tests__/migration-system.test.ts [2m([22m[2m10 tests[22m[2m)[22m[32m 23[2mms[22m[39m
 [32m✓[39m src/commands/__tests__/update-scenario.test.ts [2m([22m[2m10 tests[22m[2m)[22m[32m 20[2mms[22m[39m
 [32m✓[39m src/tui/components/__tests__/CheckpointPanel.test.tsx [2m([22m[2m5 tests[22m[2m)[22m[32m 21[2mms[22m[39m
 [32m✓[39m src/commands/__tests__/skip-step-validation-enforcement.test.ts [2m([22m[2m5 tests[22m[2m)[22m[32m 22[2mms[22m[39m
 [32m✓[39m src/commands/__tests__/step-validation.test.ts [2m([22m[2m5 tests[22m[2m)[22m[32m 19[2mms[22m[39m
[90mstdout[2m | src/commands/__tests__/generate-scenarios-docstring-inclusion.test.ts[2m > [22m[2mFeature: generate-scenarios include architecture docstring[2m > [22m[2mScenario: Generated feature file includes architecture docstring[2m > [22m[2mshould include docstring with architecture notes before example mapping comments
[22m[39m⚠ Migrating work-units.json from v0.6.0 to 0.7.0...

[90mstdout[2m | src/commands/__tests__/generate-scenarios-docstring-inclusion.test.ts[2m > [22m[2mFeature: generate-scenarios include architecture docstring[2m > [22m[2mScenario: Generated feature file includes architecture docstring[2m > [22m[2mshould include docstring with architecture notes before example mapping comments
[22m[39mBackup created: spec/work-units.json.backup-0.7.0-1762071869750
Applying: stable-indices (0.7.0)

[90mstdout[2m | src/commands/__tests__/generate-scenarios-docstring-inclusion.test.ts[2m > [22m[2mFeature: generate-scenarios include architecture docstring[2m > [22m[2mScenario: Generated feature file includes architecture docstring[2m > [22m[2mshould include docstring with architecture notes before example mapping comments
[22m[39m✓ Migration complete: v0.6.0 → 0.7.0

[90mstdout[2m | src/commands/__tests__/generate-scenarios-docstring-inclusion.test.ts[2m > [22m[2mFeature: generate-scenarios include architecture docstring[2m > [22m[2mScenario: Generated file structure matches create-feature template[2m > [22m[2mshould match the structure: tags → feature → docstring → comments → background
[22m[39m⚠ Migrating work-units.json from v0.6.0 to 0.7.0...

[90mstdout[2m | src/commands/__tests__/generate-scenarios-docstring-inclusion.test.ts[2m > [22m[2mFeature: generate-scenarios include architecture docstring[2m > [22m[2mScenario: Generated file structure matches create-feature template[2m > [22m[2mshould match the structure: tags → feature → docstring → comments → background
[22m[39mBackup created: spec/work-units.json.backup-0.7.0-1762071869759
Applying: stable-indices (0.7.0)

[90mstdout[2m | src/commands/__tests__/generate-scenarios-docstring-inclusion.test.ts[2m > [22m[2mFeature: generate-scenarios include architecture docstring[2m > [22m[2mScenario: Generated file structure matches create-feature template[2m > [22m[2mshould match the structure: tags → feature → docstring → comments → background
[22m[39m✓ Migration complete: v0.6.0 → 0.7.0

[90mstdout[2m | src/commands/__tests__/generate-scenarios-docstring-inclusion.test.ts[2m > [22m[2mFeature: generate-scenarios include architecture docstring[2m > [22m[2mScenario: Existing tests continue to pass with docstring addition[2m > [22m[2mshould validate docstring presence and correct ordering
[22m[39m⚠ Migrating work-units.json from v0.6.0 to 0.7.0...

[90mstdout[2m | src/commands/__tests__/generate-scenarios-docstring-inclusion.test.ts[2m > [22m[2mFeature: generate-scenarios include architecture docstring[2m > [22m[2mScenario: Existing tests continue to pass with docstring addition[2m > [22m[2mshould validate docstring presence and correct ordering
[22m[39mBackup created: spec/work-units.json.backup-0.7.0-1762071869763
Applying: stable-indices (0.7.0)

[90mstdout[2m | src/commands/__tests__/generate-scenarios-docstring-inclusion.test.ts[2m > [22m[2mFeature: generate-scenarios include architecture docstring[2m > [22m[2mScenario: Existing tests continue to pass with docstring addition[2m > [22m[2mshould validate docstring presence and correct ordering
[22m[39m✓ Migration complete: v0.6.0 → 0.7.0

 [32m✓[39m src/commands/__tests__/generate-scenarios-docstring-inclusion.test.ts [2m([22m[2m3 tests[22m[2m)[22m[32m 21[2mms[22m[39m
[90mstdout[2m | src/commands/__tests__/work-unit-ordering-across-all-kanban-columns.test.ts[2m > [22m[2mFeature: Work unit ordering across all Kanban columns[2m > [22m[2mScenario: Prioritize work unit within specifying column[2m > [22m[2mshould reorder work unit to top of specifying column
[22m[39m⚠ Migrating work-units.json from v0.6.0 to 0.7.0...

[90mstdout[2m | src/commands/__tests__/work-unit-ordering-across-all-kanban-columns.test.ts[2m > [22m[2mFeature: Work unit ordering across all Kanban columns[2m > [22m[2mScenario: Prioritize work unit within specifying column[2m > [22m[2mshould reorder work unit to top of specifying column
[22m[39mBackup created: spec/work-units.json.backup-0.7.0-1762071869893
Applying: stable-indices (0.7.0)

[90mstdout[2m | src/commands/__tests__/work-unit-ordering-across-all-kanban-columns.test.ts[2m > [22m[2mFeature: Work unit ordering across all Kanban columns[2m > [22m[2mScenario: Prioritize work unit within specifying column[2m > [22m[2mshould reorder work unit to top of specifying column
[22m[39m✓ Migration complete: v0.6.0 → 0.7.0

[90mstdout[2m | src/commands/__tests__/work-unit-ordering-across-all-kanban-columns.test.ts[2m > [22m[2mFeature: Work unit ordering across all Kanban columns[2m > [22m[2mScenario: Prioritize work unit within implementing column[2m > [22m[2mshould reorder work unit to top of implementing column
[22m[39m⚠ Migrating work-units.json from v0.6.0 to 0.7.0...

[90mstdout[2m | src/commands/__tests__/work-unit-ordering-across-all-kanban-columns.test.ts[2m > [22m[2mFeature: Work unit ordering across all Kanban columns[2m > [22m[2mScenario: Prioritize work unit within implementing column[2m > [22m[2mshould reorder work unit to top of implementing column
[22m[39mBackup created: spec/work-units.json.backup-0.7.0-1762071869897
Applying: stable-indices (0.7.0)

[90mstdout[2m | src/commands/__tests__/work-unit-ordering-across-all-kanban-columns.test.ts[2m > [22m[2mFeature: Work unit ordering across all Kanban columns[2m > [22m[2mScenario: Prioritize work unit within implementing column[2m > [22m[2mshould reorder work unit to top of implementing column
[22m[39m✓ Migration complete: v0.6.0 → 0.7.0

[90mstdout[2m | src/commands/__tests__/work-unit-ordering-across-all-kanban-columns.test.ts[2m > [22m[2mFeature: Work unit ordering across all Kanban columns[2m > [22m[2mScenario: Error when prioritizing across columns using --before[2m > [22m[2mshould fail when trying to prioritize across different columns
[22m[39m⚠ Migrating work-units.json from v0.6.0 to 0.7.0...

[90mstdout[2m | src/commands/__tests__/work-unit-ordering-across-all-kanban-columns.test.ts[2m > [22m[2mFeature: Work unit ordering across all Kanban columns[2m > [22m[2mScenario: Error when prioritizing across columns using --before[2m > [22m[2mshould fail when trying to prioritize across different columns
[22m[39mBackup created: spec/work-units.json.backup-0.7.0-1762071869900
Applying: stable-indices (0.7.0)

[90mstdout[2m | src/commands/__tests__/work-unit-ordering-across-all-kanban-columns.test.ts[2m > [22m[2mFeature: Work unit ordering across all Kanban columns[2m > [22m[2mScenario: Error when prioritizing across columns using --before[2m > [22m[2mshould fail when trying to prioritize across different columns
[22m[39m✓ Migration complete: v0.6.0 → 0.7.0

[90mstdout[2m | src/commands/__tests__/work-unit-ordering-across-all-kanban-columns.test.ts[2m > [22m[2mFeature: Work unit ordering across all Kanban columns[2m > [22m[2mScenario: Error when prioritizing work unit in done column[2m > [22m[2mshould fail when trying to prioritize done work unit
[22m[39m⚠ Migrating work-units.json from v0.6.0 to 0.7.0...

[90mstdout[2m | src/commands/__tests__/work-unit-ordering-across-all-kanban-columns.test.ts[2m > [22m[2mFeature: Work unit ordering across all Kanban columns[2m > [22m[2mScenario: Error when prioritizing work unit in done column[2m > [22m[2mshould fail when trying to prioritize done work unit
[22m[39mBackup created: spec/work-units.json.backup-0.7.0-1762071869902
Applying: stable-indices (0.7.0)

[90mstdout[2m | src/commands/__tests__/work-unit-ordering-across-all-kanban-columns.test.ts[2m > [22m[2mFeature: Work unit ordering across all Kanban columns[2m > [22m[2mScenario: Error when prioritizing work unit in done column[2m > [22m[2mshould fail when trying to prioritize done work unit
[22m[39m✓ Migration complete: v0.6.0 → 0.7.0

[90mstdout[2m | src/commands/__tests__/work-unit-ordering-across-all-kanban-columns.test.ts[2m > [22m[2mFeature: Work unit ordering across all Kanban columns[2m > [22m[2mScenario: Single work unit in column succeeds as no-op[2m > [22m[2mshould succeed when prioritizing the only work unit in a column
[22m[39m⚠ Migrating work-units.json from v0.6.0 to 0.7.0...

[90mstdout[2m | src/commands/__tests__/work-unit-ordering-across-all-kanban-columns.test.ts[2m > [22m[2mFeature: Work unit ordering across all Kanban columns[2m > [22m[2mScenario: Single work unit in column succeeds as no-op[2m > [22m[2mshould succeed when prioritizing the only work unit in a column
[22m[39mBackup created: spec/work-units.json.backup-0.7.0-1762071869904
Applying: stable-indices (0.7.0)

[90mstdout[2m | src/commands/__tests__/work-unit-ordering-across-all-kanban-columns.test.ts[2m > [22m[2mFeature: Work unit ordering across all Kanban columns[2m > [22m[2mScenario: Single work unit in column succeeds as no-op[2m > [22m[2mshould succeed when prioritizing the only work unit in a column
[22m[39m✓ Migration complete: v0.6.0 → 0.7.0

 [32m✓[39m src/commands/__tests__/work-unit-ordering-across-all-kanban-columns.test.ts [2m([22m[2m5 tests[22m[2m)[22m[32m 18[2mms[22m[39m
 [32m✓[39m src/utils/__tests__/project-root-detection.test.ts [2m([22m[2m6 tests[22m[2m)[22m[32m 18[2mms[22m[39m
 [32m✓[39m src/commands/__tests__/review-agent-agnostic.test.ts [2m([22m[2m4 tests[22m[2m)[22m[32m 21[2mms[22m[39m
[90mstdout[2m | src/utils/__tests__/ensure-files.test.ts[2m > [22m[2mFeature: Automatic JSON File Initialization[2m > [22m[2mScenario: ensureWorkUnitsFile creates file with proper structure[2m > [22m[2mshould create work-units.json with all Kanban states when missing
[22m[39m⚠ Migrating work-units.json from v0.6.0 to 0.7.0...

[90mstdout[2m | src/utils/__tests__/ensure-files.test.ts[2m > [22m[2mFeature: Automatic JSON File Initialization[2m > [22m[2mScenario: ensureWorkUnitsFile creates file with proper structure[2m > [22m[2mshould create work-units.json with all Kanban states when missing
[22m[39mBackup created: spec/work-units.json.backup-0.7.0-1762071870276
Applying: stable-indices (0.7.0)

[90mstdout[2m | src/utils/__tests__/ensure-files.test.ts[2m > [22m[2mFeature: Automatic JSON File Initialization[2m > [22m[2mScenario: ensureWorkUnitsFile creates file with proper structure[2m > [22m[2mshould create work-units.json with all Kanban states when missing
[22m[39m✓ Migration complete: v0.6.0 → 0.7.0

[90mstdout[2m | src/utils/__tests__/ensure-files.test.ts[2m > [22m[2mFeature: Automatic JSON File Initialization[2m > [22m[2mScenario: ensureWorkUnitsFile creates file with proper structure[2m > [22m[2mshould return existing data when file already exists
[22m[39m⚠ Migrating work-units.json from v0.6.0 to 0.7.0...

[90mstdout[2m | src/utils/__tests__/ensure-files.test.ts[2m > [22m[2mFeature: Automatic JSON File Initialization[2m > [22m[2mScenario: ensureWorkUnitsFile creates file with proper structure[2m > [22m[2mshould return existing data when file already exists
[22m[39mBackup created: spec/work-units.json.backup-0.7.0-1762071870280
Applying: stable-indices (0.7.0)

[90mstdout[2m | src/utils/__tests__/ensure-files.test.ts[2m > [22m[2mFeature: Automatic JSON File Initialization[2m > [22m[2mScenario: ensureWorkUnitsFile creates file with proper structure[2m > [22m[2mshould return existing data when file already exists
[22m[39m✓ Migration complete: v0.6.0 → 0.7.0

 [32m✓[39m src/utils/__tests__/ensure-files.test.ts [2m([22m[2m6 tests[22m[2m)[22m[32m 15[2mms[22m[39m
 [32m✓[39m src/commands/__tests__/delete-scenario.test.ts [2m([22m[2m8 tests[22m[2m)[22m[32m 19[2mms[22m[39m
 [32m✓[39m src/commands/__tests__/generate-coverage.test.ts [2m([22m[2m4 tests[22m[2m)[22m[32m 18[2mms[22m[39m
 [32m✓[39m src/commands/__tests__/query-work-units-advanced.test.ts [2m([22m[2m4 tests[22m[2m)[22m[32m 19[2mms[22m[39m
 [32m✓[39m src/commands/__tests__/documentation-validation.test.ts [2m([22m[2m1 test[22m[2m)[22m[32m 16[2mms[22m[39m
[90mstdout[2m | src/commands/__tests__/create-feature-system-reminder.test.ts[2m > [22m[2mFeature: Feature File Prefill Detection and CLI Enforcement[2m > [22m[2mScenario: System-reminder appears after generate-scenarios with prefill[2m > [22m[2mshould include system-reminder when generated scenarios have placeholder steps
[22m[39m⚠ Migrating work-units.json from v0.6.0 to 0.7.0...

[90mstdout[2m | src/commands/__tests__/create-feature-system-reminder.test.ts[2m > [22m[2mFeature: Feature File Prefill Detection and CLI Enforcement[2m > [22m[2mScenario: System-reminder appears after generate-scenarios with prefill[2m > [22m[2mshould include system-reminder when generated scenarios have placeholder steps
[22m[39mBackup created: spec/work-units.json.backup-0.7.0-1762071870931
Applying: stable-indices (0.7.0)

[90mstdout[2m | src/commands/__tests__/create-feature-system-reminder.test.ts[2m > [22m[2mFeature: Feature File Prefill Detection and CLI Enforcement[2m > [22m[2mScenario: System-reminder appears after generate-scenarios with prefill[2m > [22m[2mshould include system-reminder when generated scenarios have placeholder steps
[22m[39m✓ Migration complete: v0.6.0 → 0.7.0

 [32m✓[39m src/commands/__tests__/create-feature-system-reminder.test.ts [2m([22m[2m2 tests[22m[2m)[22m[32m 16[2mms[22m[39m
[90mstdout[2m | src/commands/__tests__/answer-question-rule-item.test.ts[2m > [22m[2mFeature: Answer Question Data Integrity[2m > [22m[2mScenario: Answer question with --add-to rule creates RuleItem object[2m > [22m[2mshould create a RuleItem object with all required fields
[22m[39m⚠ Migrating work-units.json from v0.6.0 to 0.7.0...

[90mstdout[2m | src/commands/__tests__/answer-question-rule-item.test.ts[2m > [22m[2mFeature: Answer Question Data Integrity[2m > [22m[2mScenario: Answer question with --add-to rule creates RuleItem object[2m > [22m[2mshould create a RuleItem object with all required fields
[22m[39mBackup created: spec/work-units.json.backup-0.7.0-1762071871064
Applying: stable-indices (0.7.0)

[90mstdout[2m | src/commands/__tests__/answer-question-rule-item.test.ts[2m > [22m[2mFeature: Answer Question Data Integrity[2m > [22m[2mScenario: Answer question with --add-to rule creates RuleItem object[2m > [22m[2mshould create a RuleItem object with all required fields
[22m[39m✓ Migration complete: v0.6.0 → 0.7.0

[90mstdout[2m | src/commands/__tests__/answer-question-rule-item.test.ts[2m > [22m[2mFeature: Answer Question Data Integrity[2m > [22m[2mScenario: Multiple answer-question calls create sequential IDs[2m > [22m[2mshould create rules with sequential IDs
[22m[39m⚠ Migrating work-units.json from v0.6.0 to 0.7.0...

[90mstdout[2m | src/commands/__tests__/answer-question-rule-item.test.ts[2m > [22m[2mFeature: Answer Question Data Integrity[2m > [22m[2mScenario: Multiple answer-question calls create sequential IDs[2m > [22m[2mshould create rules with sequential IDs
[22m[39mBackup created: spec/work-units.json.backup-0.7.0-1762071871071
Applying: stable-indices (0.7.0)

[90mstdout[2m | src/commands/__tests__/answer-question-rule-item.test.ts[2m > [22m[2mFeature: Answer Question Data Integrity[2m > [22m[2mScenario: Multiple answer-question calls create sequential IDs[2m > [22m[2mshould create rules with sequential IDs
[22m[39m✓ Migration complete: v0.6.0 → 0.7.0

[90mstdout[2m | src/commands/__tests__/answer-question-rule-item.test.ts[2m > [22m[2mFeature: Answer Question Data Integrity[2m > [22m[2mScenario: Existing corrupt data does not affect new additions[2m > [22m[2mshould create valid RuleItem even when existing rules are corrupt
[22m[39m⚠ Migrating work-units.json from v0.6.0 to 0.7.0...

[90mstdout[2m | src/commands/__tests__/answer-question-rule-item.test.ts[2m > [22m[2mFeature: Answer Question Data Integrity[2m > [22m[2mScenario: Existing corrupt data does not affect new additions[2m > [22m[2mshould create valid RuleItem even when existing rules are corrupt
[22m[39mBackup created: spec/work-units.json.backup-0.7.0-1762071871074
Applying: stable-indices (0.7.0)

[90mstdout[2m | src/commands/__tests__/answer-question-rule-item.test.ts[2m > [22m[2mFeature: Answer Question Data Integrity[2m > [22m[2mScenario: Existing corrupt data does not affect new additions[2m > [22m[2mshould create valid RuleItem even when existing rules are corrupt
[22m[39m✓ Migration complete: v0.6.0 → 0.7.0

 [32m✓[39m src/commands/__tests__/answer-question-rule-item.test.ts [2m([22m[2m4 tests[22m[2m)[22m[32m 17[2mms[22m[39m
 [32m✓[39m src/commands/__tests__/workflow-automation.test.ts [2m([22m[2m4 tests[22m[2m)[22m[32m 16[2mms[22m[39m
[90mstdout[2m | src/commands/__tests__/work-unit-query-and-reporting.test.ts[2m > [22m[2mFeature: Work Unit Query and Reporting[2m > [22m[2mScenario: Display Kanban board view[2m > [22m[2mshould show columns for each state with work units
[22m[39m⚠ Migrating work-units.json from v0.6.0 to 0.7.0...

[90mstdout[2m | src/commands/__tests__/work-unit-query-and-reporting.test.ts[2m > [22m[2mFeature: Work Unit Query and Reporting[2m > [22m[2mScenario: Display Kanban board view[2m > [22m[2mshould show columns for each state with work units
[22m[39mBackup created: spec/work-units.json.backup-0.7.0-1762071871364
Applying: stable-indices (0.7.0)

[90mstdout[2m | src/commands/__tests__/work-unit-query-and-reporting.test.ts[2m > [22m[2mFeature: Work Unit Query and Reporting[2m > [22m[2mScenario: Display Kanban board view[2m > [22m[2mshould show columns for each state with work units
[22m[39m✓ Migration complete: v0.6.0 → 0.7.0

 [32m✓[39m src/commands/__tests__/work-unit-query-and-reporting.test.ts [2m([22m[2m7 tests[22m[2m)[22m[32m 17[2mms[22m[39m
 [32m✓[39m src/commands/__tests__/work-unit-estimation-and-metrics.test.ts [2m([22m[2m9 tests[22m[2m)[22m[32m 16[2mms[22m[39m
[90mstdout[2m | src/commands/__tests__/board.test.ts[2m > [22m[2mFeature: Kanban Workflow State Management[2m > [22m[2mScenario: Display Kanban board showing all states[2m > [22m[2mshould display columns for all states with work units
[22m[39m⚠ Migrating work-units.json from v0.6.0 to 0.7.0...

[90mstdout[2m | src/commands/__tests__/board.test.ts[2m > [22m[2mFeature: Kanban Workflow State Management[2m > [22m[2mScenario: Display Kanban board showing all states[2m > [22m[2mshould display columns for all states with work units
[22m[39mBackup created: spec/work-units.json.backup-0.7.0-1762071871685
Applying: stable-indices (0.7.0)

[90mstdout[2m | src/commands/__tests__/board.test.ts[2m > [22m[2mFeature: Kanban Workflow State Management[2m > [22m[2mScenario: Display Kanban board showing all states[2m > [22m[2mshould display columns for all states with work units
[22m[39m✓ Migration complete: v0.6.0 → 0.7.0

[90mstdout[2m | src/commands/__tests__/board.test.ts[2m > [22m[2mFeature: Kanban Workflow State Management[2m > [22m[2mScenario: Limit displayed work units per column with --limit option[2m > [22m[2mshould limit displayed work units and show overflow indicator
[22m[39m⚠ Migrating work-units.json from v0.6.0 to 0.7.0...

[90mstdout[2m | src/commands/__tests__/board.test.ts[2m > [22m[2mFeature: Kanban Workflow State Management[2m > [22m[2mScenario: Limit displayed work units per column with --limit option[2m > [22m[2mshould limit displayed work units and show overflow indicator
[22m[39mBackup created: spec/work-units.json.backup-0.7.0-1762071871691
Applying: stable-indices (0.7.0)

[90mstdout[2m | src/commands/__tests__/board.test.ts[2m > [22m[2mFeature: Kanban Workflow State Management[2m > [22m[2mScenario: Limit displayed work units per column with --limit option[2m > [22m[2mshould limit displayed work units and show overflow indicator
[22m[39m✓ Migration complete: v0.6.0 → 0.7.0

[90mstdout[2m | src/commands/__tests__/board.test.ts[2m > [22m[2mFeature: Kanban Workflow State Management[2m > [22m[2mScenario: Export Kanban board as JSON for programmatic access[2m > [22m[2mshould export board data as valid JSON
[22m[39m⚠ Migrating work-units.json from v0.6.0 to 0.7.0...

[90mstdout[2m | src/commands/__tests__/board.test.ts[2m > [22m[2mFeature: Kanban Workflow State Management[2m > [22m[2mScenario: Export Kanban board as JSON for programmatic access[2m > [22m[2mshould export board data as valid JSON
[22m[39mBackup created: spec/work-units.json.backup-0.7.0-1762071871693
Applying: stable-indices (0.7.0)

[90mstdout[2m | src/commands/__tests__/board.test.ts[2m > [22m[2mFeature: Kanban Workflow State Management[2m > [22m[2mScenario: Export Kanban board as JSON for programmatic access[2m > [22m[2mshould export board data as valid JSON
[22m[39m✓ Migration complete: v0.6.0 → 0.7.0

 [32m✓[39m src/commands/__tests__/board.test.ts [2m([22m[2m3 tests[22m[2m)[22m[32m 18[2mms[22m[39m
 [32m✓[39m src/commands/__tests__/review.test.ts [2m([22m[2m2 tests[22m[2m)[22m[32m 15[2mms[22m[39m
[90mstdout[2m | src/commands/__tests__/prioritize-work-unit-1-based-indexing.test.ts[2m > [22m[2mFeature: 1-based indexing not implemented in prioritize-work-unit[2m > [22m[2mScenario: Position 1 means first item[2m > [22m[2mshould place work unit at first position when using --position 1
[22m[39m⚠ Migrating work-units.json from v0.6.0 to 0.7.0...

[90mstdout[2m | src/commands/__tests__/prioritize-work-unit-1-based-indexing.test.ts[2m > [22m[2mFeature: 1-based indexing not implemented in prioritize-work-unit[2m > [22m[2mScenario: Position 1 means first item[2m > [22m[2mshould place work unit at first position when using --position 1
[22m[39mBackup created: spec/work-units.json.backup-0.7.0-1762071871954
Applying: stable-indices (0.7.0)

[90mstdout[2m | src/commands/__tests__/prioritize-work-unit-1-based-indexing.test.ts[2m > [22m[2mFeature: 1-based indexing not implemented in prioritize-work-unit[2m > [22m[2mScenario: Position 1 means first item[2m > [22m[2mshould place work unit at first position when using --position 1
[22m[39m✓ Migration complete: v0.6.0 → 0.7.0

[90mstdout[2m | src/commands/__tests__/prioritize-work-unit-1-based-indexing.test.ts[2m > [22m[2mFeature: 1-based indexing not implemented in prioritize-work-unit[2m > [22m[2mScenario: Position 3 means third item[2m > [22m[2mshould place work unit at third position when using --position 3
[22m[39m⚠ Migrating work-units.json from v0.6.0 to 0.7.0...

[90mstdout[2m | src/commands/__tests__/prioritize-work-unit-1-based-indexing.test.ts[2m > [22m[2mFeature: 1-based indexing not implemented in prioritize-work-unit[2m > [22m[2mScenario: Position 3 means third item[2m > [22m[2mshould place work unit at third position when using --position 3
[22m[39mBackup created: spec/work-units.json.backup-0.7.0-1762071871959
Applying: stable-indices (0.7.0)

[90mstdout[2m | src/commands/__tests__/prioritize-work-unit-1-based-indexing.test.ts[2m > [22m[2mFeature: 1-based indexing not implemented in prioritize-work-unit[2m > [22m[2mScenario: Position 3 means third item[2m > [22m[2mshould place work unit at third position when using --position 3
[22m[39m✓ Migration complete: v0.6.0 → 0.7.0

[90mstdout[2m | src/commands/__tests__/prioritize-work-unit-1-based-indexing.test.ts[2m > [22m[2mFeature: 1-based indexing not implemented in prioritize-work-unit[2m > [22m[2mScenario: Reject position 0 as invalid[2m > [22m[2mshould fail when using --position 0
[22m[39m⚠ Migrating work-units.json from v0.6.0 to 0.7.0...

[90mstdout[2m | src/commands/__tests__/prioritize-work-unit-1-based-indexing.test.ts[2m > [22m[2mFeature: 1-based indexing not implemented in prioritize-work-unit[2m > [22m[2mScenario: Reject position 0 as invalid[2m > [22m[2mshould fail when using --position 0
[22m[39mBackup created: spec/work-units.json.backup-0.7.0-1762071871962
Applying: stable-indices (0.7.0)

[90mstdout[2m | src/commands/__tests__/prioritize-work-unit-1-based-indexing.test.ts[2m > [22m[2mFeature: 1-based indexing not implemented in prioritize-work-unit[2m > [22m[2mScenario: Reject position 0 as invalid[2m > [22m[2mshould fail when using --position 0
[22m[39m✓ Migration complete: v0.6.0 → 0.7.0

[90mstdout[2m | src/commands/__tests__/prioritize-work-unit-1-based-indexing.test.ts[2m > [22m[2mFeature: 1-based indexing not implemented in prioritize-work-unit[2m > [22m[2mScenario: Reject negative position as invalid[2m > [22m[2mshould fail when using --position -1
[22m[39m⚠ Migrating work-units.json from v0.6.0 to 0.7.0...

[90mstdout[2m | src/commands/__tests__/prioritize-work-unit-1-based-indexing.test.ts[2m > [22m[2mFeature: 1-based indexing not implemented in prioritize-work-unit[2m > [22m[2mScenario: Reject negative position as invalid[2m > [22m[2mshould fail when using --position -1
[22m[39mBackup created: spec/work-units.json.backup-0.7.0-1762071871964
Applying: stable-indices (0.7.0)

[90mstdout[2m | src/commands/__tests__/prioritize-work-unit-1-based-indexing.test.ts[2m > [22m[2mFeature: 1-based indexing not implemented in prioritize-work-unit[2m > [22m[2mScenario: Reject negative position as invalid[2m > [22m[2mshould fail when using --position -1
[22m[39m✓ Migration complete: v0.6.0 → 0.7.0

 [32m✓[39m src/commands/__tests__/prioritize-work-unit-1-based-indexing.test.ts [2m([22m[2m4 tests[22m[2m)[22m[32m 16[2mms[22m[39m
 [32m✓[39m src/commands/__tests__/update-work-unit-estimate-validation.test.ts [2m([22m[2m4 tests[22m[2m)[22m[32m 15[2mms[22m[39m
 [32m✓[39m src/hooks/__tests__/config.test.ts [2m([22m[2m6 tests[22m[2m)[22m[32m 13[2mms[22m[39m
 [32m✓[39m src/hooks/__tests__/script-generation.test.ts [2m([22m[2m10 tests[22m[2m)[22m[32m 16[2mms[22m[39m
 [32m✓[39m src/commands/__tests__/generate-scenarios-bug-naming.test.ts [2m([22m[2m4 tests[22m[2m)[22m[32m 13[2mms[22m[39m
 [32m✓[39m src/commands/__tests__/validate-tags-scenario-level.test.ts [2m([22m[2m2 tests[22m[2m)[22m[32m 17[2mms[22m[39m
[90mstdout[2m | src/commands/__tests__/set-user-story.test.ts[2m > [22m[2mFeature: User Story Management in Work Units[2m > [22m[2mScenario: Set user story fields for work unit[2m > [22m[2mshould set user story with role, action, and benefit
[22m[39m⚠ Migrating work-units.json from v0.6.0 to 0.7.0...

[90mstdout[2m | src/commands/__tests__/set-user-story.test.ts[2m > [22m[2mFeature: User Story Management in Work Units[2m > [22m[2mScenario: Set user story fields for work unit[2m > [22m[2mshould set user story with role, action, and benefit
[22m[39mBackup created: spec/work-units.json.backup-0.7.0-1762071872704
Applying: stable-indices (0.7.0)

[90mstdout[2m | src/commands/__tests__/set-user-story.test.ts[2m > [22m[2mFeature: User Story Management in Work Units[2m > [22m[2mScenario: Set user story fields for work unit[2m > [22m[2mshould set user story with role, action, and benefit
[22m[39m✓ Migration complete: v0.6.0 → 0.7.0

[90mstdout[2m | src/commands/__tests__/set-user-story.test.ts[2m > [22m[2mFeature: User Story Management in Work Units[2m > [22m[2mScenario: Set user story fields for work unit[2m > [22m[2mshould update updatedAt timestamp
[22m[39m⚠ Migrating work-units.json from v0.6.0 to 0.7.0...

[90mstdout[2m | src/commands/__tests__/set-user-story.test.ts[2m > [22m[2mFeature: User Story Management in Work Units[2m > [22m[2mScenario: Set user story fields for work unit[2m > [22m[2mshould update updatedAt timestamp
[22m[39mBackup created: spec/work-units.json.backup-0.7.0-1762071872708
Applying: stable-indices (0.7.0)

[90mstdout[2m | src/commands/__tests__/set-user-story.test.ts[2m > [22m[2mFeature: User Story Management in Work Units[2m > [22m[2mScenario: Set user story fields for work unit[2m > [22m[2mshould update updatedAt timestamp
[22m[39m✓ Migration complete: v0.6.0 → 0.7.0

[90mstdout[2m | src/commands/__tests__/set-user-story.test.ts[2m > [22m[2mFeature: User Story Management in Work Units[2m > [22m[2mScenario: Set user story fields for work unit[2m > [22m[2mshould throw error for non-existent work unit
[22m[39m⚠ Migrating work-units.json from v0.6.0 to 0.7.0...

[90mstdout[2m | src/commands/__tests__/set-user-story.test.ts[2m > [22m[2mFeature: User Story Management in Work Units[2m > [22m[2mScenario: Set user story fields for work unit[2m > [22m[2mshould throw error for non-existent work unit
[22m[39mBackup created: spec/work-units.json.backup-0.7.0-1762071872711
Applying: stable-indices (0.7.0)

[90mstdout[2m | src/commands/__tests__/set-user-story.test.ts[2m > [22m[2mFeature: User Story Management in Work Units[2m > [22m[2mScenario: Set user story fields for work unit[2m > [22m[2mshould throw error for non-existent work unit
[22m[39m✓ Migration complete: v0.6.0 → 0.7.0

 [32m✓[39m src/commands/__tests__/set-user-story.test.ts [2m([22m[2m3 tests[22m[2m)[22m[32m 13[2mms[22m[39m
 [32m✓[39m src/commands/__tests__/bootstrap.test.ts [2m([22m[2m8 tests[22m[2m)[22m[32m 13[2mms[22m[39m
[90mstdout[2m | src/commands/__tests__/remove-question-display-bug.test.ts[2m > [22m[2mFeature: remove-question command shows "[object Object]" instead of question text[2m > [22m[2mScenario: Remove question displays actual question text[2m > [22m[2mshould return the actual question text, not [object Object]
[22m[39m⚠ Migrating work-units.json from v0.6.0 to 0.7.0...

[90mstdout[2m | src/commands/__tests__/remove-question-display-bug.test.ts[2m > [22m[2mFeature: remove-question command shows "[object Object]" instead of question text[2m > [22m[2mScenario: Remove question displays actual question text[2m > [22m[2mshould return the actual question text, not [object Object]
[22m[39mBackup created: spec/work-units.json.backup-0.7.0-1762071872957
Applying: stable-indices (0.7.0)

[90mstdout[2m | src/commands/__tests__/remove-question-display-bug.test.ts[2m > [22m[2mFeature: remove-question command shows "[object Object]" instead of question text[2m > [22m[2mScenario: Remove question displays actual question text[2m > [22m[2mshould return the actual question text, not [object Object]
[22m[39m✓ Migration complete: v0.6.0 → 0.7.0

[90mstdout[2m | src/commands/__tests__/remove-question-display-bug.test.ts[2m > [22m[2mFeature: remove-question command shows "[object Object]" instead of question text[2m > [22m[2mScenario: Remove question with special characters displays correctly[2m > [22m[2mshould return the actual question text with special characters
[22m[39m⚠ Migrating work-units.json from v0.6.0 to 0.7.0...

[90mstdout[2m | src/commands/__tests__/remove-question-display-bug.test.ts[2m > [22m[2mFeature: remove-question command shows "[object Object]" instead of question text[2m > [22m[2mScenario: Remove question with special characters displays correctly[2m > [22m[2mshould return the actual question text with special characters
[22m[39mBackup created: spec/work-units.json.backup-0.7.0-1762071872961
Applying: stable-indices (0.7.0)

[90mstdout[2m | src/commands/__tests__/remove-question-display-bug.test.ts[2m > [22m[2mFeature: remove-question command shows "[object Object]" instead of question text[2m > [22m[2mScenario: Remove question with special characters displays correctly[2m > [22m[2mshould return the actual question text with special characters
[22m[39m✓ Migration complete: v0.6.0 → 0.7.0

 [32m✓[39m src/commands/__tests__/remove-question-display-bug.test.ts [2m([22m[2m2 tests[22m[2m)[22m[32m 11[2mms[22m[39m
 [32m✓[39m src/commands/__tests__/generate-coverage-system-reminder.test.ts [2m([22m[2m4 tests[22m[2m)[22m[32m 16[2mms[22m[39m
 [32m✓[39m src/commands/__tests__/hook-commands.test.ts [2m([22m[2m6 tests[22m[2m)[22m[32m 12[2mms[22m[39m
 [32m✓[39m src/validators/__tests__/validate-json-schema.test.ts [2m([22m[2m7 tests[22m[2m)[22m[32m 13[2mms[22m[39m
[90mstdout[2m | src/commands/__tests__/prioritize-work-unit-data-integrity.test.ts[2m > [22m[2mFeature: Data integrity validation missing in prioritize-work-unit[2m > [22m[2mScenario: Detect work unit in wrong states array[2m > [22m[2mshould throw error when work unit status does not match its states array
[22m[39m⚠ Migrating work-units.json from v0.6.0 to 0.7.0...

[90mstdout[2m | src/commands/__tests__/prioritize-work-unit-data-integrity.test.ts[2m > [22m[2mFeature: Data integrity validation missing in prioritize-work-unit[2m > [22m[2mScenario: Detect work unit in wrong states array[2m > [22m[2mshould throw error when work unit status does not match its states array
[22m[39mBackup created: spec/work-units.json.backup-0.7.0-1762071873502
Applying: stable-indices (0.7.0)

[90mstdout[2m | src/commands/__tests__/prioritize-work-unit-data-integrity.test.ts[2m > [22m[2mFeature: Data integrity validation missing in prioritize-work-unit[2m > [22m[2mScenario: Detect work unit in wrong states array[2m > [22m[2mshould throw error when work unit status does not match its states array
[22m[39m✓ Migration complete: v0.6.0 → 0.7.0

[90mstdout[2m | src/commands/__tests__/prioritize-work-unit-data-integrity.test.ts[2m > [22m[2mFeature: Data integrity validation missing in prioritize-work-unit[2m > [22m[2mScenario: Detect --before target in wrong states array[2m > [22m[2mshould throw error when --before target is not in the same states array
[22m[39m⚠ Migrating work-units.json from v0.6.0 to 0.7.0...

[90mstdout[2m | src/commands/__tests__/prioritize-work-unit-data-integrity.test.ts[2m > [22m[2mFeature: Data integrity validation missing in prioritize-work-unit[2m > [22m[2mScenario: Detect --before target in wrong states array[2m > [22m[2mshould throw error when --before target is not in the same states array
[22m[39mBackup created: spec/work-units.json.backup-0.7.0-1762071873505
Applying: stable-indices (0.7.0)

[90mstdout[2m | src/commands/__tests__/prioritize-work-unit-data-integrity.test.ts[2m > [22m[2mFeature: Data integrity validation missing in prioritize-work-unit[2m > [22m[2mScenario: Detect --before target in wrong states array[2m > [22m[2mshould throw error when --before target is not in the same states array
[22m[39m✓ Migration complete: v0.6.0 → 0.7.0

[90mstdout[2m | src/commands/__tests__/prioritize-work-unit-data-integrity.test.ts[2m > [22m[2mFeature: Data integrity validation missing in prioritize-work-unit[2m > [22m[2mScenario: Valid data passes integrity check[2m > [22m[2mshould succeed when work unit is in correct states array
[22m[39m⚠ Migrating work-units.json from v0.6.0 to 0.7.0...

[90mstdout[2m | src/commands/__tests__/prioritize-work-unit-data-integrity.test.ts[2m > [22m[2mFeature: Data integrity validation missing in prioritize-work-unit[2m > [22m[2mScenario: Valid data passes integrity check[2m > [22m[2mshould succeed when work unit is in correct states array
[22m[39mBackup created: spec/work-units.json.backup-0.7.0-1762071873507
Applying: stable-indices (0.7.0)

[90mstdout[2m | src/commands/__tests__/prioritize-work-unit-data-integrity.test.ts[2m > [22m[2mFeature: Data integrity validation missing in prioritize-work-unit[2m > [22m[2mScenario: Valid data passes integrity check[2m > [22m[2mshould succeed when work unit is in correct states array
[22m[39m✓ Migration complete: v0.6.0 → 0.7.0

 [32m✓[39m src/commands/__tests__/prioritize-work-unit-data-integrity.test.ts [2m([22m[2m3 tests[22m[2m)[22m[32m 13[2mms[22m[39m
 [32m✓[39m src/commands/__tests__/show-foundation.test.ts [2m([22m[2m7 tests[22m[2m)[22m[32m 14[2mms[22m[39m
 [32m✓[39m src/commands/__tests__/delete-diagram.test.ts [2m([22m[2m6 tests[22m[2m)[22m[32m 13[2mms[22m[39m
[90mstdout[2m | src/commands/__tests__/generate-scenarios-tag-placement.test.ts[2m > [22m[2mFeature: Remove work unit ID tags from generate-scenarios[2m > [22m[2mScenario: Generate scenarios adds work unit ID as feature-level tag only[2m > [22m[2mshould add work unit ID as feature-level tag and not on scenarios
[22m[39m⚠ Migrating work-units.json from v0.6.0 to 0.7.0...

[90mstdout[2m | src/commands/__tests__/generate-scenarios-tag-placement.test.ts[2m > [22m[2mFeature: Remove work unit ID tags from generate-scenarios[2m > [22m[2mScenario: Generate scenarios adds work unit ID as feature-level tag only[2m > [22m[2mshould add work unit ID as feature-level tag and not on scenarios
[22m[39mBackup created: spec/work-units.json.backup-0.7.0-1762071873907
Applying: stable-indices (0.7.0)

[90mstdout[2m | src/commands/__tests__/generate-scenarios-tag-placement.test.ts[2m > [22m[2mFeature: Remove work unit ID tags from generate-scenarios[2m > [22m[2mScenario: Generate scenarios adds work unit ID as feature-level tag only[2m > [22m[2mshould add work unit ID as feature-level tag and not on scenarios
[22m[39m✓ Migration complete: v0.6.0 → 0.7.0

 [32m✓[39m src/commands/__tests__/generate-scenarios-tag-placement.test.ts [2m([22m[2m1 test[22m[2m)[22m[32m 12[2mms[22m[39m
[90mstdout[2m | src/commands/__tests__/add-dependency.test.ts[2m > [22m[2mFeature: Automatic JSON File Initialization[2m > [22m[2mScenario: Dependency commands auto-create work-units.json[2m > [22m[2mshould auto-create work-units.json when file is missing
[22m[39m⚠ Migrating work-units.json from v0.6.0 to 0.7.0...

[90mstdout[2m | src/commands/__tests__/add-dependency.test.ts[2m > [22m[2mFeature: Automatic JSON File Initialization[2m > [22m[2mScenario: Dependency commands auto-create work-units.json[2m > [22m[2mshould auto-create work-units.json when file is missing
[22m[39mBackup created: spec/work-units.json.backup-0.7.0-1762071874035
Applying: stable-indices (0.7.0)

[90mstdout[2m | src/commands/__tests__/add-dependency.test.ts[2m > [22m[2mFeature: Automatic JSON File Initialization[2m > [22m[2mScenario: Dependency commands auto-create work-units.json[2m > [22m[2mshould auto-create work-units.json when file is missing
[22m[39m✓ Migration complete: v0.6.0 → 0.7.0

[90mstdout[2m | src/commands/__tests__/add-dependency.test.ts[2m > [22m[2mFeature: Automatic JSON File Initialization[2m > [22m[2mScenario: Dependency commands auto-create work-units.json[2m > [22m[2mshould auto-create work-units.json from scratch if completely missing
[22m[39m⚠ Migrating work-units.json from v0.6.0 to 0.7.0...

[90mstdout[2m | src/commands/__tests__/add-dependency.test.ts[2m > [22m[2mFeature: Automatic JSON File Initialization[2m > [22m[2mScenario: Dependency commands auto-create work-units.json[2m > [22m[2mshould auto-create work-units.json from scratch if completely missing
[22m[39mBackup created: spec/work-units.json.backup-0.7.0-1762071874040
Applying: stable-indices (0.7.0)

[90mstdout[2m | src/commands/__tests__/add-dependency.test.ts[2m > [22m[2mFeature: Automatic JSON File Initialization[2m > [22m[2mScenario: Dependency commands auto-create work-units.json[2m > [22m[2mshould auto-create work-units.json from scratch if completely missing
[22m[39m✓ Migration complete: v0.6.0 → 0.7.0

 [32m✓[39m src/commands/__tests__/add-dependency.test.ts [2m([22m[2m2 tests[22m[2m)[22m[32m 11[2mms[22m[39m
 [32m✓[39m src/commands/__tests__/unlink-coverage.test.ts [2m([22m[2m3 tests[22m[2m)[22m[32m 12[2mms[22m[39m
 [32m✓[39m src/commands/__tests__/remove-tag-from-scenario-bug-009.test.ts [2m([22m[2m4 tests[22m[2m)[22m[32m 13[2mms[22m[39m
[90mstdout[2m | src/commands/__tests__/dependency-bidirectional.test.ts[2m > [22m[2mFeature: Work Unit Dependency Management[2m > [22m[2mScenario: Add blocks relationship creates bidirectional link[2m > [22m[2mshould create both blocks and blockedBy relationships
[22m[39m⚠ Migrating work-units.json from v0.6.0 to 0.7.0...

[90mstdout[2m | src/commands/__tests__/dependency-bidirectional.test.ts[2m > [22m[2mFeature: Work Unit Dependency Management[2m > [22m[2mScenario: Add blocks relationship creates bidirectional link[2m > [22m[2mshould create both blocks and blockedBy relationships
[22m[39mBackup created: spec/work-units.json.backup-0.7.0-1762071874417
Applying: stable-indices (0.7.0)

[90mstdout[2m | src/commands/__tests__/dependency-bidirectional.test.ts[2m > [22m[2mFeature: Work Unit Dependency Management[2m > [22m[2mScenario: Add blocks relationship creates bidirectional link[2m > [22m[2mshould create both blocks and blockedBy relationships
[22m[39m✓ Migration complete: v0.6.0 → 0.7.0

[90mstdout[2m | src/commands/__tests__/dependency-bidirectional.test.ts[2m > [22m[2mFeature: Work Unit Dependency Management[2m > [22m[2mScenario: Remove dependency cleans up both sides of relationship[2m > [22m[2mshould remove both blocks and blockedBy when removing dependency
[22m[39m⚠ Migrating work-units.json from v0.6.0 to 0.7.0...

[90mstdout[2m | src/commands/__tests__/dependency-bidirectional.test.ts[2m > [22m[2mFeature: Work Unit Dependency Management[2m > [22m[2mScenario: Remove dependency cleans up both sides of relationship[2m > [22m[2mshould remove both blocks and blockedBy when removing dependency
[22m[39mBackup created: spec/work-units.json.backup-0.7.0-1762071874423
Applying: stable-indices (0.7.0)

[90mstdout[2m | src/commands/__tests__/dependency-bidirectional.test.ts[2m > [22m[2mFeature: Work Unit Dependency Management[2m > [22m[2mScenario: Remove dependency cleans up both sides of relationship[2m > [22m[2mshould remove both blocks and blockedBy when removing dependency
[22m[39m✓ Migration complete: v0.6.0 → 0.7.0

 [32m✓[39m src/commands/__tests__/dependency-bidirectional.test.ts [2m([22m[2m2 tests[22m[2m)[22m[32m 14[2mms[22m[39m
 [32m✓[39m src/utils/__tests__/git-checkpoint-platform-agnostic.test.ts [2m([22m[2m5 tests[22m[2m)[22m[32m 11[2mms[22m[39m
 [32m✓[39m src/commands/__tests__/validate-tags-work-unit-placement.test.ts [2m([22m[2m2 tests[22m[2m)[22m[32m 11[2mms[22m[39m
 [32m✓[39m src/commands/__tests__/remove-init-files-action-handler.test.ts [2m([22m[2m4 tests[22m[2m)[22m[32m 11[2mms[22m[39m
 [32m✓[39m src/utils/__tests__/config.test.ts [2m([22m[2m5 tests[22m[2m)[22m[32m 10[2mms[22m[39m
 [32m✓[39m src/commands/__tests__/generate-scenarios-naming.test.ts [2m([22m[2m3 tests[22m[2m)[22m[32m 11[2mms[22m[39m
[90mstdout[2m | src/commands/__tests__/add-example.test.ts[2m > [22m[2mFeature: Automatic JSON File Initialization[2m > [22m[2mScenario: Example mapping commands auto-create work-units.json[2m > [22m[2mshould create work-units.json when adding example to non-existent file
[22m[39m⚠ Migrating work-units.json from v0.6.0 to 0.7.0...

[90mstdout[2m | src/commands/__tests__/add-example.test.ts[2m > [22m[2mFeature: Automatic JSON File Initialization[2m > [22m[2mScenario: Example mapping commands auto-create work-units.json[2m > [22m[2mshould create work-units.json when adding example to non-existent file
[22m[39mBackup created: spec/work-units.json.backup-0.7.0-1762071875289
Applying: stable-indices (0.7.0)

[90mstdout[2m | src/commands/__tests__/add-example.test.ts[2m > [22m[2mFeature: Automatic JSON File Initialization[2m > [22m[2mScenario: Example mapping commands auto-create work-units.json[2m > [22m[2mshould create work-units.json when adding example to non-existent file
[22m[39m✓ Migration complete: v0.6.0 → 0.7.0

[90mstdout[2m | src/commands/__tests__/add-example.test.ts[2m > [22m[2mFeature: Automatic JSON File Initialization[2m > [22m[2mScenario: Example mapping commands auto-create work-units.json[2m > [22m[2mshould auto-create work-units.json if completely missing
[22m[39m⚠ Migrating work-units.json from v0.6.0 to 0.7.0...

[90mstdout[2m | src/commands/__tests__/add-example.test.ts[2m > [22m[2mFeature: Automatic JSON File Initialization[2m > [22m[2mScenario: Example mapping commands auto-create work-units.json[2m > [22m[2mshould auto-create work-units.json if completely missing
[22m[39mBackup created: spec/work-units.json.backup-0.7.0-1762071875294
Applying: stable-indices (0.7.0)

[90mstdout[2m | src/commands/__tests__/add-example.test.ts[2m > [22m[2mFeature: Automatic JSON File Initialization[2m > [22m[2mScenario: Example mapping commands auto-create work-units.json[2m > [22m[2mshould auto-create work-units.json if completely missing
[22m[39m✓ Migration complete: v0.6.0 → 0.7.0

 [32m✓[39m src/commands/__tests__/add-example.test.ts [2m([22m[2m2 tests[22m[2m)[22m[32m 12[2mms[22m[39m
 [32m✓[39m src/commands/__tests__/remove-init-files.test.ts [2m([22m[2m4 tests[22m[2m)[22m[32m 21[2mms[22m[39m
 [32m✓[39m src/commands/__tests__/reverse-strategy-d-outside-in-bdd.test.ts [2m([22m[2m3 tests[22m[2m)[22m[32m 11[2mms[22m[39m
 [32m✓[39m src/commands/__tests__/update-foundation-field-chaining.test.ts [2m([22m[2m3 tests[22m[2m)[22m[32m 9[2mms[22m[39m
 [32m✓[39m src/commands/__tests__/discover-foundation-multi-agent.test.ts [2m([22m[2m6 tests[22m[2m)[22m[32m 10[2mms[22m[39m
 [32m✓[39m src/commands/__tests__/reverse-strategy-d.test.ts [2m([22m[2m3 tests[22m[2m)[22m[32m 10[2mms[22m[39m
[90mstdout[2m | src/commands/__tests__/add-persona-draft-support.test.ts[2m > [22m[2mFeature: add-persona draft support[2m > [22m[2mScenario: Add persona to foundation.json.draft during discovery[2m > [22m[2mshould add persona to draft when draft exists
[22m[39m✓ Added persona to foundation.json.draft
  Name: Developer
  Description: Software engineers
  Goals: Build features

[90mstdout[2m | src/commands/__tests__/add-persona-draft-support.test.ts[2m > [22m[2mFeature: add-persona draft support[2m > [22m[2mScenario: Add persona to foundation.json when no draft exists[2m > [22m[2mshould add persona to foundation.json for backward compatibility
[22m[39m✓ Added persona to foundation.json
  Name: User
  Description: End users
  Goals: Use the app

[90mstderr[2m | src/commands/__tests__/add-persona-draft-support.test.ts[2m > [22m[2mFeature: add-persona draft support[2m > [22m[2mScenario: Show helpful error when neither file exists[2m > [22m[2mshould show error with discover-foundation suggestion
[22m[39m✗ foundation.json not found
  Run: fspec discover-foundation to create foundation.json

 [32m✓[39m src/commands/__tests__/add-persona-draft-support.test.ts [2m([22m[2m3 tests[22m[2m)[22m[32m 8[2mms[22m[39m
 [32m✓[39m src/commands/__tests__/dependency-graph.test.ts [2m([22m[2m3 tests[22m[2m)[22m[32m 9[2mms[22m[39m
 [32m✓[39m src/utils/__tests__/scenario-similarity.test.ts [2m([22m[2m31 tests[22m[2m)[22m[32m 10[2mms[22m[39m
[90mstdout[2m | src/commands/__tests__/circular-dependency-detection.test.ts[2m > [22m[2mFeature: Work Unit Dependency Management[2m > [22m[2mScenario: Circular dependency detection prevents A→B→A loops[2m > [22m[2mshould prevent creating circular dependencies
[22m[39m⚠ Migrating work-units.json from v0.6.0 to 0.7.0...

[90mstdout[2m | src/commands/__tests__/circular-dependency-detection.test.ts[2m > [22m[2mFeature: Work Unit Dependency Management[2m > [22m[2mScenario: Circular dependency detection prevents A→B→A loops[2m > [22m[2mshould prevent creating circular dependencies
[22m[39mBackup created: spec/work-units.json.backup-0.7.0-1762071876810
Applying: stable-indices (0.7.0)

[90mstdout[2m | src/commands/__tests__/circular-dependency-detection.test.ts[2m > [22m[2mFeature: Work Unit Dependency Management[2m > [22m[2mScenario: Circular dependency detection prevents A→B→A loops[2m > [22m[2mshould prevent creating circular dependencies
[22m[39m✓ Migration complete: v0.6.0 → 0.7.0

 [32m✓[39m src/commands/__tests__/circular-dependency-detection.test.ts [2m([22m[2m1 test[22m[2m)[22m[32m 9[2mms[22m[39m
[90mstdout[2m | src/commands/__tests__/add-capability-draft-support.test.ts[2m > [22m[2mFeature: add-capability draft support[2m > [22m[2mScenario: Add capability to foundation.json.draft during discovery[2m > [22m[2mshould add capability to draft when draft exists
[22m[39m✓ Added capability to foundation.json.draft
  Name: User Authentication
  Description: Login and registration

[90mstdout[2m | src/commands/__tests__/add-capability-draft-support.test.ts[2m > [22m[2mFeature: add-capability draft support[2m > [22m[2mScenario: Add capability to foundation.json when no draft exists[2m > [22m[2mshould add capability to foundation.json for backward compatibility
[22m[39m✓ Added capability to foundation.json
  Name: Feature
  Description: Description

[90mstderr[2m | src/commands/__tests__/add-capability-draft-support.test.ts[2m > [22m[2mFeature: add-capability draft support[2m > [22m[2mScenario: Show helpful error when neither file exists[2m > [22m[2mshould show error with discover-foundation suggestion
[22m[39m✗ foundation.json not found
  Run: fspec discover-foundation to create foundation.json

 [32m✓[39m src/commands/__tests__/add-capability-draft-support.test.ts [2m([22m[2m3 tests[22m[2m)[22m[32m 9[2mms[22m[39m
 [32m✓[39m src/hooks/__tests__/command-utils.test.ts [2m([22m[2m12 tests[22m[2m)[22m[32m 9[2mms[22m[39m
 [32m✓[39m src/commands/__tests__/audit-coverage.test.ts [2m([22m[2m3 tests[22m[2m)[22m[32m 9[2mms[22m[39m
 [32m✓[39m src/commands/__tests__/stable-indices-bootstrap.test.ts [2m([22m[2m7 tests[22m[2m)[22m[32m 9[2mms[22m[39m
[90mstdout[2m | src/commands/__tests__/add-dependency-auto-block.test.ts[2m > [22m[2mFeature: Work Unit Dependency Management[2m > [22m[2mScenario: Adding blockedBy dependency auto-sets work unit to blocked state[2m > [22m[2mshould auto-transition work unit to blocked when adding blockedBy dependency
[22m[39m⚠ Migrating work-units.json from v0.6.0 to 0.7.0...

[90mstdout[2m | src/commands/__tests__/add-dependency-auto-block.test.ts[2m > [22m[2mFeature: Work Unit Dependency Management[2m > [22m[2mScenario: Adding blockedBy dependency auto-sets work unit to blocked state[2m > [22m[2mshould auto-transition work unit to blocked when adding blockedBy dependency
[22m[39mBackup created: spec/work-units.json.backup-0.7.0-1762071877338
Applying: stable-indices (0.7.0)

[90mstdout[2m | src/commands/__tests__/add-dependency-auto-block.test.ts[2m > [22m[2mFeature: Work Unit Dependency Management[2m > [22m[2mScenario: Adding blockedBy dependency auto-sets work unit to blocked state[2m > [22m[2mshould auto-transition work unit to blocked when adding blockedBy dependency
[22m[39m✓ Migration complete: v0.6.0 → 0.7.0

 [32m✓[39m src/commands/__tests__/add-dependency-auto-block.test.ts [2m([22m[2m1 test[22m[2m)[22m[32m 8[2mms[22m[39m
 [32m✓[39m src/utils/__tests__/file-manager-logging.test.ts [2m([22m[2m5 tests[22m[2m)[22m[32m 8[2mms[22m[39m
[90mstdout[2m | src/commands/__tests__/list-work-units.test.ts[2m > [22m[2mFeature: Automatic JSON File Initialization[2m > [22m[2mScenario: List work units command auto-creates spec/work-units.json when missing[2m > [22m[2mshould create work-units.json with proper structure when missing
[22m[39m⚠ Migrating work-units.json from v0.6.0 to 0.7.0...

[90mstdout[2m | src/commands/__tests__/list-work-units.test.ts[2m > [22m[2mFeature: Automatic JSON File Initialization[2m > [22m[2mScenario: List work units command auto-creates spec/work-units.json when missing[2m > [22m[2mshould create work-units.json with proper structure when missing
[22m[39mBackup created: spec/work-units.json.backup-0.7.0-1762071877564
Applying: stable-indices (0.7.0)

[90mstdout[2m | src/commands/__tests__/list-work-units.test.ts[2m > [22m[2mFeature: Automatic JSON File Initialization[2m > [22m[2mScenario: List work units command auto-creates spec/work-units.json when missing[2m > [22m[2mshould create work-units.json with proper structure when missing
[22m[39m✓ Migration complete: v0.6.0 → 0.7.0

 [32m✓[39m src/commands/__tests__/list-work-units.test.ts [2m([22m[2m1 test[22m[2m)[22m[32m 8[2mms[22m[39m
 [32m✓[39m src/commands/__tests__/critical-path.test.ts [2m([22m[2m2 tests[22m[2m)[22m[32m 8[2mms[22m[39m
 [32m✓[39m src/commands/__tests__/show-work-unit-dependencies.test.ts [2m([22m[2m1 test[22m[2m)[22m[32m 11[2mms[22m[39m
[90mstdout[2m | src/commands/__tests__/update-work-unit-ensure.test.ts[2m > [22m[2mFeature: Automatic JSON File Initialization[2m > [22m[2mScenario: Update work unit command uses ensureWorkUnitsFile instead of direct readFile[2m > [22m[2mshould create work-units.json if missing and update work unit
[22m[39m⚠ Migrating work-units.json from v0.6.0 to 0.7.0...

[90mstdout[2m | src/commands/__tests__/update-work-unit-ensure.test.ts[2m > [22m[2mFeature: Automatic JSON File Initialization[2m > [22m[2mScenario: Update work unit command uses ensureWorkUnitsFile instead of direct readFile[2m > [22m[2mshould create work-units.json if missing and update work unit
[22m[39mBackup created: spec/work-units.json.backup-0.7.0-1762071877940
Applying: stable-indices (0.7.0)

[90mstdout[2m | src/commands/__tests__/update-work-unit-ensure.test.ts[2m > [22m[2mFeature: Automatic JSON File Initialization[2m > [22m[2mScenario: Update work unit command uses ensureWorkUnitsFile instead of direct readFile[2m > [22m[2mshould create work-units.json if missing and update work unit
[22m[39m✓ Migration complete: v0.6.0 → 0.7.0

 [32m✓[39m src/commands/__tests__/update-work-unit-ensure.test.ts [2m([22m[2m1 test[22m[2m)[22m[32m 7[2mms[22m[39m
[90mstdout[2m | src/commands/__tests__/add-capability.test.ts[2m > [22m[2mFeature: Foundation discovery workflow - add-capability command[2m > [22m[2mScenario: Add capability to foundation.json through CLI[2m > [22m[2mshould add a new capability with name and description
[22m[39m✓ Added capability to foundation.json
  Name: Kanban Workflow
  Description: Enforces ACDD phases with visual board

[90mstdout[2m | src/commands/__tests__/add-capability.test.ts[2m > [22m[2mFeature: Foundation discovery workflow - add-capability command[2m > [22m[2mScenario: Add multiple capabilities iteratively[2m > [22m[2mshould preserve existing capabilities when adding new ones
[22m[39m✓ Added capability to foundation.json
  Name: Example Mapping
  Description: Collaborative discovery with rules and examples

[90mstdout[2m | src/commands/__tests__/add-capability.test.ts[2m > [22m[2mFeature: Foundation discovery workflow - add-capability command[2m > [22m[2mScenario: Add multiple capabilities iteratively[2m > [22m[2mshould preserve existing capabilities when adding new ones
[22m[39m✓ Added capability to foundation.json
  Name: Coverage Tracking
  Description: Link scenarios to tests and implementation

 [32m✓[39m src/commands/__tests__/add-capability.test.ts [2m([22m[2m2 tests[22m[2m)[22m[32m 10[2mms[22m[39m
 [32m✓[39m src/commands/__tests__/dependency-chain-depth.test.ts [2m([22m[2m2 tests[22m[2m)[22m[32m 7[2mms[22m[39m
 [32m✓[39m src/commands/__tests__/list-prefixes.test.ts [2m([22m[2m3 tests[22m[2m)[22m[32m 7[2mms[22m[39m
 [32m✓[39m src/commands/__tests__/query-work-units-blocked-by.test.ts [2m([22m[2m1 test[22m[2m)[22m[32m 7[2mms[22m[39m
[90mstdout[2m | src/commands/__tests__/query-dependency-stats.test.ts[2m > [22m[2mFeature: Work Unit Dependency Management[2m > [22m[2mScenario: Query dependency stats shows metrics across all work units[2m > [22m[2mshould calculate dependency statistics correctly
[22m[39m⚠ Migrating work-units.json from v0.6.0 to 0.7.0...

[90mstdout[2m | src/commands/__tests__/query-dependency-stats.test.ts[2m > [22m[2mFeature: Work Unit Dependency Management[2m > [22m[2mScenario: Query dependency stats shows metrics across all work units[2m > [22m[2mshould calculate dependency statistics correctly
[22m[39mBackup created: spec/work-units.json.backup-0.7.0-1762071878493
Applying: stable-indices (0.7.0)

[90mstdout[2m | src/commands/__tests__/query-dependency-stats.test.ts[2m > [22m[2mFeature: Work Unit Dependency Management[2m > [22m[2mScenario: Query dependency stats shows metrics across all work units[2m > [22m[2mshould calculate dependency statistics correctly
[22m[39m✓ Migration complete: v0.6.0 → 0.7.0

 [32m✓[39m src/commands/__tests__/query-dependency-stats.test.ts [2m([22m[2m1 test[22m[2m)[22m[32m 7[2mms[22m[39m
 [32m✓[39m src/utils/__tests__/agentDetection.test.ts [2m([22m[2m8 tests[22m[2m)[22m[32m 7[2mms[22m[39m
 [32m✓[39m src/utils/__tests__/foundation-check.test.ts [2m([22m[2m6 tests[22m[2m)[22m[32m 7[2mms[22m[39m
 [32m✓[39m src/commands/__tests__/impact-analysis.test.ts [2m([22m[2m1 test[22m[2m)[22m[32m 7[2mms[22m[39m
 [32m✓[39m src/utils/__tests__/gherkin-formatter-comment-preservation.test.ts [2m([22m[2m4 tests[22m[2m)[22m[32m 7[2mms[22m[39m
[90mstdout[2m | src/commands/__tests__/remove-persona.test.ts[2m > [22m[2mFeature: remove-persona command[2m > [22m[2mScenario: Remove persona from draft by name[2m > [22m[2mshould remove persona from draft when it exists
[22m[39m✓ Removed persona "Developer" from foundation.json.draft

[90mstderr[2m | src/commands/__tests__/remove-persona.test.ts[2m > [22m[2mFeature: remove-persona command[2m > [22m[2mScenario: Show error when persona not found[2m > [22m[2mshould show error with list of available personas
[22m[39m✗ Persona "NonExistent" not found
  Available personas: Developer, Researcher

 [32m✓[39m src/commands/__tests__/remove-persona.test.ts [2m([22m[2m2 tests[22m[2m)[22m[32m 7[2mms[22m[39m
 [32m✓[39m src/commands/__tests__/show-epic.test.ts [2m([22m[2m3 tests[22m[2m)[22m[32m 6[2mms[22m[39m
(node:19625) [DEP0147] DeprecationWarning: In future versions of Node.js, fs.rmdir(path, { recursive: true }) will be removed. Use fs.rm(path, { recursive: true }) instead
(Use `node --trace-deprecation ...` to show where the warning was created)
 [32m✓[39m src/utils/__tests__/agentRuntimeConfig.test.ts [2m([22m[2m6 tests[22m[2m)[22m[32m 6[2mms[22m[39m
 [32m✓[39m src/commands/__tests__/query-blocked-work-units.test.ts [2m([22m[2m1 test[22m[2m)[22m[32m 5[2mms[22m[39m
 [32m✓[39m src/utils/__tests__/agentRegistry.test.ts [2m([22m[2m9 tests[22m[2m)[22m[32m 5[2mms[22m[39m
 [32m✓[39m src/utils/__tests__/system-reminder.test.ts [2m([22m[2m28 tests[22m[2m)[22m[32m 6[2mms[22m[39m
 [32m✓[39m src/commands/__tests__/list-tags-ensure.test.ts [2m([22m[2m1 test[22m[2m)[22m[32m 6[2mms[22m[39m
[90mstdout[2m | src/commands/__tests__/add-persona.test.ts[2m > [22m[2mFeature: Foundation discovery workflow - add-persona command[2m > [22m[2mScenario: Add persona to foundation.json through CLI[2m > [22m[2mshould add a new persona with name, description, and goals
[22m[39m✓ Added persona to foundation.json
  Name: AI Agent
  Description: Uses fspec to manage specifications
  Goals: Complete foundation discovery without manual editing

 [32m✓[39m src/commands/__tests__/add-persona.test.ts [2m([22m[2m1 test[22m[2m)[22m[32m 5[2mms[22m[39m
 [32m✓[39m src/tui/__tests__/done-column-sorting.test.ts [2m([22m[2m4 tests[22m[2m)[22m[32m 5[2mms[22m[39m
 [32m✓[39m src/hooks/__tests__/documentation.test.ts [2m([22m[2m6 tests[22m[2m)[22m[32m 6[2mms[22m[39m
 [32m✓[39m src/commands/__tests__/stable-indices-help.test.ts [2m([22m[2m9 tests[22m[2m)[22m[32m 6[2mms[22m[39m
[90mstdout[2m | src/commands/__tests__/remove-capability.test.ts[2m > [22m[2mFeature: remove-capability command[2m > [22m[2mScenario: Remove capability from foundation.json by name[2m > [22m[2mshould remove capability from foundation.json when it exists
[22m[39m✓ Removed capability "Mind Mapping" from foundation.json

 [32m✓[39m src/commands/__tests__/remove-capability.test.ts [2m([22m[2m1 test[22m[2m)[22m[32m 5[2mms[22m[39m
 [32m✓[39m src/tui/__tests__/fspecStore-updated-field.test.ts [2m([22m[2m2 tests[22m[2m)[22m[32m 4[2mms[22m[39m
 [32m✓[39m src/tui/components/__tests__/VirtualList-no-percentages.test.tsx [2m([22m[2m12 tests[22m[2m)[22m[32m 3[2mms[22m[39m
 [32m✓[39m src/__tests__/stable-indices-help.test.ts [2m([22m[2m9 tests[22m[2m)[22m[32m 4[2mms[22m[39m
 [32m✓[39m src/commands/__tests__/remove-token-recording.test.ts [2m([22m[2m16 tests[22m[2m)[22m[32m 4[2mms[22m[39m
 [32m✓[39m src/utils/__tests__/agent-agnostic-placeholders.test.ts [2m([22m[2m5 tests[22m[2m)[22m[32m 4[2mms[22m[39m
 [32m✓[39m src/commands/__tests__/eslint-prettier-integration.test.ts [2m([22m[2m10 tests[22m[2m)[22m[32m 4[2mms[22m[39m
 [32m✓[39m src/hooks/__tests__/conditions.test.ts [2m([22m[2m10 tests[22m[2m)[22m[32m 4[2mms[22m[39m
 [32m✓[39m src/git/__tests__/diff-parser.test.ts [2m([22m[2m8 tests[22m[2m)[22m[32m 4[2mms[22m[39m
 [32m✓[39m src/utils/__tests__/prefill-detection.test.ts [2m([22m[2m6 tests[22m[2m)[22m[32m 3[2mms[22m[39m
 [32m✓[39m src/hooks/__tests__/discovery.test.ts [2m([22m[2m6 tests[22m[2m)[22m[32m 3[2mms[22m[39m
 [32m✓[39m src/tui/components/__tests__/board-017-empty-columns.test.ts [2m([22m[2m3 tests[22m[2m)[22m[32m 3[2mms[22m[39m
 [32m✓[39m src/utils/__tests__/step-extraction.test.ts [2m([22m[2m6 tests[22m[2m)[22m[32m 3[2mms[22m[39m
 [32m✓[39m src/utils/__tests__/help-formatter-commonpatterns.test.ts [2m([22m[2m3 tests[22m[2m)[22m[32m 2[2mms[22m[39m
 [32m✓[39m src/commands/__tests__/static-import-enforcement.test.ts [2m([22m[2m2 tests[22m[2m)[22m[32m 3[2mms[22m[39m
 [32m✓[39m src/utils/__tests__/codex-cli-file-paths.test.ts [2m([22m[2m3 tests[22m[2m)[22m[32m 2[2mms[22m[39m
 [32m✓[39m src/hooks/__tests__/formatting.test.ts [2m([22m[2m5 tests[22m[2m)[22m[32m 2[2mms[22m[39m
 [32m✓[39m src/commands/__tests__/init-refactor.test.ts [2m([22m[2m5 tests[22m[2m)[22m[32m 2[2mms[22m[39m
 [32m✓[39m src/utils/__tests__/activationMessage.test.ts [2m([22m[2m5 tests[22m[2m)[22m[32m 2[2mms[22m[39m
 [32m✓[39m src/commands/__tests__/check-validates-tags.test.ts [2m([22m[2m1 test[22m[2m)[22m[32m 2[2mms[22m[39m
 [32m✓[39m src/commands/__tests__/interactive-questionnaire.test.ts [2m([22m[2m4 tests[22m[2m)[22m[32m 2[2mms[22m[39m
 [32m✓[39m src/commands/__tests__/migrate-work-unit-tags.test.ts [2m([22m[2m1 test[22m[2m)[22m[32m 2[2mms[22m[39m
 [32m✓[39m src/guidance/__tests__/automated-discovery-code-analysis.test.ts [2m([22m[2m1 test[22m[2m)[22m[32m 1[2mms[22m[39m

[31m⎯⎯⎯⎯⎯⎯⎯[39m[1m[41m Failed Tests 1 [49m[22m[31m⎯⎯⎯⎯⎯⎯⎯[39m

[41m[1m FAIL [22m[49m src/tui/components/__tests__/VirtualList-mouse-scroll.test.tsx[2m > [22mFeature: Mouse scroll wheel and trackpad support for VirtualList[2m > [22mScenario: Scroll up with mouse wheel in file list[2m > [22mshould scroll viewport up showing items above when mouse wheel scrolled up
[31m[1mAssertionError[22m: expected '  Item 3                             …' to match />\s*Item 21/[39m

[32m- Expected:[39m 
/>\s*Item 21/

[31m+ Received:[39m 
"  Item 3                                                                                           ■
  Item 4                                                                                           ■
  Item 5                                                                                           ■
  Item 6                                                                                           ■
  Item 7                                                                                           ■
  Item 8                                                                                           ■
  Item 9                                                                                           │
  Item 10                                                                                          │
  Item 11                                                                                          │
  Item 12                                                                                          │
  Item 13                                                                                          │
  Item 14                                                                                          │
  Item 15                                                                                          │
  Item 16                                                                                          │
  Item 17                                                                                          │
  Item 18                                                                                          │
  Item 19                                                                                          │
> Item 20                                                                                          │"

[36m [2m❯[22m src/tui/components/__tests__/VirtualList-mouse-scroll.test.tsx:[2m82:24[22m[39m
    [90m 80| [39m      [35mconst[39m midFrame [33m=[39m [34mlastFrame[39m()[33m;[39m
    [90m 81| [39m      [34mexpect[39m(midFrame)[33m.[39m[34mtoBeDefined[39m()[33m;[39m
    [90m 82| [39m      expect(midFrame).toMatch(/>\s*Item 21/); // Should be at Item 21…
    [90m   | [39m                       [31m^[39m
    [90m 83| [39m
    [90m 84| [39m      [90m// When the user scrolls mouse wheel up[39m

[31m[2m⎯⎯⎯⎯⎯⎯⎯⎯⎯⎯⎯⎯⎯⎯⎯⎯⎯⎯⎯⎯⎯⎯⎯⎯[1/1]⎯[22m[39m


[2m Test Files [22m [1m[31m1 failed[39m[22m[2m | [22m[1m[32m256 passed[39m[22m[90m (257)[39m
[2m      Tests [22m [1m[31m1 failed[39m[22m[2m | [22m[1m[32m1868 passed[39m[22m[90m (1869)[39m
[2m   Start at [22m 18:21:53
[2m   Duration [22m 169.04s[2m (transform 3.28s, setup 0ms, collect 17.96s, tests 129.56s, environment 24ms, prepare 1.21s)[22m

