---
source: fspec-tui/src/components/help_dialog.rs
expression: rows
---
- "                                                                                "
- "                                                                                "
- "                                                                                "
- "                                                                                "
- "                                                                                "
- "                                                                                "
- "                                                                                "
- "                        ┌Help─────────────────────────┐                         "
- "                        │j/k     Navigate             │                         "
- "                        │Tab     Switch pane          │                         "
- "                        │?       Toggle this help     │                         "
- "                        │q       Quit fspec-tui       │                         "
- "                        │Enter   Send                 │                         "
- "                        │Ctrl+C  Interrupt            │                         "
- "                        │ESC     Dismiss this dialog  │                         "
- "                        └─────────────────────────────┘                         "
- "                                                                                "
- "                                                                                "
- "                                                                                "
- "                                                                                "
- "                                                                                "
- "                                                                                "
- "                                                                                "
- "                                                                                "
