---
source: fspec-tui/src/components/help_dialog.rs
expression: rows
---
- "                                                                                "
- "                                                                                "
- "  ╭──────────────────────────────────────────────────────────────────────────╮  "
- "  │                                                                          │  "
- "  │ Help                                                                     │  "
- "  │                                                                          │  "
- "  │ Board keybindings:                                                     ■ │  "
- "  │                                                                        ■ │  "
- "  │ ↑/k, ↓/j      Navigate work units                                      ■ │  "
- "  │ ←/h, →/l      Switch column                                            ■ │  "
- "  │ Enter         Work / open focused unit                                 ■ │  "
- "  │ Shift+Right   Open agent view                                          ■ │  "
- "  │ .             New Agent                                                ■ │  "
- "  │ [ / ]         Reorder (up / down)                                      ■ │  "
- "  │ PageUp/PageDn Scroll column                                            │ │  "
- "  │ Home / End    First / Last                                             │ │  "
- "  │ f             Changed Files                                            │ │  "
- "  │ c             Checkpoints                                              │ │  "
- "  │                                                                          │  "
- "  │                               ESC to close                               │  "
- "  │                                                                          │  "
- "  ╰──────────────────────────────────────────────────────────────────────────╯  "
- "                                                                                "
- "                                                                                "
