---
source: fspec-tui/src/components/status_dialog.rs
expression: rows
---
- "                                                                                "
- "                                                                                "
- "                                                                                "
- "                                                                                "
- "                                                                                "
- "                                                                                "
- "                                                                                "
- "                                                                                "
- "             ╭────────────────────────────────────────────────────╮             "
- "             │                                                    │             "
- "             │ Restoring Files                                    │             "
- "             │                                                    │             "
- "             │ file3.txt                                          │             "
- "             │ (3/10)                                             │             "
- "             │                                                    │             "
- "             ╰────────────────────────────────────────────────────╯             "
- "                                                                                "
- "                                                                                "
- "                                                                                "
- "                                                                                "
- "                                                                                "
- "                                                                                "
- "                                                                                "
- "                                                                                "
