---
source: fspec-tui/src/components/disconnect_dialog.rs
expression: rows
---
- "                                                                                "
- "                                                                                "
- "                                                                                "
- "                                                                                "
- "                                                                                "
- "                                                                                "
- "                                                                                "
- "             ╭────────────────────────────────────────────────────╮             "
- "             │                                                    │             "
- "             │ Disconnected                                       │             "
- "             │                                                    │             "
- "             │ daemon disconnected                                │             "
- "             │                                                    │             "
- "             │ q to quit                                          │             "
- "             │ r to reconnect                                     │             "
- "             │                                                    │             "
- "             ╰────────────────────────────────────────────────────╯             "
- "                                                                                "
- "                                                                                "
- "                                                                                "
- "                                                                                "
- "                                                                                "
- "                                                                                "
- "                                                                                "
