---
source: fspec-tui/tests/app_with_mock_backend.rs
expression: rows_dismissed
---
- ┌──────────────────────────────────────────────────────────────────────────────┐
- "│ ┏┓┏┓┏┓┏┓┏┓  Checkpoints: None                                                │"
- │ ┣ ┗┓┃┃┣ ┃                                                                    │
- │ ┻ ┗┛┣┛┗┛┗┛  ──────────────────────────────────────────────────────────────── │
- │   v0.10.8    Kanban Tools Settings Help                           New Agent  │
- ├──────────────────────────────────────────────────────────────────────────────┤
- │                                                                              │
- │                                                                              │
- │                            No work unit selected                             │
- │                                                                              │
- │                                                                              │
- ├───────────┬───────────┬──────────┬──────────┬──────────┬──────────┬──────────┤
- │BACKLOG    │SPECIFYING │TESTING   │IMPLEMENTI│VALIDATING│DONE      │BLOCKED   │
- ├───────────┼───────────┼──────────┼──────────┼──────────┼──────────┼──────────┤
- │           │           │          │          │          │          │          │
- │           │           │          │          │          │          │          │
- │           │           │          │          │          │          │          │
- │           │           │          │          │          │          │          │
- │           │           │          │          │          │          │          │
- │           │           │          │          │          │          │          │
- │           │           │          │          │          │          │          │
- ├───────────┴───────────┴──────────┴──────────┴──────────┴──────────┴──────────┤
- "│← → Cycle Columns → menu items → chips ◆ ↑↓ Work Units ◆ [ Priority Up ◆ ] Pri│"
- └──────────────────────────────────────────────────────────────────────────────┘
