---
source: fspec-tui/tests/app_with_mock_backend_repl.rs
expression: rows
---
- " #1 (AUTH-002): Agent                                        tokens: 0↓ 0↑ [0%] "
- " [ Board View ]  │ [ #1 ● ]                      [ New Agent ]  [ Close Agent ] "
- "You: hi                                                                         "
- "                                                                                "
- "                                                                                "
- "                                                                                "
- "                                                                                "
- "                                                                                "
- "                                                                                "
- "                                                                                "
- "                                                                                "
- "                                                                                "
- "                                                                                "
- "                                                                                "
- "                                                                                "
- "                                                                                "
- "                                                                                "
- "                                                                                "
- "                                                                                "
- "                                                                                "
- "                                                                                "
- "                                                                                "
- "                                                                                "
- " > Type a message... 'Ctrl+J' newline, 'Shift+↑/↓' history, 'Shift+←/→' session "
