---
source: fspec-tui/tests/app_with_mock_backend.rs
assertion_line: 177
expression: rows_dismissed
---
- ┌──────────────────────────────────────────────────────────────────────────────┐
- "│ ┏┓┏┓┏┓┏┓┏┓  Checkpoints: None                                                │"
- │ ┣ ┗┓┃┃┣ ┃                                                                    │
- │ ┻ ┗┛┣┛┗┛┗┛  ──────────────────────────────────────────────────────────────── │
- │   v0.10.3   C Checkpoints ◆ F Changed Files ◆ D FOUNDATION.md ◆ . New Agent  │
- ├──────────────────────────────────────────────────────────────────────────────┤
- │                                                                              │
- │                                                                              │
- │                            No work unit selected                             │
- │                                                                              │
- │                                                                              │
- ├───────────┬───────────┬──────────┬──────────┬──────────┬──────────┬──────────┤
- │BACKLOG    │SPECIFYING │TESTING   │IMPLEMENTI│VALIDATING│DONE      │BLOCKED   │
- ├───────────┼───────────┼──────────┼──────────┼──────────┼──────────┼──────────┤
- │           │           │          │          │          │          │          │
- │           │           │          │          │          │          │          │
- │           │           │          │          │          │          │          │
- │           │           │          │          │          │          │          │
- │           │           │          │          │          │          │          │
- │           │           │          │          │          │          │          │
- │           │           │          │          │          │          │          │
- ├───────────┴───────────┴──────────┴──────────┴──────────┴──────────┴──────────┤
- "│← → Columns ◆ ↑↓ Work Units ◆ [ Priority Up ◆ ] Priority Down ◆ ↵ Work Agent ◆│"
- └──────────────────────────────────────────────────────────────────────────────┘
