---
source: fspec-tui/tests/app_with_mock_backend.rs
assertion_line: 169
expression: rows_visible
---
- ┌──────────────────────────────────────────────────────────────────────────────┐
- "│ ┏┓┏┓┏┓┏┓┏┓  Checkpoints: None                                                │"
- │ ╭──────────────────────────────────────────────────────────────────────────╮ │
- │ │                                                                          │ │
- │ │ Help                                                                     │ │
- ├─│                                                                          │─┤
- "│ │ Board keybindings:                                                     ■ │ │"
- │ │                                                                        ■ │ │
- "│ │ ↑/k, ↓/j      Navigate work units                                      ■ │ │"
- "│ │ ←/h, →/l      Cycle columns → menu items → chips                       ■ │ │"
- │ │ Enter         Work / open focused unit                                 ■ │ │
- ├─│ Enter (item)  Opens its dropdown menu                                  ■ │─┤
- │B│ Enter (chip)  Opens that session                                       │ │ │
- ├─│ Shift+Right   Open agent view                                          │ │─┤
- │ │ .             New Agent                                                │ │ │
- "│ │ [ / ]         Reorder (up / down)                                      │ │ │"
- │ │ PageUp/PageDn Scroll column                                            │ │ │
- │ │ Home / End    First / Last                                             │ │ │
- │ │                                                                          │ │
- │ │                               ESC to close                               │ │
- │ │                                                                          │ │
- ├─╰──────────────────────────────────────────────────────────────────────────╯─┤
- "│← → Cycle Columns → menu items → chips ◆ ↑↓ Work Units ◆ [ Priority Up ◆ ] Pri│"
- └──────────────────────────────────────────────────────────────────────────────┘
