---
source: fspec-tui/tests/app_with_mock_backend.rs
expression: rows_visible
---
- ┌──────────────────────────────────────────────────────────────────────────────┐
- "│ ┏┓┏┓┏┓┏┓┏┓  Checkpoints: None                                                │"
- │ ╭──────────────────────────────────────────────────────────────────────────╮ │
- │ │                                                                          │ │
- │ │ Help                                                                     │ │
- ├─│                                                                          │─┤
- "│ │ Board keybindings:                                                     ■ │ │"
- │ │                                                                        ■ │ │
- "│ │ ↑/k, ↓/j      Navigate work units                                      ■ │ │"
- "│ │ ←/h, →/l      Switch column                                            ■ │ │"
- │ │ Enter         Work / open focused unit                                 ■ │ │
- ├─│ Shift+Right   Open agent view                                          ■ │─┤
- │B│ .             New Agent                                                ■ │ │
- "├─│ [ / ]         Reorder (up / down)                                      ■ │─┤"
- │ │ PageUp/PageDn Scroll column                                            │ │ │
- │ │ Home / End    First / Last                                             │ │ │
- │ │ f             Changed Files                                            │ │ │
- │ │ c             Checkpoints                                              │ │ │
- │ │                                                                          │ │
- │ │                               ESC to close                               │ │
- │ │                                                                          │ │
- ├─╰──────────────────────────────────────────────────────────────────────────╯─┤
- "│← → Columns ◆ ↑↓ Work Units ◆ [ Priority Up ◆ ] Priority Down ◆ ↵ Work Agent ◆│"
- └──────────────────────────────────────────────────────────────────────────────┘
