---
source: fspec-tui/tests/menu005_menu_bar_help.rs
expression: buffer_to_rows(&buf120)
---
- ┌──────────────────────────────────────────────────────────────────────────────────────────────────────────────────────┐
- "│ ┏┓┏┓┏┓┏┓┏┓  Checkpoints: None                                                                                        │"
- │ ┣ ┗┓┃┃┣ ┃                                                                                                            │
- │ ┻ ┗┛┣┛┗┛┗┛  ──────────────────────────────────────────────────────────────────────────────────────────────────────── │
- "│   v0.10.8    Kanban Tools Settings Help  │ #1 ●  #2 ●                                                                │"
- ├──────────────────────────────────────────────────────────────────────────────────────────────────────────────────────┤
- "│AUTH-001: AUTH-001                                                                                                    │"
- │                                                                                                                      │
- │                                                                                                                      │
- "│Attachments: none                                                                                                     │"
- "│Status: backlog                                                                                                       │"
- ├────────────────┬────────────────┬────────────────┬────────────────┬────────────────┬────────────────┬────────────────┤
- │BACKLOG         │SPECIFYING      │TESTING         │IMPLEMENTING    │VALIDATING      │DONE            │BLOCKED         │
- ├────────────────┼────────────────┼────────────────┼────────────────┼────────────────┼────────────────┼────────────────┤
- │AUTH-001        │                │AUTH-002        │                │                │                │AUTH-003        │
- │                │                │                │                │                │                │                │
- │                │                │                │                │                │                │                │
- │                │                │                │                │                │                │                │
- │                │                │                │                │                │                │                │
- │                │                │                │                │                │                │                │
- │                │                │                │                │                │                │                │
- ├────────────────┴────────────────┴────────────────┴────────────────┴────────────────┴────────────────┴────────────────┤
- "│  ← → Cycle Columns → menu items → chips ◆ ↑↓ Work Units ◆ [ Priority Up ◆ ] Priority Down ◆ ↵ Work Agent ◆ ESC Back  │"
- └──────────────────────────────────────────────────────────────────────────────────────────────────────────────────────┘
