---
source: fspec-tui/tests/menu005_menu_bar_help.rs
expression: buffer_to_rows(&buf120)
---
- " #2: Agent                                                                                           tokens: 0↓ 0↑ [0%] "
- " [ Board View ]  │ [ #1 ● ]  [ #2 ● ]                                                    [ New Agent ]  [ Close Agent ] "
- "                                                                                                                        "
- "                                                                                                                        "
- "                                                                                                                        "
- "                                                                                                                        "
- "                                                                                                                        "
- "                                                                                                                        "
- "                                                                                                                        "
- "                                                                                                                        "
- "                                                                                                                        "
- "                                                                                                                        "
- "                                                                                                                        "
- "                                                                                                                        "
- "                                                                                                                        "
- "                                                                                                                        "
- "                                                                                                                        "
- "                                                                                                                        "
- "                                                                                                                        "
- "                                                                                                                        "
- "                                                                                                                        "
- "                                                                                                                        "
- "                                                                                                                        "
- " > Type a message... 'Ctrl+J' newline, 'Shift+↑/↓' history, 'Shift+←/→' sessions, 'Tab' turns                           "
