---
source: fspec-tui/tests/app_with_mock_backend_repl.rs
expression: rows
---
- ┌ Agent — s-mock-1 ────────────────────────────────────────────────────────────┐
- │assistant> Hello!                                                             │
- │                                                                              │
- │                                                                              │
- │                                                                              │
- │                                                                              │
- │                                                                              │
- │                                                                              │
- │                                                                              │
- │                                                                              │
- │                                                                              │
- │                                                                              │
- │                                                                              │
- │                                                                              │
- │                                                                              │
- │                                                                              │
- │                                                                              │
- │                                                                              │
- │                                                                              │
- └──────────────────────────────────────────────────────────────────────────────┘
- ┌Input─────────────────────────────────────────────────────────────────────────┐
- │                                                                              │
- └──────────────────────────────────────────────────────────────────────────────┘
- "Enter=send  Ctrl+C=interrupt  ESC=back                                          "
