---
source: fspec-tui/tests/app_with_mock_backend.rs
expression: rows_visible
---
- ┌──────────────────────────────────────────────────────────────────────────────┐
- "│ ┏┓┏┓┏┓┏┓┏┓  Checkpoints: None                                                │"
- │ ┣ ┗┓┃┃┣ ┃                                                                    │
- │ ┻ ┗┛┣┛┗┛┗┛  ──────────────────────────────────────────────────────────────── │
- │             C Checkpo╭────────────────────────────────╮ION.md ◆ / New Agent  │
- ├──────────────────────│                                │──────────────────────┤
- │                      │ Help                           │                      │
- │                      │                                │                      │
- │                      │ j/k     Navigate               │                      │
- │                      │ Tab     Switch pane            │                      │
- │                      │ ?       Toggle this help       │                      │
- ├───────────┬──────────│ q       Quit fspec-tui         │┬──────────┬──────────┤
- │BACKLOG    │SPECIFYING│ Enter   Send                   ││DONE      │BLOCKED   │
- ├───────────┼──────────│ Ctrl+C  Interrupt              │┼──────────┼──────────┤
- │           │          │ ESC     Dismiss this dialog    ││          │          │
- │           │          │                                ││          │          │
- │           │          │          ESC to close          ││          │          │
- │           │          │                                ││          │          │
- │           │          ╰────────────────────────────────╯│          │          │
- │           │           │          │          │          │          │          │
- │           │           │          │          │          │          │          │
- ├───────────┴───────────┴──────────┴──────────┴──────────┴──────────┴──────────┤
- "│← → Columns ◆ ↑↓ Work Units ◆ [ Priority Up ◆ ] Priority Down ◆ ↵ Work Agent ◆│"
- └──────────────────────────────────────────────────────────────────────────────┘
