---
source: fspec-tui/tests/app_with_mock_backend_repl.rs
assertion_line: 84
expression: rows
---
- ┌──────────────────────────────────────────────────────────────────────────────┐
- "│ ┏┓┏┓┏┓┏┓┏┓  Checkpoints: None                                                │"
- │ ┣ ┗┓┃┃┣ ┃                                                                    │
- │ ┻ ┗┛┣┛┗┛┗┛  ──────────────────────────────────────────────────────────────── │
- │             C Checkpoints ◆ F Changed Files ◆ D FOUNDATION.md ◆ . New Agent  │
- ├──────────────────────────────────────────────────────────────────────────────┤
- │                                                                              │
- │                                                                              │
- │                            No work unit selected                             │
- │                                                                              │
- │                                                                              │
- ├───────────┬───────────┬──────────┬──────────┬──────────┬──────────┬──────────┤
- │BACKLOG    │SPECIFYING │TESTING   │IMPLEMENTI│VALIDATING│DONE      │BLOCKED   │
- ├───────────┼───────────┼──────────┼──────────┼──────────┼──────────┼──────────┤
- │           │           │          │AUTH-002  │          │AUTH-001  │          │
- │           │           │          │          │          │          │          │
- │           │           │          │          │          │          │          │
- │           │           │          │          │          │          │          │
- │           │           │          │          │          │          │          │
- │           │           │          │          │          │          │          │
- │           │           │          │          │          │          │          │
- ├───────────┴───────────┴──────────┴──────────┴──────────┴──────────┴──────────┤
- "│← → Columns ◆ ↑↓ Work Units ◆ [ Priority Up ◆ ] Priority Down ◆ ↵ Work Agent ◆│"
- └──────────────────────────────────────────────────────────────────────────────┘
